Archive member included to satisfy reference by file (symbol)

/opt/STMicro/STM32CubeIDE/plugins/com.st.stm32cube.ide.mcu.externaltools.gnu-tools-for-stm32.9-2020-q2-update.linux64_2.0.0.202105311346/tools/bin/../lib/gcc/arm-none-eabi/9.3.1/../../../../arm-none-eabi/lib/thumb/v7e-m+dp/hard/libc_nano.a(lib_a-errno.o)
                              ./Core/Src/syscalls.o (__errno)
/opt/STMicro/STM32CubeIDE/plugins/com.st.stm32cube.ide.mcu.externaltools.gnu-tools-for-stm32.9-2020-q2-update.linux64_2.0.0.202105311346/tools/bin/../lib/gcc/arm-none-eabi/9.3.1/../../../../arm-none-eabi/lib/thumb/v7e-m+dp/hard/libc_nano.a(lib_a-exit.o)
                              /opt/STMicro/STM32CubeIDE/plugins/com.st.stm32cube.ide.mcu.externaltools.gnu-tools-for-stm32.9-2020-q2-update.linux64_2.0.0.202105311346/tools/bin/../lib/gcc/arm-none-eabi/9.3.1/../../../../arm-none-eabi/lib/thumb/v7e-m+dp/hard/crt0.o (exit)
/opt/STMicro/STM32CubeIDE/plugins/com.st.stm32cube.ide.mcu.externaltools.gnu-tools-for-stm32.9-2020-q2-update.linux64_2.0.0.202105311346/tools/bin/../lib/gcc/arm-none-eabi/9.3.1/../../../../arm-none-eabi/lib/thumb/v7e-m+dp/hard/libc_nano.a(lib_a-impure.o)
                              /opt/STMicro/STM32CubeIDE/plugins/com.st.stm32cube.ide.mcu.externaltools.gnu-tools-for-stm32.9-2020-q2-update.linux64_2.0.0.202105311346/tools/bin/../lib/gcc/arm-none-eabi/9.3.1/../../../../arm-none-eabi/lib/thumb/v7e-m+dp/hard/libc_nano.a(lib_a-exit.o) (_global_impure_ptr)
/opt/STMicro/STM32CubeIDE/plugins/com.st.stm32cube.ide.mcu.externaltools.gnu-tools-for-stm32.9-2020-q2-update.linux64_2.0.0.202105311346/tools/bin/../lib/gcc/arm-none-eabi/9.3.1/../../../../arm-none-eabi/lib/thumb/v7e-m+dp/hard/libc_nano.a(lib_a-init.o)
                              /opt/STMicro/STM32CubeIDE/plugins/com.st.stm32cube.ide.mcu.externaltools.gnu-tools-for-stm32.9-2020-q2-update.linux64_2.0.0.202105311346/tools/bin/../lib/gcc/arm-none-eabi/9.3.1/../../../../arm-none-eabi/lib/thumb/v7e-m+dp/hard/crt0.o (__libc_init_array)
/opt/STMicro/STM32CubeIDE/plugins/com.st.stm32cube.ide.mcu.externaltools.gnu-tools-for-stm32.9-2020-q2-update.linux64_2.0.0.202105311346/tools/bin/../lib/gcc/arm-none-eabi/9.3.1/../../../../arm-none-eabi/lib/thumb/v7e-m+dp/hard/libc_nano.a(lib_a-malloc.o)
                              ./Core/Src/main.o (malloc)
/opt/STMicro/STM32CubeIDE/plugins/com.st.stm32cube.ide.mcu.externaltools.gnu-tools-for-stm32.9-2020-q2-update.linux64_2.0.0.202105311346/tools/bin/../lib/gcc/arm-none-eabi/9.3.1/../../../../arm-none-eabi/lib/thumb/v7e-m+dp/hard/libc_nano.a(lib_a-memcpy-stub.o)
                              ./Core/Src/main.o (memcpy)
/opt/STMicro/STM32CubeIDE/plugins/com.st.stm32cube.ide.mcu.externaltools.gnu-tools-for-stm32.9-2020-q2-update.linux64_2.0.0.202105311346/tools/bin/../lib/gcc/arm-none-eabi/9.3.1/../../../../arm-none-eabi/lib/thumb/v7e-m+dp/hard/libc_nano.a(lib_a-memset.o)
                              /opt/STMicro/STM32CubeIDE/plugins/com.st.stm32cube.ide.mcu.externaltools.gnu-tools-for-stm32.9-2020-q2-update.linux64_2.0.0.202105311346/tools/bin/../lib/gcc/arm-none-eabi/9.3.1/../../../../arm-none-eabi/lib/thumb/v7e-m+dp/hard/crt0.o (memset)
/opt/STMicro/STM32CubeIDE/plugins/com.st.stm32cube.ide.mcu.externaltools.gnu-tools-for-stm32.9-2020-q2-update.linux64_2.0.0.202105311346/tools/bin/../lib/gcc/arm-none-eabi/9.3.1/../../../../arm-none-eabi/lib/thumb/v7e-m+dp/hard/libc_nano.a(lib_a-nano-freer.o)
                              /opt/STMicro/STM32CubeIDE/plugins/com.st.stm32cube.ide.mcu.externaltools.gnu-tools-for-stm32.9-2020-q2-update.linux64_2.0.0.202105311346/tools/bin/../lib/gcc/arm-none-eabi/9.3.1/../../../../arm-none-eabi/lib/thumb/v7e-m+dp/hard/libc_nano.a(lib_a-malloc.o) (_free_r)
/opt/STMicro/STM32CubeIDE/plugins/com.st.stm32cube.ide.mcu.externaltools.gnu-tools-for-stm32.9-2020-q2-update.linux64_2.0.0.202105311346/tools/bin/../lib/gcc/arm-none-eabi/9.3.1/../../../../arm-none-eabi/lib/thumb/v7e-m+dp/hard/libc_nano.a(lib_a-nano-mallocr.o)
                              /opt/STMicro/STM32CubeIDE/plugins/com.st.stm32cube.ide.mcu.externaltools.gnu-tools-for-stm32.9-2020-q2-update.linux64_2.0.0.202105311346/tools/bin/../lib/gcc/arm-none-eabi/9.3.1/../../../../arm-none-eabi/lib/thumb/v7e-m+dp/hard/libc_nano.a(lib_a-malloc.o) (_malloc_r)
/opt/STMicro/STM32CubeIDE/plugins/com.st.stm32cube.ide.mcu.externaltools.gnu-tools-for-stm32.9-2020-q2-update.linux64_2.0.0.202105311346/tools/bin/../lib/gcc/arm-none-eabi/9.3.1/../../../../arm-none-eabi/lib/thumb/v7e-m+dp/hard/libc_nano.a(lib_a-nano-vfprintf_float.o)
                              (_printf_float)
/opt/STMicro/STM32CubeIDE/plugins/com.st.stm32cube.ide.mcu.externaltools.gnu-tools-for-stm32.9-2020-q2-update.linux64_2.0.0.202105311346/tools/bin/../lib/gcc/arm-none-eabi/9.3.1/../../../../arm-none-eabi/lib/thumb/v7e-m+dp/hard/libc_nano.a(lib_a-nano-vfprintf_i.o)
[...]
Memory Configuration

Name             Origin             Length             Attributes
ITCMRAM          0x0000000000000000 0x0000000000010000 xrw
DTCMRAM          0x0000000020000000 0x0000000000020000 xrw
FLASH            0x0000000008000000 0x0000000000080000 xr
RAM_D1           0x0000000024000000 0x0000000000050000 xrw
RAM_D2           0x0000000030000000 0x0000000000008000 xrw
RAM_D3           0x0000000038000000 0x0000000000004000 xrw
*default*        0x0000000000000000 0xffffffffffffffff

Linker script and memory map

LOAD /opt/STMicro/STM32CubeIDE/plugins/com.st.stm32cube.ide.mcu.externaltools.gnu-tools-for-stm32.9-2020-q2-update.linux64_2.0.0.202105311346/tools/bin/../lib/gcc/arm-none-eabi/9.3.1/thumb/v7e-m+dp/hard/crti.o
LOAD /opt/STMicro/STM32CubeIDE/plugins/com.st.stm32cube.ide.mcu.externaltools.gnu-tools-for-stm32.9-2020-q2-update.linux64_2.0.0.202105311346/tools/bin/../lib/gcc/arm-none-eabi/9.3.1/thumb/v7e-m+dp/hard/crtbegin.o
LOAD /opt/STMicro/STM32CubeIDE/plugins/com.st.stm32cube.ide.mcu.externaltools.gnu-tools-for-stm32.9-2020-q2-update.linux64_2.0.0.202105311346/tools/bin/../lib/gcc/arm-none-eabi/9.3.1/../../../../arm-none-eabi/lib/thumb/v7e-m+dp/hard/crt0.o
LOAD ./Core/Src/dwt_stm32_delay.o
LOAD ./Core/Src/main.o
LOAD ./Core/Src/stm32h7xx_hal_msp.o
LOAD ./Core/Src/stm32h7xx_it.o
LOAD ./Core/Src/syscalls.o
LOAD ./Core/Src/sysmem.o
LOAD ./Core/Src/system_stm32h7xx.o
LOAD ./Core/Startup/startup_stm32h723vetx.o
LOAD ./Drivers/STM32H7xx_HAL_Driver/Src/stm32h7xx_hal.o
LOAD ./Drivers/STM32H7xx_HAL_Driver/Src/stm32h7xx_hal_adc.o
LOAD ./Drivers/STM32H7xx_HAL_Driver/Src/stm32h7xx_hal_adc_ex.o
LOAD ./Drivers/STM32H7xx_HAL_Driver/Src/stm32h7xx_hal_cortex.o
LOAD ./Drivers/STM32H7xx_HAL_Driver/Src/stm32h7xx_hal_dac.o
LOAD ./Drivers/STM32H7xx_HAL_Driver/Src/stm32h7xx_hal_dac_ex.o
LOAD ./Drivers/STM32H7xx_HAL_Driver/Src/stm32h7xx_hal_dma.o
LOAD ./Drivers/STM32H7xx_HAL_Driver/Src/stm32h7xx_hal_dma_ex.o
LOAD ./Drivers/STM32H7xx_HAL_Driver/Src/stm32h7xx_hal_exti.o
LOAD ./Drivers/STM32H7xx_HAL_Driver/Src/stm32h7xx_hal_flash.o
LOAD ./Drivers/STM32H7xx_HAL_Driver/Src/stm32h7xx_hal_flash_ex.o
LOAD ./Drivers/STM32H7xx_HAL_Driver/Src/stm32h7xx_hal_gpio.o
LOAD ./Drivers/STM32H7xx_HAL_Driver/Src/stm32h7xx_hal_hsem.o
LOAD ./Drivers/STM32H7xx_HAL_Driver/Src/stm32h7xx_hal_i2c.o
LOAD ./Drivers/STM32H7xx_HAL_Driver/Src/stm32h7xx_hal_i2c_ex.o
LOAD ./Drivers/STM32H7xx_HAL_Driver/Src/stm32h7xx_hal_mdma.o
LOAD ./Drivers/STM32H7xx_HAL_Driver/Src/stm32h7xx_hal_pwr.o
LOAD ./Drivers/STM32H7xx_HAL_Driver/Src/stm32h7xx_hal_pwr_ex.o
LOAD ./Drivers/STM32H7xx_HAL_Driver/Src/stm32h7xx_hal_rcc.o
LOAD ./Drivers/STM32H7xx_HAL_Driver/Src/stm32h7xx_hal_rcc_ex.o
LOAD ./Drivers/STM32H7xx_HAL_Driver/Src/stm32h7xx_hal_spi.o
LOAD ./Drivers/STM32H7xx_HAL_Driver/Src/stm32h7xx_hal_spi_ex.o
LOAD ./Drivers/STM32H7xx_HAL_Driver/Src/stm32h7xx_hal_tim.o
LOAD ./Drivers/STM32H7xx_HAL_Driver/Src/stm32h7xx_hal_tim_ex.o
LOAD ./Drivers/STM32H7xx_HAL_Driver/Src/stm32h7xx_hal_uart.o
LOAD ./Drivers/STM32H7xx_HAL_Driver/Src/stm32h7xx_hal_uart_ex.o
START GROUP
LOAD /opt/STMicro/STM32CubeIDE/plugins/com.st.stm32cube.ide.mcu.externaltools.gnu-tools-for-stm32.9-2020-q2-update.linux64_2.0.0.202105311346/tools/bin/../lib/gcc/arm-none-eabi/9.3.1/../../../../arm-none-eabi/lib/thumb/v7e-m+dp/hard/libc_nano.a
LOAD /opt/STMicro/STM32CubeIDE/plugins/com.st.stm32cube.ide.mcu.externaltools.gnu-tools-for-stm32.9-2020-q2-update.linux64_2.0.0.202105311346/tools/bin/../lib/gcc/arm-none-eabi/9.3.1/../../../../arm-none-eabi/lib/thumb/v7e-m+dp/hard/libm.a
END GROUP
START GROUP
LOAD /opt/STMicro/STM32CubeIDE/plugins/com.st.stm32cube.ide.mcu.externaltools.gnu-tools-for-stm32.9-2020-q2-update.linux64_2.0.0.202105311346/tools/bin/../lib/gcc/arm-none-eabi/9.3.1/thumb/v7e-m+dp/hard/libgcc.a
LOAD /opt/STMicro/STM32CubeIDE/plugins/com.st.stm32cube.ide.mcu.externaltools.gnu-tools-for-stm32.9-2020-q2-update.linux64_2.0.0.202105311346/tools/bin/../lib/gcc/arm-none-eabi/9.3.1/../../../../arm-none-eabi/lib/thumb/v7e-m+dp/hard/libc_nano.a
END GROUP
START GROUP
LOAD /opt/STMicro/STM32CubeIDE/plugins/com.st.stm32cube.ide.mcu.externaltools.gnu-tools-for-stm32.9-2020-q2-update.linux64_2.0.0.202105311346/tools/bin/../lib/gcc/arm-none-eabi/9.3.1/thumb/v7e-m+dp/hard/libgcc.a
LOAD /opt/STMicro/STM32CubeIDE/plugins/com.st.stm32cube.ide.mcu.externaltools.gnu-tools-for-stm32.9-2020-q2-update.linux64_2.0.0.202105311346/tools/bin/../lib/gcc/arm-none-eabi/9.3.1/../../../../arm-none-eabi/lib/thumb/v7e-m+dp/hard/libc_nano.a
LOAD /opt/STMicro/STM32CubeIDE/plugins/com.st.stm32cube.ide.mcu.externaltools.gnu-tools-for-stm32.9-2020-q2-update.linux64_2.0.0.202105311346/tools/bin/../lib/gcc/arm-none-eabi/9.3.1/../../../../arm-none-eabi/lib/thumb/v7e-m+dp/hard/libnosys.a
END GROUP
START GROUP
LOAD /opt/STMicro/STM32CubeIDE/plugins/com.st.stm32cube.ide.mcu.externaltools.gnu-tools-for-stm32.9-2020-q2-update.linux64_2.0.0.202105311346/tools/bin/../lib/gcc/arm-none-eabi/9.3.1/thumb/v7e-m+dp/hard/libgcc.a
LOAD /opt/STMicro/STM32CubeIDE/plugins/com.st.stm32cube.ide.mcu.externaltools.gnu-tools-for-stm32.9-2020-q2-update.linux64_2.0.0.202105311346/tools/bin/../lib/gcc/arm-none-eabi/9.3.1/../../../../arm-none-eabi/lib/thumb/v7e-m+dp/hard/libc_nano.a
LOAD /opt/STMicro/STM32CubeIDE/plugins/com.st.stm32cube.ide.mcu.externaltools.gnu-tools-for-stm32.9-2020-q2-update.linux64_2.0.0.202105311346/tools/bin/../lib/gcc/arm-none-eabi/9.3.1/../../../../arm-none-eabi/lib/thumb/v7e-m+dp/hard/libnosys.a
END GROUP
LOAD /opt/STMicro/STM32CubeIDE/plugins/com.st.stm32cube.ide.mcu.externaltools.gnu-tools-for-stm32.9-2020-q2-update.linux64_2.0.0.202105311346/tools/bin/../lib/gcc/arm-none-eabi/9.3.1/thumb/v7e-m+dp/hard/crtend.o
LOAD /opt/STMicro/STM32CubeIDE/plugins/com.st.stm32cube.ide.mcu.externaltools.gnu-tools-for-stm32.9-2020-q2-update.linux64_2.0.0.202105311346/tools/bin/../lib/gcc/arm-none-eabi/9.3.1/thumb/v7e-m+dp/hard/crtn.o
                0x0000000024050000                _estack = (ORIGIN (RAM_D1) + LENGTH (RAM_D1))
                0x0000000000000200                _Min_Heap_Size = 0x200
                0x0000000000000400                _Min_Stack_Size = 0x400

.isr_vector     0x0000000008000000      0x2cc
                0x0000000008000000                . = ALIGN (0x4)
 *(.isr_vector)
 .isr_vector    0x0000000008000000      0x2cc ./Core/Startup/startup_stm32h723vetx.o
                0x0000000008000000                g_pfnVectors
                0x00000000080002cc                . = ALIGN (0x4)

.text           0x00000000080002d0    0x16a90
                0x00000000080002d0                . = ALIGN (0x4)
 *(.text)
 .text          0x00000000080002d0       0x40 /opt/STMicro/STM32CubeIDE/plugins/com.st.stm32cube.ide.mcu.externaltools.gnu-tools-for-stm32.9-2020-q2-update.linux64_2.0.0.202105311346/tools/bin/../lib/gcc/arm-none-eabi/9.3.1/thumb/v7e-m+dp/hard/crtbegin.o
 .text          0x0000000008000310       0x10 /opt/STMicro/STM32CubeIDE/plugins/com.st.stm32cube.ide.mcu.externaltools.gnu-tools-for-stm32.9-2020-q2-update.linux64_2.0.0.202105311346/tools/bin/../lib/gcc/arm-none-eabi/9.3.1/../../../../arm-none-eabi/lib/thumb/v7e-m+dp/hard/libc_nano.a(lib_a-strlen.o)
                0x0000000008000310                strlen
 .text          0x0000000008000320       0xa0 /opt/STMicro/STM32CubeIDE/plugins/com.st.stm32cube.ide.mcu.externaltools.gnu-tools-for-stm32.9-2020-q2-update.linux64_2.0.0.202105311346/tools/bin/../lib/gcc/arm-none-eabi/9.3.1/../../../../arm-none-eabi/lib/thumb/v7e-m+dp/hard/libc_nano.a(lib_a-memchr.o)
                0x0000000008000320                memchr
 .text          0x00000000080003c0      0x378 /opt/STMicro/STM32CubeIDE/plugins/com.st.stm32cube.ide.mcu.externaltools.gnu-tools-for-stm32.9-2020-q2-update.linux64_2.0.0.202105311346/tools/bin/../lib/gcc/arm-none-eabi/9.3.1/thumb/v7e-m+dp/hard/libgcc.a(_arm_addsubdf3.o)
                0x00000000080003c0                __aeabi_drsub
                0x00000000080003c8                __aeabi_dsub
                0x00000000080003c8                __subdf3
                0x00000000080003cc                __adddf3
                0x00000000080003cc                __aeabi_dadd
                0x0000000008000644                __aeabi_ui2d
                0x0000000008000644                __floatunsidf
                0x0000000008000664                __floatsidf
                0x0000000008000664                __aeabi_i2d
                0x0000000008000688                __extendsfdf2
                0x0000000008000688                __aeabi_f2d
                0x00000000080006cc                __aeabi_ul2d
                0x00000000080006cc                __floatundidf
                0x00000000080006dc                __floatdidf
                0x00000000080006dc                __aeabi_l2d
 .text          0x0000000008000738       0x30 /opt/STMicro/STM32CubeIDE/plugins/com.st.stm32cube.ide.mcu.externaltools.gnu-tools-for-stm32.9-2020-q2-update.linux64_2.0.0.202105311346/tools/bin/../lib/gcc/arm-none-eabi/9.3.1/thumb/v7e-m+dp/hard/libgcc.a(_aeabi_uldivmod.o)
                0x0000000008000738                __aeabi_uldivmod
 .text          0x0000000008000768       0x30 /opt/STMicro/STM32CubeIDE/plugins/com.st.stm32cube.ide.mcu.externaltools.gnu-tools-for-stm32.9-2020-q2-update.linux64_2.0.0.202105311346/tools/bin/../lib/gcc/arm-none-eabi/9.3.1/thumb/v7e-m+dp/hard/libgcc.a(_fixdfdi.o)
                0x0000000008000768                __aeabi_d2lz
                0x0000000008000768                __fixdfdi
 .text          0x0000000008000798       0x40 /opt/STMicro/STM32CubeIDE/plugins/com.st.stm32cube.ide.mcu.externaltools.gnu-tools-for-stm32.9-2020-q2-update.linux64_2.0.0.202105311346/tools/bin/../lib/gcc/arm-none-eabi/9.3.1/thumb/v7e-m+dp/hard/libgcc.a(_fixunsdfdi.o)
                0x0000000008000798                __aeabi_d2ulz
                0x0000000008000798                __fixunsdfdi
 .text          0x00000000080007d8      0x2c4 /opt/STMicro/STM32CubeIDE/plugins/com.st.stm32cube.ide.mcu.externaltools.gnu-tools-for-stm32.9-2020-q2-update.linux64_2.0.0.202105311346/tools/bin/../lib/gcc/arm-none-eabi/9.3.1/thumb/v7e-m+dp/hard/libgcc.a(_udivmoddi4.o)
                0x00000000080007d8                __udivmoddi4
 .text          0x0000000008000a9c        0x4 /opt/STMicro/STM32CubeIDE/plugins/com.st.stm32cube.ide.mcu.externaltools.gnu-tools-for-stm32.9-2020-q2-update.linux64_2.0.0.202105311346/tools/bin/../lib/gcc/arm-none-eabi/9.3.1/thumb/v7e-m+dp/hard/libgcc.a(_dvmd_tls.o)
                0x0000000008000a9c                __aeabi_ldiv0
                0x0000000008000a9c                __aeabi_idiv0
 *(.text*)
 .text.DWT_Delay_Init
                0x0000000008000aa0       0x60 ./Core/Src/dwt_stm32_delay.o
                0x0000000008000aa0                DWT_Delay_Init
 .text.ITM_SendChar
                0x0000000008000b00       0x4e ./Core/Src/main.o
 *fill*         0x0000000008000b4e        0x2 
 .text.DWT_Delay_us
                0x0000000008000b50       0x48 ./Core/Src/main.o
 .text.HMC832_readReg3U8
                0x0000000008000b98      0x15c ./Core/Src/main.o
                0x0000000008000b98                HMC832_readReg3U8
 .text.HMC832_writeReg
                0x0000000008000cf4       0xa0 ./Core/Src/main.o
                0x0000000008000cf4                HMC832_writeReg
 .text.PE43712_writeReg
                0x0000000008000d94       0x64 ./Core/Src/main.o
                0x0000000008000d94                PE43712_writeReg
 .text.addLast  0x0000000008000df8       0x58 ./Core/Src/main.o
                0x0000000008000df8                addLast
 .text.delete   0x0000000008000e50       0x3e ./Core/Src/main.o
                0x0000000008000e50                delete
 *fill*         0x0000000008000e8e        0x2 
 .text.level2Power
                0x0000000008000e90       0x88 ./Core/Src/main.o
                0x0000000008000e90                level2Power
 .text.contBinSearch
                0x0000000008000f18      0x18c ./Core/Src/main.o
                0x0000000008000f18                contBinSearch
 *fill*         0x00000000080010a4        0x4 
 .text.calPowerRSSI
                0x00000000080010a8       0x9c ./Core/Src/main.o
                0x00000000080010a8                calPowerRSSI
 .text.hcf      0x0000000008001144       0x36 ./Core/Src/main.o
                0x0000000008001144                hcf
 *fill*         0x000000000800117a        0x2 
 .text.valTestInit
                0x000000000800117c       0x84 ./Core/Src/main.o
                0x000000000800117c                valTestInit
 .text.softfilterWBW
                0x0000000008001200      0x39c ./Core/Src/main.o
                0x0000000008001200                softfilterWBW
 .text.softfilterNBW
                0x000000000800159c      0x728 ./Core/Src/main.o
                0x000000000800159c                softfilterNBW
 *fill*         0x0000000008001cc4        0x4 
 .text.hexatofloat
                0x0000000008001cc8      0x16c ./Core/Src/main.o
                0x0000000008001cc8                hexatofloat
 .text.crc8     0x0000000008001e34       0x46 ./Core/Src/main.o
                0x0000000008001e34                crc8
 *fill*         0x0000000008001e7a        0x2 
 .text.waitExecCtl
                0x0000000008001e7c       0xc0 ./Core/Src/main.o
                0x0000000008001e7c                waitExecCtl
 .text.setExecCtl
                0x0000000008001f3c       0xac ./Core/Src/main.o
                0x0000000008001f3c                setExecCtl
 .text.rtsLock  0x0000000008001fe8       0x9c ./Core/Src/main.o
                0x0000000008001fe8                rtsLock
 .text.nsdelay  0x0000000008002084       0x34 ./Core/Src/main.o
                0x0000000008002084                nsdelay
 .text.std_rs485_rxGetId
                0x00000000080020b8       0x40 ./Core/Src/main.o
                0x00000000080020b8                std_rs485_rxGetId
 .text.x68_rxCrcCheck8
                0x00000000080020f8       0x4c ./Core/Src/main.o
                0x00000000080020f8                x68_rxCrcCheck8
 .text.x68_txProcess
                0x0000000008002144       0xc8 ./Core/Src/main.o
                0x0000000008002144                x68_txProcess
 .text.x68_txFreq
                0x000000000800220c       0xbc ./Core/Src/main.o
                0x000000000800220c                x68_txFreq
 .text.x68_txFreqNpwr
                0x00000000080022c8      0x184 ./Core/Src/main.o
                0x00000000080022c8                x68_txFreqNpwr
 .text.x68_txEcho
                0x000000000800244c       0x5c ./Core/Src/main.o
                0x000000000800244c                x68_txEcho
 .text.rfSensing
                0x00000000080024a8      0xf70 ./Core/Src/main.o
                0x00000000080024a8                rfSensing
 .text.x68_rxProcess
                0x0000000008003418      0x320 ./Core/Src/main.o
                0x0000000008003418                x68_rxProcess
 .text.comm_rs485_rtxProcess
                0x0000000008003738      0x100 ./Core/Src/main.o
                0x0000000008003738                comm_rs485_rtxProcess
 .text._write   0x0000000008003838       0x3c ./Core/Src/main.o
                0x0000000008003838                _write
 .text.HAL_ADC_ConvHalfCpltCallback
                0x0000000008003874       0x2c ./Core/Src/main.o
                0x0000000008003874                HAL_ADC_ConvHalfCpltCallback
 .text.HAL_ADC_ConvCpltCallback
                0x00000000080038a0       0x2c ./Core/Src/main.o
                0x00000000080038a0                HAL_ADC_ConvCpltCallback
 .text.HAL_TIM_PeriodElapsedCallback
                0x00000000080038cc       0x3c ./Core/Src/main.o
                0x00000000080038cc                HAL_TIM_PeriodElapsedCallback
 .text.main     0x0000000008003908      0x4b8 ./Core/Src/main.o
                0x0000000008003908                main
 .text.SystemClock_Config
                0x0000000008003dc0       0xf0 ./Core/Src/main.o
                0x0000000008003dc0                SystemClock_Config
 .text.PeriphCommonClock_Config
                0x0000000008003eb0       0x5e ./Core/Src/main.o
                0x0000000008003eb0                PeriphCommonClock_Config
 *fill*         0x0000000008003f0e        0x2 
 .text.MX_ADC1_Init
                0x0000000008003f10       0xf8 ./Core/Src/main.o
 .text.MX_DAC1_Init
                0x0000000008004008       0x64 ./Core/Src/main.o
 .text.MX_SPI1_Init
                0x000000000800406c       0xdc ./Core/Src/main.o
 .text.MX_SPI2_Init
                0x0000000008004148       0xb0 ./Core/Src/main.o
 .text.MX_TIM3_Init
                0x00000000080041f8       0x9c ./Core/Src/main.o
 .text.MX_TIM6_Init
                0x0000000008004294       0x6c ./Core/Src/main.o
 .text.MX_USART1_UART_Init
                0x0000000008004300       0x98 ./Core/Src/main.o
 .text.MX_DMA_Init
                0x0000000008004398       0x40 ./Core/Src/main.o
 .text.MX_GPIO_Init
                0x00000000080043d8      0x1e8 ./Core/Src/main.o
 .text.SPECIAL_MX_GPIO_Init
                0x00000000080045c0       0x7c ./Core/Src/main.o
                0x00000000080045c0                SPECIAL_MX_GPIO_Init
 .text.HAL_UART_RxCpltCallback
                0x000000000800463c       0x88 ./Core/Src/main.o
                0x000000000800463c                HAL_UART_RxCpltCallback
 .text.Error_Handler
                0x00000000080046c4        0xa ./Core/Src/main.o
                0x00000000080046c4                Error_Handler
 *fill*         0x00000000080046ce        0x2 
 .text.HAL_MspInit
                0x00000000080046d0       0x34 ./Core/Src/stm32h7xx_hal_msp.o
                0x00000000080046d0                HAL_MspInit
 .text.HAL_ADC_MspInit
                0x0000000008004704      0x100 ./Core/Src/stm32h7xx_hal_msp.o
                0x0000000008004704                HAL_ADC_MspInit
 .text.HAL_DAC_MspInit
                0x0000000008004804       0x9c ./Core/Src/stm32h7xx_hal_msp.o
                0x0000000008004804                HAL_DAC_MspInit
 .text.HAL_SPI_MspInit
                0x00000000080048a0      0x228 ./Core/Src/stm32h7xx_hal_msp.o
                0x00000000080048a0                HAL_SPI_MspInit
 .text.HAL_SPI_MspDeInit
                0x0000000008004ac8       0x78 ./Core/Src/stm32h7xx_hal_msp.o
                0x0000000008004ac8                HAL_SPI_MspDeInit
 .text.HAL_TIM_Base_MspInit
                0x0000000008004b40       0x90 ./Core/Src/stm32h7xx_hal_msp.o
                0x0000000008004b40                HAL_TIM_Base_MspInit
 .text.HAL_UART_MspInit
                0x0000000008004bd0       0xdc ./Core/Src/stm32h7xx_hal_msp.o
                0x0000000008004bd0                HAL_UART_MspInit
 .text.NMI_Handler
                0x0000000008004cac        0x6 ./Core/Src/stm32h7xx_it.o
                0x0000000008004cac                NMI_Handler
 .text.HardFault_Handler
                0x0000000008004cb2        0x6 ./Core/Src/stm32h7xx_it.o
                0x0000000008004cb2                HardFault_Handler
 .text.MemManage_Handler
                0x0000000008004cb8        0x6 ./Core/Src/stm32h7xx_it.o
                0x0000000008004cb8                MemManage_Handler
 .text.BusFault_Handler
                0x0000000008004cbe        0x6 ./Core/Src/stm32h7xx_it.o
                0x0000000008004cbe                BusFault_Handler
 .text.UsageFault_Handler
                0x0000000008004cc4        0x6 ./Core/Src/stm32h7xx_it.o
                0x0000000008004cc4                UsageFault_Handler
 .text.SVC_Handler
                0x0000000008004cca        0xe ./Core/Src/stm32h7xx_it.o
                0x0000000008004cca                SVC_Handler
 .text.DebugMon_Handler
                0x0000000008004cd8        0xe ./Core/Src/stm32h7xx_it.o
                0x0000000008004cd8                DebugMon_Handler
 .text.PendSV_Handler
                0x0000000008004ce6        0xe ./Core/Src/stm32h7xx_it.o
                0x0000000008004ce6                PendSV_Handler
 .text.SysTick_Handler
                0x0000000008004cf4        0xc ./Core/Src/stm32h7xx_it.o
                0x0000000008004cf4                SysTick_Handler
 .text.DMA1_Stream0_IRQHandler
                0x0000000008004d00       0x14 ./Core/Src/stm32h7xx_it.o
                0x0000000008004d00                DMA1_Stream0_IRQHandler
 .text.ADC_IRQHandler
                0x0000000008004d14       0x14 ./Core/Src/stm32h7xx_it.o
                0x0000000008004d14                ADC_IRQHandler
 .text.TIM3_IRQHandler
                0x0000000008004d28       0x14 ./Core/Src/stm32h7xx_it.o
                0x0000000008004d28                TIM3_IRQHandler
 .text.USART1_IRQHandler
                0x0000000008004d3c       0x14 ./Core/Src/stm32h7xx_it.o
                0x0000000008004d3c                USART1_IRQHandler
 .text.TIM6_DAC_IRQHandler
                0x0000000008004d50       0x1c ./Core/Src/stm32h7xx_it.o
                0x0000000008004d50                TIM6_DAC_IRQHandler
 .text._getpid  0x0000000008004d6c       0x10 ./Core/Src/syscalls.o
                0x0000000008004d6c                _getpid
 .text._kill    0x0000000008004d7c       0x20 ./Core/Src/syscalls.o
                0x0000000008004d7c                _kill
 .text._exit    0x0000000008004d9c       0x14 ./Core/Src/syscalls.o
                0x0000000008004d9c                _exit
 .text._read    0x0000000008004db0       0x3a ./Core/Src/syscalls.o
                0x0000000008004db0                _read
 .text._close   0x0000000008004dea       0x18 ./Core/Src/syscalls.o
                0x0000000008004dea                _close
 .text._fstat   0x0000000008004e02       0x20 ./Core/Src/syscalls.o
                0x0000000008004e02                _fstat
 .text._isatty  0x0000000008004e22       0x16 ./Core/Src/syscalls.o
                0x0000000008004e22                _isatty
 .text._lseek   0x0000000008004e38       0x1a ./Core/Src/syscalls.o
                0x0000000008004e38                _lseek
 *fill*         0x0000000008004e52        0x2 
 .text._sbrk    0x0000000008004e54       0x6c ./Core/Src/sysmem.o
                0x0000000008004e54                _sbrk
 .text.SystemInit
                0x0000000008004ec0       0xf8 ./Core/Src/system_stm32h7xx.o
                0x0000000008004ec0                SystemInit
 .text.Reset_Handler
                0x0000000008004fb8       0x50 ./Core/Startup/startup_stm32h723vetx.o
                0x0000000008004fb8                Reset_Handler
 .text.Default_Handler
                0x0000000008005008        0x2 ./Core/Startup/startup_stm32h723vetx.o
                0x0000000008005008                RTC_Alarm_IRQHandler
                0x0000000008005008                EXTI2_IRQHandler
                0x0000000008005008                TIM8_CC_IRQHandler
                0x0000000008005008                UART8_IRQHandler
                0x0000000008005008                SPI4_IRQHandler
                0x0000000008005008                FDCAN3_IT0_IRQHandler
                0x0000000008005008                TIM1_CC_IRQHandler
                0x0000000008005008                BDMA_Channel6_IRQHandler
                0x0000000008005008                DMA2_Stream5_IRQHandler
                0x0000000008005008                DMA1_Stream5_IRQHandler
                0x0000000008005008                CORDIC_IRQHandler
                0x0000000008005008                BDMA_Channel1_IRQHandler
                0x0000000008005008                TAMP_STAMP_IRQHandler
                0x0000000008005008                EXTI3_IRQHandler
                0x0000000008005008                LPTIM4_IRQHandler
                0x0000000008005008                TIM8_TRG_COM_TIM14_IRQHandler
                0x0000000008005008                LPTIM2_IRQHandler
                0x0000000008005008                DFSDM1_FLT1_IRQHandler
                0x0000000008005008                DMAMUX2_OVR_IRQHandler
                0x0000000008005008                TIM8_UP_TIM13_IRQHandler
                0x0000000008005008                I2C3_ER_IRQHandler
                0x0000000008005008                DFSDM1_FLT2_IRQHandler
                0x0000000008005008                I2C5_EV_IRQHandler
                0x0000000008005008                USART10_IRQHandler
                0x0000000008005008                MDMA_IRQHandler
                0x0000000008005008                LPTIM3_IRQHandler
                0x0000000008005008                HSEM1_IRQHandler
                0x0000000008005008                EXTI0_IRQHandler
                0x0000000008005008                I2C2_EV_IRQHandler
                0x0000000008005008                DMA1_Stream2_IRQHandler
                0x0000000008005008                FPU_IRQHandler
                0x0000000008005008                OTG_HS_WKUP_IRQHandler
                0x0000000008005008                FDCAN1_IT1_IRQHandler
                0x0000000008005008                LTDC_ER_IRQHandler
                0x0000000008005008                DMA2_Stream2_IRQHandler
                0x0000000008005008                SPI1_IRQHandler
                0x0000000008005008                OCTOSPI1_IRQHandler
                0x0000000008005008                DMA2_Stream3_IRQHandler
                0x0000000008005008                OCTOSPI2_IRQHandler
                0x0000000008005008                DFSDM1_FLT3_IRQHandler
                0x0000000008005008                TIM23_IRQHandler
                0x0000000008005008                USART6_IRQHandler
                0x0000000008005008                TIM17_IRQHandler
                0x0000000008005008                USART3_IRQHandler
                0x0000000008005008                BDMA_Channel7_IRQHandler
                0x0000000008005008                LPTIM5_IRQHandler
                0x0000000008005008                UART5_IRQHandler
                0x0000000008005008                ADC3_IRQHandler
                0x0000000008005008                DMA2_Stream0_IRQHandler
                0x0000000008005008                TIM4_IRQHandler
                0x0000000008005008                BDMA_Channel2_IRQHandler
                0x0000000008005008                I2C1_EV_IRQHandler
                0x0000000008005008                DMA1_Stream6_IRQHandler
                0x0000000008005008                DMAMUX1_OVR_IRQHandler
                0x0000000008005008                DMA1_Stream1_IRQHandler
                0x0000000008005008                TIM16_IRQHandler
                0x0000000008005008                UART4_IRQHandler
                0x0000000008005008                BDMA_Channel5_IRQHandler
                0x0000000008005008                RCC_IRQHandler
                0x0000000008005008                UART9_IRQHandler
                0x0000000008005008                TIM8_BRK_TIM12_IRQHandler
                0x0000000008005008                TIM1_TRG_COM_IRQHandler
                0x0000000008005008                Default_Handler
                0x0000000008005008                ECC_IRQHandler
                0x0000000008005008                FMAC_IRQHandler
                0x0000000008005008                CEC_IRQHandler
                0x0000000008005008                EXTI15_10_IRQHandler
                0x0000000008005008                BDMA_Channel0_IRQHandler
                0x0000000008005008                I2C5_ER_IRQHandler
                0x0000000008005008                DMA1_Stream7_IRQHandler
                0x0000000008005008                SPI5_IRQHandler
                0x0000000008005008                TIM7_IRQHandler
                0x0000000008005008                FDCAN3_IT1_IRQHandler
                0x0000000008005008                SDMMC1_IRQHandler
                0x0000000008005008                TIM5_IRQHandler
                0x0000000008005008                DMA2_Stream7_IRQHandler
                0x0000000008005008                TIM15_IRQHandler
                0x0000000008005008                PVD_AVD_IRQHandler
                0x0000000008005008                I2C3_EV_IRQHandler
                0x0000000008005008                EXTI9_5_IRQHandler
                0x0000000008005008                RTC_WKUP_IRQHandler
                0x0000000008005008                LTDC_IRQHandler
                0x0000000008005008                ETH_WKUP_IRQHandler
                0x0000000008005008                SPDIF_RX_IRQHandler
                0x0000000008005008                SPI2_IRQHandler
                0x0000000008005008                OTG_HS_EP1_IN_IRQHandler
                0x0000000008005008                TIM24_IRQHandler
                0x0000000008005008                CRS_IRQHandler
                0x0000000008005008                EXTI4_IRQHandler
                0x0000000008005008                RNG_IRQHandler
                0x0000000008005008                FDCAN2_IT1_IRQHandler
                0x0000000008005008                ETH_IRQHandler
                0x0000000008005008                TIM1_UP_IRQHandler
                0x0000000008005008                BDMA_Channel4_IRQHandler
                0x0000000008005008                OTG_HS_EP1_OUT_IRQHandler
                0x0000000008005008                WWDG_IRQHandler
                0x0000000008005008                SPI6_IRQHandler
                0x0000000008005008                MDIOS_IRQHandler
                0x0000000008005008                I2C4_EV_IRQHandler
                0x0000000008005008                FDCAN2_IT0_IRQHandler
                0x0000000008005008                LPUART1_IRQHandler
                0x0000000008005008                FDCAN1_IT0_IRQHandler
                0x0000000008005008                TIM2_IRQHandler
                0x0000000008005008                OTG_HS_IRQHandler
                0x0000000008005008                DMA2D_IRQHandler
                0x0000000008005008                TIM1_BRK_IRQHandler
                0x0000000008005008                EXTI1_IRQHandler
                0x0000000008005008                SDMMC2_IRQHandler
                0x0000000008005008                BDMA_Channel3_IRQHandler
                0x0000000008005008                DTS_IRQHandler
                0x0000000008005008                UART7_IRQHandler
                0x0000000008005008                MDIOS_WKUP_IRQHandler
                0x0000000008005008                USART2_IRQHandler
                0x0000000008005008                DFSDM1_FLT0_IRQHandler
                0x0000000008005008                SAI4_IRQHandler
                0x0000000008005008                I2C2_ER_IRQHandler
                0x0000000008005008                DMA2_Stream1_IRQHandler
                0x0000000008005008                FLASH_IRQHandler
                0x0000000008005008                DMA2_Stream4_IRQHandler
                0x0000000008005008                SPI3_IRQHandler
                0x0000000008005008                WAKEUP_PIN_IRQHandler
                0x0000000008005008                DMA1_Stream4_IRQHandler
                0x0000000008005008                I2C1_ER_IRQHandler
                0x0000000008005008                FMC_IRQHandler
                0x0000000008005008                FDCAN_CAL_IRQHandler
                0x0000000008005008                SWPMI1_IRQHandler
                0x0000000008005008                COMP1_IRQHandler
                0x0000000008005008                LPTIM1_IRQHandler
                0x0000000008005008                DCMI_PSSI_IRQHandler
                0x0000000008005008                I2C4_ER_IRQHandler
                0x0000000008005008                DMA2_Stream6_IRQHandler
                0x0000000008005008                SAI1_IRQHandler
                0x0000000008005008                DMA1_Stream3_IRQHandler
 *fill*         0x000000000800500a        0x2 
 .text.HAL_Init
                0x000000000800500c       0x78 ./Drivers/STM32H7xx_HAL_Driver/Src/stm32h7xx_hal.o
                0x000000000800500c                HAL_Init
 .text.HAL_InitTick
                0x0000000008005084       0x6c ./Drivers/STM32H7xx_HAL_Driver/Src/stm32h7xx_hal.o
                0x0000000008005084                HAL_InitTick
 .text.HAL_IncTick
                0x00000000080050f0       0x28 ./Drivers/STM32H7xx_HAL_Driver/Src/stm32h7xx_hal.o
                0x00000000080050f0                HAL_IncTick
 .text.HAL_GetTick
                0x0000000008005118       0x18 ./Drivers/STM32H7xx_HAL_Driver/Src/stm32h7xx_hal.o
                0x0000000008005118                HAL_GetTick
 .text.HAL_Delay
                0x0000000008005130       0x48 ./Drivers/STM32H7xx_HAL_Driver/Src/stm32h7xx_hal.o
                0x0000000008005130                HAL_Delay
 .text.HAL_SYSCFG_AnalogSwitchConfig
                0x0000000008005178       0x2c ./Drivers/STM32H7xx_HAL_Driver/Src/stm32h7xx_hal.o
                0x0000000008005178                HAL_SYSCFG_AnalogSwitchConfig
 .text.HAL_SYSCFG_EnableBOOST
                0x00000000080051a4       0x20 ./Drivers/STM32H7xx_HAL_Driver/Src/stm32h7xx_hal.o
                0x00000000080051a4                HAL_SYSCFG_EnableBOOST
 .text.LL_ADC_SetCommonClock
                0x00000000080051c4       0x26 ./Drivers/STM32H7xx_HAL_Driver/Src/stm32h7xx_hal_adc.o
 .text.LL_ADC_SetCommonPathInternalCh
                0x00000000080051ea       0x26 ./Drivers/STM32H7xx_HAL_Driver/Src/stm32h7xx_hal_adc.o
 .text.LL_ADC_GetCommonPathInternalCh
                0x0000000008005210       0x1c ./Drivers/STM32H7xx_HAL_Driver/Src/stm32h7xx_hal_adc.o
 .text.LL_ADC_SetOffset
                0x000000000800522c       0x64 ./Drivers/STM32H7xx_HAL_Driver/Src/stm32h7xx_hal_adc.o
 .text.LL_ADC_GetOffsetChannel
                0x0000000008005290       0x2c ./Drivers/STM32H7xx_HAL_Driver/Src/stm32h7xx_hal_adc.o
 .text.LL_ADC_SetDataRightShift
                0x00000000080052bc       0x32 ./Drivers/STM32H7xx_HAL_Driver/Src/stm32h7xx_hal_adc.o
 *fill*         0x00000000080052ee        0x2 
 .text.LL_ADC_SetOffsetSignedSaturation
                0x00000000080052f0       0x44 ./Drivers/STM32H7xx_HAL_Driver/Src/stm32h7xx_hal_adc.o
 .text.LL_ADC_SetOffsetSaturation
                0x0000000008005334       0x44 ./Drivers/STM32H7xx_HAL_Driver/Src/stm32h7xx_hal_adc.o
 .text.LL_ADC_SetOffsetSign
                0x0000000008005378       0x44 ./Drivers/STM32H7xx_HAL_Driver/Src/stm32h7xx_hal_adc.o
 .text.LL_ADC_SetOffsetState
                0x00000000080053bc       0x54 ./Drivers/STM32H7xx_HAL_Driver/Src/stm32h7xx_hal_adc.o
 .text.LL_ADC_REG_IsTriggerSourceSWStart
                0x0000000008005410       0x26 ./Drivers/STM32H7xx_HAL_Driver/Src/stm32h7xx_hal_adc.o
 .text.LL_ADC_REG_SetSequencerRanks
                0x0000000008005436       0x58 ./Drivers/STM32H7xx_HAL_Driver/Src/stm32h7xx_hal_adc.o
 .text.LL_ADC_REG_SetDataTransferMode
                0x000000000800548e       0x26 ./Drivers/STM32H7xx_HAL_Driver/Src/stm32h7xx_hal_adc.o
 .text.LL_ADC_EnableDMAReq
                0x00000000080054b4       0x20 ./Drivers/STM32H7xx_HAL_Driver/Src/stm32h7xx_hal_adc.o
 .text.LL_ADC_REG_SetDMATransferMode
                0x00000000080054d4       0x34 ./Drivers/STM32H7xx_HAL_Driver/Src/stm32h7xx_hal_adc.o
 .text.LL_ADC_INJ_IsTriggerSourceSWStart
                0x0000000008005508       0x26 ./Drivers/STM32H7xx_HAL_Driver/Src/stm32h7xx_hal_adc.o
 .text.LL_ADC_SetChannelSamplingTime
                0x000000000800552e       0x56 ./Drivers/STM32H7xx_HAL_Driver/Src/stm32h7xx_hal_adc.o
 .text.LL_ADC_SetChannelSingleDiff
                0x0000000008005584       0x80 ./Drivers/STM32H7xx_HAL_Driver/Src/stm32h7xx_hal_adc.o
 .text.LL_ADC_GetMultimode
                0x0000000008005604       0x1c ./Drivers/STM32H7xx_HAL_Driver/Src/stm32h7xx_hal_adc.o
 .text.LL_ADC_GetMultiDMATransfer
                0x0000000008005620       0x1c ./Drivers/STM32H7xx_HAL_Driver/Src/stm32h7xx_hal_adc.o
 .text.LL_ADC_DisableDeepPowerDown
                0x000000000800563c       0x24 ./Drivers/STM32H7xx_HAL_Driver/Src/stm32h7xx_hal_adc.o
 .text.LL_ADC_IsDeepPowerDownEnabled
                0x0000000008005660       0x28 ./Drivers/STM32H7xx_HAL_Driver/Src/stm32h7xx_hal_adc.o
 .text.LL_ADC_EnableInternalRegulator
                0x0000000008005688       0x28 ./Drivers/STM32H7xx_HAL_Driver/Src/stm32h7xx_hal_adc.o
 .text.LL_ADC_IsInternalRegulatorEnabled
                0x00000000080056b0       0x28 ./Drivers/STM32H7xx_HAL_Driver/Src/stm32h7xx_hal_adc.o
 .text.LL_ADC_Enable
                0x00000000080056d8       0x28 ./Drivers/STM32H7xx_HAL_Driver/Src/stm32h7xx_hal_adc.o
 .text.LL_ADC_Disable
                0x0000000008005700       0x28 ./Drivers/STM32H7xx_HAL_Driver/Src/stm32h7xx_hal_adc.o
 .text.LL_ADC_IsEnabled
                0x0000000008005728       0x26 ./Drivers/STM32H7xx_HAL_Driver/Src/stm32h7xx_hal_adc.o
 .text.LL_ADC_IsDisableOngoing
                0x000000000800574e       0x26 ./Drivers/STM32H7xx_HAL_Driver/Src/stm32h7xx_hal_adc.o
 .text.LL_ADC_REG_StartConversion
                0x0000000008005774       0x28 ./Drivers/STM32H7xx_HAL_Driver/Src/stm32h7xx_hal_adc.o
 .text.LL_ADC_REG_StopConversion
                0x000000000800579c       0x28 ./Drivers/STM32H7xx_HAL_Driver/Src/stm32h7xx_hal_adc.o
 .text.LL_ADC_REG_IsConversionOngoing
                0x00000000080057c4       0x26 ./Drivers/STM32H7xx_HAL_Driver/Src/stm32h7xx_hal_adc.o
 *fill*         0x00000000080057ea        0x2 
 .text.LL_ADC_INJ_StopConversion
                0x00000000080057ec       0x28 ./Drivers/STM32H7xx_HAL_Driver/Src/stm32h7xx_hal_adc.o
 .text.LL_ADC_INJ_IsConversionOngoing
                0x0000000008005814       0x26 ./Drivers/STM32H7xx_HAL_Driver/Src/stm32h7xx_hal_adc.o
 *fill*         0x000000000800583a        0x2 
 .text.HAL_ADC_Init
                0x000000000800583c      0x410 ./Drivers/STM32H7xx_HAL_Driver/Src/stm32h7xx_hal_adc.o
                0x000000000800583c                HAL_ADC_Init
 .text.HAL_ADC_Start_DMA
                0x0000000008005c4c      0x1b8 ./Drivers/STM32H7xx_HAL_Driver/Src/stm32h7xx_hal_adc.o
                0x0000000008005c4c                HAL_ADC_Start_DMA
 .text.HAL_ADC_Stop_DMA
                0x0000000008005e04       0xc4 ./Drivers/STM32H7xx_HAL_Driver/Src/stm32h7xx_hal_adc.o
                0x0000000008005e04                HAL_ADC_Stop_DMA
 .text.HAL_ADC_IRQHandler
                0x0000000008005ec8      0x474 ./Drivers/STM32H7xx_HAL_Driver/Src/stm32h7xx_hal_adc.o
                0x0000000008005ec8                HAL_ADC_IRQHandler
 .text.HAL_ADC_LevelOutOfWindowCallback
                0x000000000800633c       0x14 ./Drivers/STM32H7xx_HAL_Driver/Src/stm32h7xx_hal_adc.o
                0x000000000800633c                HAL_ADC_LevelOutOfWindowCallback
 .text.HAL_ADC_ErrorCallback
                0x0000000008006350       0x14 ./Drivers/STM32H7xx_HAL_Driver/Src/stm32h7xx_hal_adc.o
                0x0000000008006350                HAL_ADC_ErrorCallback
 .text.HAL_ADC_ConfigChannel
                0x0000000008006364      0xa58 ./Drivers/STM32H7xx_HAL_Driver/Src/stm32h7xx_hal_adc.o
                0x0000000008006364                HAL_ADC_ConfigChannel
 .text.ADC_ConversionStop
                0x0000000008006dbc      0x178 ./Drivers/STM32H7xx_HAL_Driver/Src/stm32h7xx_hal_adc.o
                0x0000000008006dbc                ADC_ConversionStop
 .text.ADC_Enable
                0x0000000008006f34      0x114 ./Drivers/STM32H7xx_HAL_Driver/Src/stm32h7xx_hal_adc.o
                0x0000000008006f34                ADC_Enable
 .text.ADC_Disable
                0x0000000008007048       0xbe ./Drivers/STM32H7xx_HAL_Driver/Src/stm32h7xx_hal_adc.o
                0x0000000008007048                ADC_Disable
 .text.ADC_DMAConvCplt
                0x0000000008007106       0xd8 ./Drivers/STM32H7xx_HAL_Driver/Src/stm32h7xx_hal_adc.o
                0x0000000008007106                ADC_DMAConvCplt
 .text.ADC_DMAHalfConvCplt
                0x00000000080071de       0x1c ./Drivers/STM32H7xx_HAL_Driver/Src/stm32h7xx_hal_adc.o
                0x00000000080071de                ADC_DMAHalfConvCplt
 .text.ADC_DMAError
                0x00000000080071fa       0x34 ./Drivers/STM32H7xx_HAL_Driver/Src/stm32h7xx_hal_adc.o
                0x00000000080071fa                ADC_DMAError
 *fill*         0x000000000800722e        0x2 
 .text.ADC_ConfigureBoostMode
                0x0000000008007230      0x1d8 ./Drivers/STM32H7xx_HAL_Driver/Src/stm32h7xx_hal_adc.o
                0x0000000008007230                ADC_ConfigureBoostMode
 .text.LL_ADC_IsEnabled
                0x0000000008007408       0x26 ./Drivers/STM32H7xx_HAL_Driver/Src/stm32h7xx_hal_adc_ex.o
 *fill*         0x000000000800742e        0x2 
 .text.LL_ADC_StartCalibration
                0x0000000008007430       0x3c ./Drivers/STM32H7xx_HAL_Driver/Src/stm32h7xx_hal_adc_ex.o
 .text.LL_ADC_IsCalibrationOnGoing
                0x000000000800746c       0x28 ./Drivers/STM32H7xx_HAL_Driver/Src/stm32h7xx_hal_adc_ex.o
 .text.LL_ADC_REG_IsConversionOngoing
                0x0000000008007494       0x26 ./Drivers/STM32H7xx_HAL_Driver/Src/stm32h7xx_hal_adc_ex.o
 *fill*         0x00000000080074ba        0x2 
 .text.HAL_ADCEx_Calibration_Start
                0x00000000080074bc       0xc8 ./Drivers/STM32H7xx_HAL_Driver/Src/stm32h7xx_hal_adc_ex.o
                0x00000000080074bc                HAL_ADCEx_Calibration_Start
 .text.HAL_ADCEx_InjectedConvCpltCallback
                0x0000000008007584       0x14 ./Drivers/STM32H7xx_HAL_Driver/Src/stm32h7xx_hal_adc_ex.o
                0x0000000008007584                HAL_ADCEx_InjectedConvCpltCallback
 .text.HAL_ADCEx_InjectedQueueOverflowCallback
                0x0000000008007598       0x14 ./Drivers/STM32H7xx_HAL_Driver/Src/stm32h7xx_hal_adc_ex.o
                0x0000000008007598                HAL_ADCEx_InjectedQueueOverflowCallback
 .text.HAL_ADCEx_LevelOutOfWindow2Callback
                0x00000000080075ac       0x14 ./Drivers/STM32H7xx_HAL_Driver/Src/stm32h7xx_hal_adc_ex.o
                0x00000000080075ac                HAL_ADCEx_LevelOutOfWindow2Callback
 .text.HAL_ADCEx_LevelOutOfWindow3Callback
                0x00000000080075c0       0x14 ./Drivers/STM32H7xx_HAL_Driver/Src/stm32h7xx_hal_adc_ex.o
                0x00000000080075c0                HAL_ADCEx_LevelOutOfWindow3Callback
 .text.HAL_ADCEx_EndOfSamplingCallback
                0x00000000080075d4       0x14 ./Drivers/STM32H7xx_HAL_Driver/Src/stm32h7xx_hal_adc_ex.o
                0x00000000080075d4                HAL_ADCEx_EndOfSamplingCallback
 .text.HAL_ADCEx_MultiModeConfigChannel
                0x00000000080075e8      0x1c4 ./Drivers/STM32H7xx_HAL_Driver/Src/stm32h7xx_hal_adc_ex.o
                0x00000000080075e8                HAL_ADCEx_MultiModeConfigChannel
 .text.__NVIC_SetPriorityGrouping
                0x00000000080077ac       0x48 ./Drivers/STM32H7xx_HAL_Driver/Src/stm32h7xx_hal_cortex.o
 .text.__NVIC_GetPriorityGrouping
                0x00000000080077f4       0x1c ./Drivers/STM32H7xx_HAL_Driver/Src/stm32h7xx_hal_cortex.o
 .text.__NVIC_EnableIRQ
                0x0000000008007810       0x3c ./Drivers/STM32H7xx_HAL_Driver/Src/stm32h7xx_hal_cortex.o
 .text.__NVIC_SetPriority
                0x000000000800784c       0x54 ./Drivers/STM32H7xx_HAL_Driver/Src/stm32h7xx_hal_cortex.o
 .text.NVIC_EncodePriority
                0x00000000080078a0       0x66 ./Drivers/STM32H7xx_HAL_Driver/Src/stm32h7xx_hal_cortex.o
 *fill*         0x0000000008007906        0x2 
 .text.SysTick_Config
                0x0000000008007908       0x44 ./Drivers/STM32H7xx_HAL_Driver/Src/stm32h7xx_hal_cortex.o
 .text.HAL_NVIC_SetPriorityGrouping
                0x000000000800794c       0x16 ./Drivers/STM32H7xx_HAL_Driver/Src/stm32h7xx_hal_cortex.o
                0x000000000800794c                HAL_NVIC_SetPriorityGrouping
 .text.HAL_NVIC_SetPriority
                0x0000000008007962       0x34 ./Drivers/STM32H7xx_HAL_Driver/Src/stm32h7xx_hal_cortex.o
                0x0000000008007962                HAL_NVIC_SetPriority
 .text.HAL_NVIC_EnableIRQ
                0x0000000008007996       0x1c ./Drivers/STM32H7xx_HAL_Driver/Src/stm32h7xx_hal_cortex.o
                0x0000000008007996                HAL_NVIC_EnableIRQ
 .text.HAL_SYSTICK_Config
                0x00000000080079b2       0x18 ./Drivers/STM32H7xx_HAL_Driver/Src/stm32h7xx_hal_cortex.o
                0x00000000080079b2                HAL_SYSTICK_Config
 .text.HAL_DAC_Init
                0x00000000080079ca       0x44 ./Drivers/STM32H7xx_HAL_Driver/Src/stm32h7xx_hal_dac.o
                0x00000000080079ca                HAL_DAC_Init
 .text.HAL_DAC_Start
                0x0000000008007a0e       0xa4 ./Drivers/STM32H7xx_HAL_Driver/Src/stm32h7xx_hal_dac.o
                0x0000000008007a0e                HAL_DAC_Start
 .text.HAL_DAC_IRQHandler
                0x0000000008007ab2       0xb4 ./Drivers/STM32H7xx_HAL_Driver/Src/stm32h7xx_hal_dac.o
                0x0000000008007ab2                HAL_DAC_IRQHandler
 .text.HAL_DAC_SetValue
                0x0000000008007b66       0x4a ./Drivers/STM32H7xx_HAL_Driver/Src/stm32h7xx_hal_dac.o
                0x0000000008007b66                HAL_DAC_SetValue
 .text.HAL_DAC_DMAUnderrunCallbackCh1
                0x0000000008007bb0       0x14 ./Drivers/STM32H7xx_HAL_Driver/Src/stm32h7xx_hal_dac.o
                0x0000000008007bb0                HAL_DAC_DMAUnderrunCallbackCh1
 .text.HAL_DAC_ConfigChannel
                0x0000000008007bc4      0x260 ./Drivers/STM32H7xx_HAL_Driver/Src/stm32h7xx_hal_dac.o
                0x0000000008007bc4                HAL_DAC_ConfigChannel
 .text.HAL_DACEx_DMAUnderrunCallbackCh2
                0x0000000008007e24       0x14 ./Drivers/STM32H7xx_HAL_Driver/Src/stm32h7xx_hal_dac_ex.o
                0x0000000008007e24                HAL_DACEx_DMAUnderrunCallbackCh2
 .text.HAL_DMA_Init
                0x0000000008007e38      0x6b4 ./Drivers/STM32H7xx_HAL_Driver/Src/stm32h7xx_hal_dma.o
                0x0000000008007e38                HAL_DMA_Init
 .text.HAL_DMA_Start_IT
                0x00000000080084ec      0x4d4 ./Drivers/STM32H7xx_HAL_Driver/Src/stm32h7xx_hal_dma.o
                0x00000000080084ec                HAL_DMA_Start_IT
 .text.HAL_DMA_Abort
                0x00000000080089c0      0x63c ./Drivers/STM32H7xx_HAL_Driver/Src/stm32h7xx_hal_dma.o
                0x00000000080089c0                HAL_DMA_Abort
 .text.HAL_DMA_Abort_IT
                0x0000000008008ffc      0x488 ./Drivers/STM32H7xx_HAL_Driver/Src/stm32h7xx_hal_dma.o
                0x0000000008008ffc                HAL_DMA_Abort_IT
 .text.HAL_DMA_IRQHandler
                0x0000000008009484      0xe54 ./Drivers/STM32H7xx_HAL_Driver/Src/stm32h7xx_hal_dma.o
                0x0000000008009484                HAL_DMA_IRQHandler
 .text.DMA_SetConfig
                0x000000000800a2d8      0x358 ./Drivers/STM32H7xx_HAL_Driver/Src/stm32h7xx_hal_dma.o
 .text.DMA_CalcBaseAndBitshift
                0x000000000800a630      0x164 ./Drivers/STM32H7xx_HAL_Driver/Src/stm32h7xx_hal_dma.o
 .text.DMA_CheckFifoParam
                0x000000000800a794       0xf8 ./Drivers/STM32H7xx_HAL_Driver/Src/stm32h7xx_hal_dma.o
 .text.DMA_CalcDMAMUXChannelBaseAndMask
                0x000000000800a88c      0x134 ./Drivers/STM32H7xx_HAL_Driver/Src/stm32h7xx_hal_dma.o
 .text.DMA_CalcDMAMUXRequestGenBaseAndMask
                0x000000000800a9c0       0xe8 ./Drivers/STM32H7xx_HAL_Driver/Src/stm32h7xx_hal_dma.o
 .text.HAL_GPIO_Init
                0x000000000800aaa8      0x350 ./Drivers/STM32H7xx_HAL_Driver/Src/stm32h7xx_hal_gpio.o
                0x000000000800aaa8                HAL_GPIO_Init
 .text.HAL_GPIO_DeInit
                0x000000000800adf8      0x204 ./Drivers/STM32H7xx_HAL_Driver/Src/stm32h7xx_hal_gpio.o
                0x000000000800adf8                HAL_GPIO_DeInit
 .text.HAL_GPIO_ReadPin
                0x000000000800affc       0x30 ./Drivers/STM32H7xx_HAL_Driver/Src/stm32h7xx_hal_gpio.o
                0x000000000800affc                HAL_GPIO_ReadPin
 .text.HAL_GPIO_WritePin
                0x000000000800b02c       0x32 ./Drivers/STM32H7xx_HAL_Driver/Src/stm32h7xx_hal_gpio.o
                0x000000000800b02c                HAL_GPIO_WritePin
 *fill*         0x000000000800b05e        0x2 
 .text.HAL_PWREx_ConfigSupply
                0x000000000800b060       0x74 ./Drivers/STM32H7xx_HAL_Driver/Src/stm32h7xx_hal_pwr_ex.o
                0x000000000800b060                HAL_PWREx_ConfigSupply
 .text.HAL_RCC_OscConfig
                0x000000000800b0d4      0x758 ./Drivers/STM32H7xx_HAL_Driver/Src/stm32h7xx_hal_rcc.o
                0x000000000800b0d4                HAL_RCC_OscConfig
 .text.HAL_RCC_ClockConfig
                0x000000000800b82c      0x36c ./Drivers/STM32H7xx_HAL_Driver/Src/stm32h7xx_hal_rcc.o
                0x000000000800b82c                HAL_RCC_ClockConfig
 .text.HAL_RCC_GetSysClockFreq
                0x000000000800bb98      0x2f4 ./Drivers/STM32H7xx_HAL_Driver/Src/stm32h7xx_hal_rcc.o
                0x000000000800bb98                HAL_RCC_GetSysClockFreq
 .text.HAL_RCC_GetHCLKFreq
                0x000000000800be8c       0x60 ./Drivers/STM32H7xx_HAL_Driver/Src/stm32h7xx_hal_rcc.o
                0x000000000800be8c                HAL_RCC_GetHCLKFreq
 .text.HAL_RCC_GetPCLK1Freq
                0x000000000800beec       0x2c ./Drivers/STM32H7xx_HAL_Driver/Src/stm32h7xx_hal_rcc.o
                0x000000000800beec                HAL_RCC_GetPCLK1Freq
 .text.HAL_RCC_GetPCLK2Freq
                0x000000000800bf18       0x2c ./Drivers/STM32H7xx_HAL_Driver/Src/stm32h7xx_hal_rcc.o
                0x000000000800bf18                HAL_RCC_GetPCLK2Freq
 .text.HAL_RCCEx_PeriphCLKConfig
                0x000000000800bf44      0xdf4 ./Drivers/STM32H7xx_HAL_Driver/Src/stm32h7xx_hal_rcc_ex.o
                0x000000000800bf44                HAL_RCCEx_PeriphCLKConfig
 .text.HAL_RCCEx_GetPeriphCLKFreq
                0x000000000800cd38      0x848 ./Drivers/STM32H7xx_HAL_Driver/Src/stm32h7xx_hal_rcc_ex.o
                0x000000000800cd38                HAL_RCCEx_GetPeriphCLKFreq
 .text.HAL_RCCEx_GetD3PCLK1Freq
                0x000000000800d580       0x2c ./Drivers/STM32H7xx_HAL_Driver/Src/stm32h7xx_hal_rcc_ex.o
                0x000000000800d580                HAL_RCCEx_GetD3PCLK1Freq
 .text.HAL_RCCEx_GetPLL2ClockFreq
                0x000000000800d5ac      0x2a8 ./Drivers/STM32H7xx_HAL_Driver/Src/stm32h7xx_hal_rcc_ex.o
                0x000000000800d5ac                HAL_RCCEx_GetPLL2ClockFreq
 .text.HAL_RCCEx_GetPLL3ClockFreq
                0x000000000800d854      0x2a8 ./Drivers/STM32H7xx_HAL_Driver/Src/stm32h7xx_hal_rcc_ex.o
                0x000000000800d854                HAL_RCCEx_GetPLL3ClockFreq
 .text.HAL_RCCEx_GetPLL1ClockFreq
                0x000000000800dafc      0x2a4 ./Drivers/STM32H7xx_HAL_Driver/Src/stm32h7xx_hal_rcc_ex.o
                0x000000000800dafc                HAL_RCCEx_GetPLL1ClockFreq
 .text.RCCEx_PLL2_Config
                0x000000000800dda0      0x164 ./Drivers/STM32H7xx_HAL_Driver/Src/stm32h7xx_hal_rcc_ex.o
 .text.RCCEx_PLL3_Config
                0x000000000800df04      0x164 ./Drivers/STM32H7xx_HAL_Driver/Src/stm32h7xx_hal_rcc_ex.o
 .text.HAL_SPI_Init
                0x000000000800e068      0x20c ./Drivers/STM32H7xx_HAL_Driver/Src/stm32h7xx_hal_spi.o
                0x000000000800e068                HAL_SPI_Init
 .text.HAL_SPI_Transmit
                0x000000000800e274      0x3e4 ./Drivers/STM32H7xx_HAL_Driver/Src/stm32h7xx_hal_spi.o
                0x000000000800e274                HAL_SPI_Transmit
 .text.HAL_SPI_Receive
                0x000000000800e658      0x3e4 ./Drivers/STM32H7xx_HAL_Driver/Src/stm32h7xx_hal_spi.o
                0x000000000800e658                HAL_SPI_Receive
 .text.HAL_SPI_TransmitReceive
                0x000000000800ea3c      0x5d8 ./Drivers/STM32H7xx_HAL_Driver/Src/stm32h7xx_hal_spi.o
                0x000000000800ea3c                HAL_SPI_TransmitReceive
 .text.SPI_CloseTransfer
                0x000000000800f014      0x140 ./Drivers/STM32H7xx_HAL_Driver/Src/stm32h7xx_hal_spi.o
 .text.SPI_WaitOnFlagUntilTimeout
                0x000000000800f154       0x5c ./Drivers/STM32H7xx_HAL_Driver/Src/stm32h7xx_hal_spi.o
 .text.SPI_GetPacketSize
                0x000000000800f1b0       0x36 ./Drivers/STM32H7xx_HAL_Driver/Src/stm32h7xx_hal_spi.o
 .text.HAL_TIM_Base_Init
                0x000000000800f1e6       0xae ./Drivers/STM32H7xx_HAL_Driver/Src/stm32h7xx_hal_tim.o
                0x000000000800f1e6                HAL_TIM_Base_Init
 .text.HAL_TIM_Base_Start_IT
                0x000000000800f294      0x10c ./Drivers/STM32H7xx_HAL_Driver/Src/stm32h7xx_hal_tim.o
                0x000000000800f294                HAL_TIM_Base_Start_IT
 .text.HAL_TIM_IRQHandler
                0x000000000800f3a0      0x23e ./Drivers/STM32H7xx_HAL_Driver/Src/stm32h7xx_hal_tim.o
                0x000000000800f3a0                HAL_TIM_IRQHandler
 *fill*         0x000000000800f5de        0x2 
 .text.HAL_TIM_ConfigClockSource
                0x000000000800f5e0      0x1f0 ./Drivers/STM32H7xx_HAL_Driver/Src/stm32h7xx_hal_tim.o
                0x000000000800f5e0                HAL_TIM_ConfigClockSource
 .text.HAL_TIM_OC_DelayElapsedCallback
                0x000000000800f7d0       0x14 ./Drivers/STM32H7xx_HAL_Driver/Src/stm32h7xx_hal_tim.o
                0x000000000800f7d0                HAL_TIM_OC_DelayElapsedCallback
 .text.HAL_TIM_IC_CaptureCallback
                0x000000000800f7e4       0x14 ./Drivers/STM32H7xx_HAL_Driver/Src/stm32h7xx_hal_tim.o
                0x000000000800f7e4                HAL_TIM_IC_CaptureCallback
 .text.HAL_TIM_PWM_PulseFinishedCallback
                0x000000000800f7f8       0x14 ./Drivers/STM32H7xx_HAL_Driver/Src/stm32h7xx_hal_tim.o
                0x000000000800f7f8                HAL_TIM_PWM_PulseFinishedCallback
 .text.HAL_TIM_TriggerCallback
                0x000000000800f80c       0x14 ./Drivers/STM32H7xx_HAL_Driver/Src/stm32h7xx_hal_tim.o
                0x000000000800f80c                HAL_TIM_TriggerCallback
 .text.TIM_Base_SetConfig
                0x000000000800f820      0x14c ./Drivers/STM32H7xx_HAL_Driver/Src/stm32h7xx_hal_tim.o
                0x000000000800f820                TIM_Base_SetConfig
 .text.TIM_TI1_ConfigInputStage
                0x000000000800f96c       0x5e ./Drivers/STM32H7xx_HAL_Driver/Src/stm32h7xx_hal_tim.o
 .text.TIM_TI2_ConfigInputStage
                0x000000000800f9ca       0x60 ./Drivers/STM32H7xx_HAL_Driver/Src/stm32h7xx_hal_tim.o
 *fill*         0x000000000800fa2a        0x2 
 .text.TIM_ITRx_SetConfig
                0x000000000800fa2c       0x3c ./Drivers/STM32H7xx_HAL_Driver/Src/stm32h7xx_hal_tim.o
 .text.TIM_ETR_SetConfig
                0x000000000800fa68       0x40 ./Drivers/STM32H7xx_HAL_Driver/Src/stm32h7xx_hal_tim.o
                0x000000000800fa68                TIM_ETR_SetConfig
 .text.HAL_TIMEx_MasterConfigSynchronization
                0x000000000800faa8      0x138 ./Drivers/STM32H7xx_HAL_Driver/Src/stm32h7xx_hal_tim_ex.o
                0x000000000800faa8                HAL_TIMEx_MasterConfigSynchronization
 .text.HAL_TIMEx_CommutCallback
                0x000000000800fbe0       0x14 ./Drivers/STM32H7xx_HAL_Driver/Src/stm32h7xx_hal_tim_ex.o
                0x000000000800fbe0                HAL_TIMEx_CommutCallback
 .text.HAL_TIMEx_BreakCallback
                0x000000000800fbf4       0x14 ./Drivers/STM32H7xx_HAL_Driver/Src/stm32h7xx_hal_tim_ex.o
                0x000000000800fbf4                HAL_TIMEx_BreakCallback
 .text.HAL_TIMEx_Break2Callback
                0x000000000800fc08       0x14 ./Drivers/STM32H7xx_HAL_Driver/Src/stm32h7xx_hal_tim_ex.o
                0x000000000800fc08                HAL_TIMEx_Break2Callback
 .text.HAL_UART_Init
                0x000000000800fc1c       0xa0 ./Drivers/STM32H7xx_HAL_Driver/Src/stm32h7xx_hal_uart.o
                0x000000000800fc1c                HAL_UART_Init
 .text.HAL_UART_Transmit
                0x000000000800fcbc      0x12c ./Drivers/STM32H7xx_HAL_Driver/Src/stm32h7xx_hal_uart.o
                0x000000000800fcbc                HAL_UART_Transmit
 .text.HAL_UART_Receive_IT
                0x000000000800fde8       0xac ./Drivers/STM32H7xx_HAL_Driver/Src/stm32h7xx_hal_uart.o
                0x000000000800fde8                HAL_UART_Receive_IT
 .text.HAL_UART_IRQHandler
                0x000000000800fe94      0x73c ./Drivers/STM32H7xx_HAL_Driver/Src/stm32h7xx_hal_uart.o
                0x000000000800fe94                HAL_UART_IRQHandler
 .text.HAL_UART_TxCpltCallback
                0x00000000080105d0       0x14 ./Drivers/STM32H7xx_HAL_Driver/Src/stm32h7xx_hal_uart.o
                0x00000000080105d0                HAL_UART_TxCpltCallback
 .text.HAL_UART_ErrorCallback
                0x00000000080105e4       0x14 ./Drivers/STM32H7xx_HAL_Driver/Src/stm32h7xx_hal_uart.o
                0x00000000080105e4                HAL_UART_ErrorCallback
 .text.HAL_UARTEx_RxEventCallback
                0x00000000080105f8       0x18 ./Drivers/STM32H7xx_HAL_Driver/Src/stm32h7xx_hal_uart.o
                0x00000000080105f8                HAL_UARTEx_RxEventCallback
 .text.UART_SetConfig
                0x0000000008010610      0xcbc ./Drivers/STM32H7xx_HAL_Driver/Src/stm32h7xx_hal_uart.o
                0x0000000008010610                UART_SetConfig
 .text.UART_AdvFeatureConfig
                0x00000000080112cc      0x144 ./Drivers/STM32H7xx_HAL_Driver/Src/stm32h7xx_hal_uart.o
                0x00000000080112cc                UART_AdvFeatureConfig
 .text.UART_CheckIdleState
                0x0000000008011410       0x96 ./Drivers/STM32H7xx_HAL_Driver/Src/stm32h7xx_hal_uart.o
                0x0000000008011410                UART_CheckIdleState
 .text.UART_WaitOnFlagUntilTimeout
                0x00000000080114a6      0x190 ./Drivers/STM32H7xx_HAL_Driver/Src/stm32h7xx_hal_uart.o
                0x00000000080114a6                UART_WaitOnFlagUntilTimeout
 *fill*         0x0000000008011636        0x2 
 .text.UART_Start_Receive_IT
                0x0000000008011638      0x254 ./Drivers/STM32H7xx_HAL_Driver/Src/stm32h7xx_hal_uart.o
                0x0000000008011638                UART_Start_Receive_IT
 .text.UART_EndRxTransfer
                0x000000000801188c       0xcc ./Drivers/STM32H7xx_HAL_Driver/Src/stm32h7xx_hal_uart.o
 .text.UART_DMAAbortOnError
                0x0000000008011958       0x2c ./Drivers/STM32H7xx_HAL_Driver/Src/stm32h7xx_hal_uart.o
 .text.UART_EndTransmit_IT
                0x0000000008011984       0x56 ./Drivers/STM32H7xx_HAL_Driver/Src/stm32h7xx_hal_uart.o
 .text.UART_RxISR_8BIT
                0x00000000080119da      0x160 ./Drivers/STM32H7xx_HAL_Driver/Src/stm32h7xx_hal_uart.o
 .text.UART_RxISR_16BIT
                0x0000000008011b3a      0x160 ./Drivers/STM32H7xx_HAL_Driver/Src/stm32h7xx_hal_uart.o
 *fill*         0x0000000008011c9a        0x2 
 .text.UART_RxISR_8BIT_FIFOEN
                0x0000000008011c9c      0x2f8 ./Drivers/STM32H7xx_HAL_Driver/Src/stm32h7xx_hal_uart.o
 .text.UART_RxISR_16BIT_FIFOEN
                0x0000000008011f94      0x300 ./Drivers/STM32H7xx_HAL_Driver/Src/stm32h7xx_hal_uart.o
 .text.HAL_UARTEx_WakeupCallback
                0x0000000008012294       0x14 ./Drivers/STM32H7xx_HAL_Driver/Src/stm32h7xx_hal_uart_ex.o
                0x0000000008012294                HAL_UARTEx_WakeupCallback
 .text.HAL_UARTEx_RxFifoFullCallback
                0x00000000080122a8       0x14 ./Drivers/STM32H7xx_HAL_Driver/Src/stm32h7xx_hal_uart_ex.o
                0x00000000080122a8                HAL_UARTEx_RxFifoFullCallback
 .text.HAL_UARTEx_TxFifoEmptyCallback
                0x00000000080122bc       0x14 ./Drivers/STM32H7xx_HAL_Driver/Src/stm32h7xx_hal_uart_ex.o
                0x00000000080122bc                HAL_UARTEx_TxFifoEmptyCallback
 .text.HAL_UARTEx_DisableFifoMode
                0x00000000080122d0       0x72 ./Drivers/STM32H7xx_HAL_Driver/Src/stm32h7xx_hal_uart_ex.o
                0x00000000080122d0                HAL_UARTEx_DisableFifoMode
 .text.HAL_UARTEx_SetTxFifoThreshold
                0x0000000008012342       0x7c ./Drivers/STM32H7xx_HAL_Driver/Src/stm32h7xx_hal_uart_ex.o
                0x0000000008012342                HAL_UARTEx_SetTxFifoThreshold
 .text.HAL_UARTEx_SetRxFifoThreshold
                0x00000000080123be       0x7c ./Drivers/STM32H7xx_HAL_Driver/Src/stm32h7xx_hal_uart_ex.o
                0x00000000080123be                HAL_UARTEx_SetRxFifoThreshold
 *fill*         0x000000000801243a        0x2 
 .text.UARTEx_SetNbDataToProcess
                0x000000000801243c       0x9c ./Drivers/STM32H7xx_HAL_Driver/Src/stm32h7xx_hal_uart_ex.o
 .text.__errno  0x00000000080124d8        0xc /opt/STMicro/STM32CubeIDE/plugins/com.st.stm32cube.ide.mcu.externaltools.gnu-tools-for-stm32.9-2020-q2-update.linux64_2.0.0.202105311346/tools/bin/../lib/gcc/arm-none-eabi/9.3.1/../../../../arm-none-eabi/lib/thumb/v7e-m+dp/hard/libc_nano.a(lib_a-errno.o)
                0x00000000080124d8                __errno
 .text.__libc_init_array
                0x00000000080124e4       0x48 /opt/STMicro/STM32CubeIDE/plugins/com.st.stm32cube.ide.mcu.externaltools.gnu-tools-for-stm32.9-2020-q2-update.linux64_2.0.0.202105311346/tools/bin/../lib/gcc/arm-none-eabi/9.3.1/../../../../arm-none-eabi/lib/thumb/v7e-m+dp/hard/libc_nano.a(lib_a-init.o)
                0x00000000080124e4                __libc_init_array
 .text.malloc   0x000000000801252c       0x10 /opt/STMicro/STM32CubeIDE/plugins/com.st.stm32cube.ide.mcu.externaltools.gnu-tools-for-stm32.9-2020-q2-update.linux64_2.0.0.202105311346/tools/bin/../lib/gcc/arm-none-eabi/9.3.1/../../../../arm-none-eabi/lib/thumb/v7e-m+dp/hard/libc_nano.a(lib_a-malloc.o)
                0x000000000801252c                malloc
 .text.free     0x000000000801253c       0x10 /opt/STMicro/STM32CubeIDE/plugins/com.st.stm32cube.ide.mcu.externaltools.gnu-tools-for-stm32.9-2020-q2-update.linux64_2.0.0.202105311346/tools/bin/../lib/gcc/arm-none-eabi/9.3.1/../../../../arm-none-eabi/lib/thumb/v7e-m+dp/hard/libc_nano.a(lib_a-malloc.o)
                0x000000000801253c                free
 .text.memcpy   0x000000000801254c       0x1c /opt/STMicro/STM32CubeIDE/plugins/com.st.stm32cube.ide.mcu.externaltools.gnu-tools-for-stm32.9-2020-q2-update.linux64_2.0.0.202105311346/tools/bin/../lib/gcc/arm-none-eabi/9.3.1/../../../../arm-none-eabi/lib/thumb/v7e-m+dp/hard/libc_nano.a(lib_a-memcpy-stub.o)
                0x000000000801254c                memcpy
 .text.memset   0x0000000008012568       0x10 /opt/STMicro/STM32CubeIDE/plugins/com.st.stm32cube.ide.mcu.externaltools.gnu-tools-for-stm32.9-2020-q2-update.linux64_2.0.0.202105311346/tools/bin/../lib/gcc/arm-none-eabi/9.3.1/../../../../arm-none-eabi/lib/thumb/v7e-m+dp/hard/libc_nano.a(lib_a-memset.o)
                0x0000000008012568                memset
 .text._free_r  0x0000000008012578       0xa0 /opt/STMicro/STM32CubeIDE/plugins/com.st.stm32cube.ide.mcu.externaltools.gnu-tools-for-stm32.9-2020-q2-update.linux64_2.0.0.202105311346/tools/bin/../lib/gcc/arm-none-eabi/9.3.1/../../../../arm-none-eabi/lib/thumb/v7e-m+dp/hard/libc_nano.a(lib_a-nano-freer.o)
                0x0000000008012578                _free_r
 .text._malloc_r
                0x0000000008012618       0xb4 /opt/STMicro/STM32CubeIDE/plugins/com.st.stm32cube.ide.mcu.externaltools.gnu-tools-for-stm32.9-2020-q2-update.linux64_2.0.0.202105311346/tools/bin/../lib/gcc/arm-none-eabi/9.3.1/../../../../arm-none-eabi/lib/thumb/v7e-m+dp/hard/libc_nano.a(lib_a-nano-mallocr.o)
                0x0000000008012618                _malloc_r
 .text.__cvt    0x00000000080126cc       0xa4 /opt/STMicro/STM32CubeIDE/plugins/com.st.stm32cube.ide.mcu.externaltools.gnu-tools-for-stm32.9-2020-q2-update.linux64_2.0.0.202105311346/tools/bin/../lib/gcc/arm-none-eabi/9.3.1/../../../../arm-none-eabi/lib/thumb/v7e-m+dp/hard/libc_nano.a(lib_a-nano-vfprintf_float.o)
                0x00000000080126cc                __cvt
 .text.__exponent
                0x0000000008012770       0x7c /opt/STMicro/STM32CubeIDE/plugins/com.st.stm32cube.ide.mcu.externaltools.gnu-tools-for-stm32.9-2020-q2-update.linux64_2.0.0.202105311346/tools/bin/../lib/gcc/arm-none-eabi/9.3.1/../../../../arm-none-eabi/lib/thumb/v7e-m+dp/hard/libc_nano.a(lib_a-nano-vfprintf_float.o)
                0x0000000008012770                __exponent
 *fill*         0x00000000080127ec        0x4 
 .text._printf_float
                0x00000000080127f0      0x43c /opt/STMicro/STM32CubeIDE/plugins/com.st.stm32cube.ide.mcu.externaltools.gnu-tools-for-stm32.9-2020-q2-update.linux64_2.0.0.202105311346/tools/bin/../lib/gcc/arm-none-eabi/9.3.1/../../../../arm-none-eabi/lib/thumb/v7e-m+dp/hard/libc_nano.a(lib_a-nano-vfprintf_float.o)
                0x00000000080127f0                _printf_float
 .text._printf_common
                0x0000000008012c2c       0xda /opt/STMicro/STM32CubeIDE/plugins/com.st.stm32cube.ide.mcu.externaltools.gnu-tools-for-stm32.9-2020-q2-update.linux64_2.0.0.202105311346/tools/bin/../lib/gcc/arm-none-eabi/9.3.1/../../../../arm-none-eabi/lib/thumb/v7e-m+dp/hard/libc_nano.a(lib_a-nano-vfprintf_i.o)
                0x0000000008012c2c                _printf_common
 *fill*         0x0000000008012d06        0x2 
 .text._printf_i
                0x0000000008012d08      0x24c /opt/STMicro/STM32CubeIDE/plugins/com.st.stm32cube.ide.mcu.externaltools.gnu-tools-for-stm32.9-2020-q2-update.linux64_2.0.0.202105311346/tools/bin/../lib/gcc/arm-none-eabi/9.3.1/../../../../arm-none-eabi/lib/thumb/v7e-m+dp/hard/libc_nano.a(lib_a-nano-vfprintf_i.o)
                0x0000000008012d08                _printf_i
 .text._scanf_float
                0x0000000008012f54      0x408 /opt/STMicro/STM32CubeIDE/plugins/com.st.stm32cube.ide.mcu.externaltools.gnu-tools-for-stm32.9-2020-q2-update.linux64_2.0.0.202105311346/tools/bin/../lib/gcc/arm-none-eabi/9.3.1/../../../../arm-none-eabi/lib/thumb/v7e-m+dp/hard/libc_nano.a(lib_a-nano-vfscanf_float.o)
                0x0000000008012f54                _scanf_float
 .text._sbrk_r  0x000000000801335c       0x20 /opt/STMicro/STM32CubeIDE/plugins/com.st.stm32cube.ide.mcu.externaltools.gnu-tools-for-stm32.9-2020-q2-update.linux64_2.0.0.202105311346/tools/bin/../lib/gcc/arm-none-eabi/9.3.1/../../../../arm-none-eabi/lib/thumb/v7e-m+dp/hard/libc_nano.a(lib_a-sbrkr.o)
                0x000000000801335c                _sbrk_r
 .text.nanf     0x000000000801337c        0xc /opt/STMicro/STM32CubeIDE/plugins/com.st.stm32cube.ide.mcu.externaltools.gnu-tools-for-stm32.9-2020-q2-update.linux64_2.0.0.202105311346/tools/bin/../lib/gcc/arm-none-eabi/9.3.1/../../../../arm-none-eabi/lib/thumb/v7e-m+dp/hard/libc_nano.a(lib_a-sf_nan.o)
                0x000000000801337c                nanf
 .text.snprintf
                0x0000000008013388       0x68 /opt/STMicro/STM32CubeIDE/plugins/com.st.stm32cube.ide.mcu.externaltools.gnu-tools-for-stm32.9-2020-q2-update.linux64_2.0.0.202105311346/tools/bin/../lib/gcc/arm-none-eabi/9.3.1/../../../../arm-none-eabi/lib/thumb/v7e-m+dp/hard/libc_nano.a(lib_a-snprintf.o)
                0x0000000008013388                snprintf
                0x0000000008013388                sniprintf
 .text.sprintf  0x00000000080133f0       0x40 /opt/STMicro/STM32CubeIDE/plugins/com.st.stm32cube.ide.mcu.externaltools.gnu-tools-for-stm32.9-2020-q2-update.linux64_2.0.0.202105311346/tools/bin/../lib/gcc/arm-none-eabi/9.3.1/../../../../arm-none-eabi/lib/thumb/v7e-m+dp/hard/libc_nano.a(lib_a-sprintf.o)
                0x00000000080133f0                sprintf
                0x00000000080133f0                siprintf
 .text.sulp     0x0000000008013430       0x34 /opt/STMicro/STM32CubeIDE/plugins/com.st.stm32cube.ide.mcu.externaltools.gnu-tools-for-stm32.9-2020-q2-update.linux64_2.0.0.202105311346/tools/bin/../lib/gcc/arm-none-eabi/9.3.1/../../../../arm-none-eabi/lib/thumb/v7e-m+dp/hard/libc_nano.a(lib_a-strtod.o)
 *fill*         0x0000000008013464        0x4 
 .text._strtod_l
                0x0000000008013468      0xbac /opt/STMicro/STM32CubeIDE/plugins/com.st.stm32cube.ide.mcu.externaltools.gnu-tools-for-stm32.9-2020-q2-update.linux64_2.0.0.202105311346/tools/bin/../lib/gcc/arm-none-eabi/9.3.1/../../../../arm-none-eabi/lib/thumb/v7e-m+dp/hard/libc_nano.a(lib_a-strtod.o)
                0x0000000008013468                _strtod_l
 .text._strtod_r
                0x0000000008014014        0xc /opt/STMicro/STM32CubeIDE/plugins/com.st.stm32cube.ide.mcu.externaltools.gnu-tools-for-stm32.9-2020-q2-update.linux64_2.0.0.202105311346/tools/bin/../lib/gcc/arm-none-eabi/9.3.1/../../../../arm-none-eabi/lib/thumb/v7e-m+dp/hard/libc_nano.a(lib_a-strtod.o)
                0x0000000008014014                _strtod_r
 .text._strtol_l.isra.0
                0x0000000008014020      0x108 /opt/STMicro/STM32CubeIDE/plugins/com.st.stm32cube.ide.mcu.externaltools.gnu-tools-for-stm32.9-2020-q2-update.linux64_2.0.0.202105311346/tools/bin/../lib/gcc/arm-none-eabi/9.3.1/../../../../arm-none-eabi/lib/thumb/v7e-m+dp/hard/libc_nano.a(lib_a-strtol.o)
 .text._strtol_r
                0x0000000008014128        0x4 /opt/STMicro/STM32CubeIDE/plugins/com.st.stm32cube.ide.mcu.externaltools.gnu-tools-for-stm32.9-2020-q2-update.linux64_2.0.0.202105311346/tools/bin/../lib/gcc/arm-none-eabi/9.3.1/../../../../arm-none-eabi/lib/thumb/v7e-m+dp/hard/libc_nano.a(lib_a-strtol.o)
                0x0000000008014128                _strtol_r
 .text.quorem   0x000000000801412c      0x116 /opt/STMicro/STM32CubeIDE/plugins/com.st.stm32cube.ide.mcu.externaltools.gnu-tools-for-stm32.9-2020-q2-update.linux64_2.0.0.202105311346/tools/bin/../lib/gcc/arm-none-eabi/9.3.1/../../../../arm-none-eabi/lib/thumb/v7e-m+dp/hard/libc_nano.a(lib_a-dtoa.o)
 *fill*         0x0000000008014242        0x6 
 .text._dtoa_r  0x0000000008014248      0xb04 /opt/STMicro/STM32CubeIDE/plugins/com.st.stm32cube.ide.mcu.externaltools.gnu-tools-for-stm32.9-2020-q2-update.linux64_2.0.0.202105311346/tools/bin/../lib/gcc/arm-none-eabi/9.3.1/../../../../arm-none-eabi/lib/thumb/v7e-m+dp/hard/libc_nano.a(lib_a-dtoa.o)
                0x0000000008014248                _dtoa_r
 .text.rshift   0x0000000008014d4c       0xa4 /opt/STMicro/STM32CubeIDE/plugins/com.st.stm32cube.ide.mcu.externaltools.gnu-tools-for-stm32.9-2020-q2-update.linux64_2.0.0.202105311346/tools/bin/../lib/gcc/arm-none-eabi/9.3.1/../../../../arm-none-eabi/lib/thumb/v7e-m+dp/hard/libc_nano.a(lib_a-gdtoa-gethex.o)
 .text.__hexdig_fun
                0x0000000008014df0       0x2a /opt/STMicro/STM32CubeIDE/plugins/com.st.stm32cube.ide.mcu.externaltools.gnu-tools-for-stm32.9-2020-q2-update.linux64_2.0.0.202105311346/tools/bin/../lib/gcc/arm-none-eabi/9.3.1/../../../../arm-none-eabi/lib/thumb/v7e-m+dp/hard/libc_nano.a(lib_a-gdtoa-gethex.o)
                0x0000000008014df0                __hexdig_fun
 *fill*         0x0000000008014e1a        0x2 
 .text.__gethex
                0x0000000008014e1c      0x48c /opt/STMicro/STM32CubeIDE/plugins/com.st.stm32cube.ide.mcu.externaltools.gnu-tools-for-stm32.9-2020-q2-update.linux64_2.0.0.202105311346/tools/bin/../lib/gcc/arm-none-eabi/9.3.1/../../../../arm-none-eabi/lib/thumb/v7e-m+dp/hard/libc_nano.a(lib_a-gdtoa-gethex.o)
                0x0000000008014e1c                __gethex
 .text.L_shift  0x00000000080152a8       0x24 /opt/STMicro/STM32CubeIDE/plugins/com.st.stm32cube.ide.mcu.externaltools.gnu-tools-for-stm32.9-2020-q2-update.linux64_2.0.0.202105311346/tools/bin/../lib/gcc/arm-none-eabi/9.3.1/../../../../arm-none-eabi/lib/thumb/v7e-m+dp/hard/libc_nano.a(lib_a-gdtoa-hexnan.o)
 .text.__match  0x00000000080152cc       0x28 /opt/STMicro/STM32CubeIDE/plugins/com.st.stm32cube.ide.mcu.externaltools.gnu-tools-for-stm32.9-2020-q2-update.linux64_2.0.0.202105311346/tools/bin/../lib/gcc/arm-none-eabi/9.3.1/../../../../arm-none-eabi/lib/thumb/v7e-m+dp/hard/libc_nano.a(lib_a-gdtoa-hexnan.o)
                0x00000000080152cc                __match
 .text.__hexnan
                0x00000000080152f4      0x138 /opt/STMicro/STM32CubeIDE/plugins/com.st.stm32cube.ide.mcu.externaltools.gnu-tools-for-stm32.9-2020-q2-update.linux64_2.0.0.202105311346/tools/bin/../lib/gcc/arm-none-eabi/9.3.1/../../../../arm-none-eabi/lib/thumb/v7e-m+dp/hard/libc_nano.a(lib_a-gdtoa-hexnan.o)
                0x00000000080152f4                __hexnan
 .text._localeconv_r
                0x000000000801542c        0x8 /opt/STMicro/STM32CubeIDE/plugins/com.st.stm32cube.ide.mcu.externaltools.gnu-tools-for-stm32.9-2020-q2-update.linux64_2.0.0.202105311346/tools/bin/../lib/gcc/arm-none-eabi/9.3.1/../../../../arm-none-eabi/lib/thumb/v7e-m+dp/hard/libc_nano.a(lib_a-localeconv.o)
                0x000000000801542c                _localeconv_r
 .text.__ascii_mbtowc
                0x0000000008015434       0x24 /opt/STMicro/STM32CubeIDE/plugins/com.st.stm32cube.ide.mcu.externaltools.gnu-tools-for-stm32.9-2020-q2-update.linux64_2.0.0.202105311346/tools/bin/../lib/gcc/arm-none-eabi/9.3.1/../../../../arm-none-eabi/lib/thumb/v7e-m+dp/hard/libc_nano.a(lib_a-mbtowc_r.o)
                0x0000000008015434                __ascii_mbtowc
 .text.__malloc_lock
                0x0000000008015458        0xc /opt/STMicro/STM32CubeIDE/plugins/com.st.stm32cube.ide.mcu.externaltools.gnu-tools-for-stm32.9-2020-q2-update.linux64_2.0.0.202105311346/tools/bin/../lib/gcc/arm-none-eabi/9.3.1/../../../../arm-none-eabi/lib/thumb/v7e-m+dp/hard/libc_nano.a(lib_a-mlock.o)
                0x0000000008015458                __malloc_lock
 .text.__malloc_unlock
                0x0000000008015464        0xc /opt/STMicro/STM32CubeIDE/plugins/com.st.stm32cube.ide.mcu.externaltools.gnu-tools-for-stm32.9-2020-q2-update.linux64_2.0.0.202105311346/tools/bin/../lib/gcc/arm-none-eabi/9.3.1/../../../../arm-none-eabi/lib/thumb/v7e-m+dp/hard/libc_nano.a(lib_a-mlock.o)
                0x0000000008015464                __malloc_unlock
 .text._Balloc  0x0000000008015470       0x80 /opt/STMicro/STM32CubeIDE/plugins/com.st.stm32cube.ide.mcu.externaltools.gnu-tools-for-stm32.9-2020-q2-update.linux64_2.0.0.202105311346/tools/bin/../lib/gcc/arm-none-eabi/9.3.1/../../../../arm-none-eabi/lib/thumb/v7e-m+dp/hard/libc_nano.a(lib_a-mprec.o)
                0x0000000008015470                _Balloc
 .text._Bfree   0x00000000080154f0       0x44 /opt/STMicro/STM32CubeIDE/plugins/com.st.stm32cube.ide.mcu.externaltools.gnu-tools-for-stm32.9-2020-q2-update.linux64_2.0.0.202105311346/tools/bin/../lib/gcc/arm-none-eabi/9.3.1/../../../../arm-none-eabi/lib/thumb/v7e-m+dp/hard/libc_nano.a(lib_a-mprec.o)
                0x00000000080154f0                _Bfree
 .text.__multadd
                0x0000000008015534       0x94 /opt/STMicro/STM32CubeIDE/plugins/com.st.stm32cube.ide.mcu.externaltools.gnu-tools-for-stm32.9-2020-q2-update.linux64_2.0.0.202105311346/tools/bin/../lib/gcc/arm-none-eabi/9.3.1/../../../../arm-none-eabi/lib/thumb/v7e-m+dp/hard/libc_nano.a(lib_a-mprec.o)
                0x0000000008015534                __multadd
 .text.__s2b    0x00000000080155c8       0x94 /opt/STMicro/STM32CubeIDE/plugins/com.st.stm32cube.ide.mcu.externaltools.gnu-tools-for-stm32.9-2020-q2-update.linux64_2.0.0.202105311346/tools/bin/../lib/gcc/arm-none-eabi/9.3.1/../../../../arm-none-eabi/lib/thumb/v7e-m+dp/hard/libc_nano.a(lib_a-mprec.o)
                0x00000000080155c8                __s2b
 .text.__hi0bits
                0x000000000801565c       0x40 /opt/STMicro/STM32CubeIDE/plugins/com.st.stm32cube.ide.mcu.externaltools.gnu-tools-for-stm32.9-2020-q2-update.linux64_2.0.0.202105311346/tools/bin/../lib/gcc/arm-none-eabi/9.3.1/../../../../arm-none-eabi/lib/thumb/v7e-m+dp/hard/libc_nano.a(lib_a-mprec.o)
                0x000000000801565c                __hi0bits
 .text.__lo0bits
                0x000000000801569c       0x60 /opt/STMicro/STM32CubeIDE/plugins/com.st.stm32cube.ide.mcu.externaltools.gnu-tools-for-stm32.9-2020-q2-update.linux64_2.0.0.202105311346/tools/bin/../lib/gcc/arm-none-eabi/9.3.1/../../../../arm-none-eabi/lib/thumb/v7e-m+dp/hard/libc_nano.a(lib_a-mprec.o)
                0x000000000801569c                __lo0bits
 .text.__i2b    0x00000000080156fc       0x2c /opt/STMicro/STM32CubeIDE/plugins/com.st.stm32cube.ide.mcu.externaltools.gnu-tools-for-stm32.9-2020-q2-update.linux64_2.0.0.202105311346/tools/bin/../lib/gcc/arm-none-eabi/9.3.1/../../../../arm-none-eabi/lib/thumb/v7e-m+dp/hard/libc_nano.a(lib_a-mprec.o)
                0x00000000080156fc                __i2b
 .text.__multiply
                0x0000000008015728      0x14c /opt/STMicro/STM32CubeIDE/plugins/com.st.stm32cube.ide.mcu.externaltools.gnu-tools-for-stm32.9-2020-q2-update.linux64_2.0.0.202105311346/tools/bin/../lib/gcc/arm-none-eabi/9.3.1/../../../../arm-none-eabi/lib/thumb/v7e-m+dp/hard/libc_nano.a(lib_a-mprec.o)
                0x0000000008015728                __multiply
 .text.__pow5mult
                0x0000000008015874       0xb4 /opt/STMicro/STM32CubeIDE/plugins/com.st.stm32cube.ide.mcu.externaltools.gnu-tools-for-stm32.9-2020-q2-update.linux64_2.0.0.202105311346/tools/bin/../lib/gcc/arm-none-eabi/9.3.1/../../../../arm-none-eabi/lib/thumb/v7e-m+dp/hard/libc_nano.a(lib_a-mprec.o)
                0x0000000008015874                __pow5mult
 .text.__lshift
                0x0000000008015928       0xd8 /opt/STMicro/STM32CubeIDE/plugins/com.st.stm32cube.ide.mcu.externaltools.gnu-tools-for-stm32.9-2020-q2-update.linux64_2.0.0.202105311346/tools/bin/../lib/gcc/arm-none-eabi/9.3.1/../../../../arm-none-eabi/lib/thumb/v7e-m+dp/hard/libc_nano.a(lib_a-mprec.o)
                0x0000000008015928                __lshift
 .text.__mcmp   0x0000000008015a00       0x38 /opt/STMicro/STM32CubeIDE/plugins/com.st.stm32cube.ide.mcu.externaltools.gnu-tools-for-stm32.9-2020-q2-update.linux64_2.0.0.202105311346/tools/bin/../lib/gcc/arm-none-eabi/9.3.1/../../../../arm-none-eabi/lib/thumb/v7e-m+dp/hard/libc_nano.a(lib_a-mprec.o)
                0x0000000008015a00                __mcmp
 .text.__mdiff  0x0000000008015a38      0x110 /opt/STMicro/STM32CubeIDE/plugins/com.st.stm32cube.ide.mcu.externaltools.gnu-tools-for-stm32.9-2020-q2-update.linux64_2.0.0.202105311346/tools/bin/../lib/gcc/arm-none-eabi/9.3.1/../../../../arm-none-eabi/lib/thumb/v7e-m+dp/hard/libc_nano.a(lib_a-mprec.o)
                0x0000000008015a38                __mdiff
 .text.__ulp    0x0000000008015b48       0x58 /opt/STMicro/STM32CubeIDE/plugins/com.st.stm32cube.ide.mcu.externaltools.gnu-tools-for-stm32.9-2020-q2-update.linux64_2.0.0.202105311346/tools/bin/../lib/gcc/arm-none-eabi/9.3.1/../../../../arm-none-eabi/lib/thumb/v7e-m+dp/hard/libc_nano.a(lib_a-mprec.o)
                0x0000000008015b48                __ulp
 .text.__b2d    0x0000000008015ba0       0xa0 /opt/STMicro/STM32CubeIDE/plugins/com.st.stm32cube.ide.mcu.externaltools.gnu-tools-for-stm32.9-2020-q2-update.linux64_2.0.0.202105311346/tools/bin/../lib/gcc/arm-none-eabi/9.3.1/../../../../arm-none-eabi/lib/thumb/v7e-m+dp/hard/libc_nano.a(lib_a-mprec.o)
                0x0000000008015ba0                __b2d
 .text.__d2b    0x0000000008015c40       0xb8 /opt/STMicro/STM32CubeIDE/plugins/com.st.stm32cube.ide.mcu.externaltools.gnu-tools-for-stm32.9-2020-q2-update.linux64_2.0.0.202105311346/tools/bin/../lib/gcc/arm-none-eabi/9.3.1/../../../../arm-none-eabi/lib/thumb/v7e-m+dp/hard/libc_nano.a(lib_a-mprec.o)
                0x0000000008015c40                __d2b
 .text.__ratio  0x0000000008015cf8       0x68 /opt/STMicro/STM32CubeIDE/plugins/com.st.stm32cube.ide.mcu.externaltools.gnu-tools-for-stm32.9-2020-q2-update.linux64_2.0.0.202105311346/tools/bin/../lib/gcc/arm-none-eabi/9.3.1/../../../../arm-none-eabi/lib/thumb/v7e-m+dp/hard/libc_nano.a(lib_a-mprec.o)
                0x0000000008015cf8                __ratio
 .text.__copybits
                0x0000000008015d60       0x46 /opt/STMicro/STM32CubeIDE/plugins/com.st.stm32cube.ide.mcu.externaltools.gnu-tools-for-stm32.9-2020-q2-update.linux64_2.0.0.202105311346/tools/bin/../lib/gcc/arm-none-eabi/9.3.1/../../../../arm-none-eabi/lib/thumb/v7e-m+dp/hard/libc_nano.a(lib_a-mprec.o)
                0x0000000008015d60                __copybits
 .text.__any_on
                0x0000000008015da6       0x42 /opt/STMicro/STM32CubeIDE/plugins/com.st.stm32cube.ide.mcu.externaltools.gnu-tools-for-stm32.9-2020-q2-update.linux64_2.0.0.202105311346/tools/bin/../lib/gcc/arm-none-eabi/9.3.1/../../../../arm-none-eabi/lib/thumb/v7e-m+dp/hard/libc_nano.a(lib_a-mprec.o)
                0x0000000008015da6                __any_on
 .text._calloc_r
                0x0000000008015de8       0x1e /opt/STMicro/STM32CubeIDE/plugins/com.st.stm32cube.ide.mcu.externaltools.gnu-tools-for-stm32.9-2020-q2-update.linux64_2.0.0.202105311346/tools/bin/../lib/gcc/arm-none-eabi/9.3.1/../../../../arm-none-eabi/lib/thumb/v7e-m+dp/hard/libc_nano.a(lib_a-nano-callocr.o)
                0x0000000008015de8                _calloc_r
 .text.__ssputs_r
                0x0000000008015e06       0xb6 /opt/STMicro/STM32CubeIDE/plugins/com.st.stm32cube.ide.mcu.externaltools.gnu-tools-for-stm32.9-2020-q2-update.linux64_2.0.0.202105311346/tools/bin/../lib/gcc/arm-none-eabi/9.3.1/../../../../arm-none-eabi/lib/thumb/v7e-m+dp/hard/libc_nano.a(lib_a-nano-svfprintf.o)
                0x0000000008015e06                __ssputs_r
 .text._svfprintf_r
                0x0000000008015ebc      0x200 /opt/STMicro/STM32CubeIDE/plugins/com.st.stm32cube.ide.mcu.externaltools.gnu-tools-for-stm32.9-2020-q2-update.linux64_2.0.0.202105311346/tools/bin/../lib/gcc/arm-none-eabi/9.3.1/../../../../arm-none-eabi/lib/thumb/v7e-m+dp/hard/libc_nano.a(lib_a-nano-svfprintf.o)
                0x0000000008015ebc                _svfprintf_r
                0x0000000008015ebc                _svfiprintf_r
 *fill*         0x00000000080160bc        0x4 
 .text.nan      0x00000000080160c0       0x10 /opt/STMicro/STM32CubeIDE/plugins/com.st.stm32cube.ide.mcu.externaltools.gnu-tools-for-stm32.9-2020-q2-update.linux64_2.0.0.202105311346/tools/bin/../lib/gcc/arm-none-eabi/9.3.1/../../../../arm-none-eabi/lib/thumb/v7e-m+dp/hard/libc_nano.a(lib_a-s_nan.o)
                0x00000000080160c0                nan
 .text.strncmp  0x00000000080160d0       0x24 /opt/STMicro/STM32CubeIDE/plugins/com.st.stm32cube.ide.mcu.externaltools.gnu-tools-for-stm32.9-2020-q2-update.linux64_2.0.0.202105311346/tools/bin/../lib/gcc/arm-none-eabi/9.3.1/../../../../arm-none-eabi/lib/thumb/v7e-m+dp/hard/libc_nano.a(lib_a-strncmp.o)
                0x00000000080160d0                strncmp
 .text.__ascii_wctomb
                0x00000000080160f4       0x1a /opt/STMicro/STM32CubeIDE/plugins/com.st.stm32cube.ide.mcu.externaltools.gnu-tools-for-stm32.9-2020-q2-update.linux64_2.0.0.202105311346/tools/bin/../lib/gcc/arm-none-eabi/9.3.1/../../../../arm-none-eabi/lib/thumb/v7e-m+dp/hard/libc_nano.a(lib_a-wctomb_r.o)
                0x00000000080160f4                __ascii_wctomb
 *fill*         0x000000000801610e        0x2 
 .text.__assert_func
                0x0000000008016110       0x3c /opt/STMicro/STM32CubeIDE/plugins/com.st.stm32cube.ide.mcu.externaltools.gnu-tools-for-stm32.9-2020-q2-update.linux64_2.0.0.202105311346/tools/bin/../lib/gcc/arm-none-eabi/9.3.1/../../../../arm-none-eabi/lib/thumb/v7e-m+dp/hard/libc_nano.a(lib_a-assert.o)
                0x0000000008016110                __assert_func
 .text.fprintf  0x000000000801614c       0x24 /opt/STMicro/STM32CubeIDE/plugins/com.st.stm32cube.ide.mcu.externaltools.gnu-tools-for-stm32.9-2020-q2-update.linux64_2.0.0.202105311346/tools/bin/../lib/gcc/arm-none-eabi/9.3.1/../../../../arm-none-eabi/lib/thumb/v7e-m+dp/hard/libc_nano.a(lib_a-fprintf.o)
                0x000000000801614c                fprintf
                0x000000000801614c                fiprintf
 .text.__retarget_lock_init_recursive
                0x0000000008016170        0x2 /opt/STMicro/STM32CubeIDE/plugins/com.st.stm32cube.ide.mcu.externaltools.gnu-tools-for-stm32.9-2020-q2-update.linux64_2.0.0.202105311346/tools/bin/../lib/gcc/arm-none-eabi/9.3.1/../../../../arm-none-eabi/lib/thumb/v7e-m+dp/hard/libc_nano.a(lib_a-lock.o)
                0x0000000008016170                __retarget_lock_init_recursive
 .text.__retarget_lock_acquire_recursive
                0x0000000008016172        0x2 /opt/STMicro/STM32CubeIDE/plugins/com.st.stm32cube.ide.mcu.externaltools.gnu-tools-for-stm32.9-2020-q2-update.linux64_2.0.0.202105311346/tools/bin/../lib/gcc/arm-none-eabi/9.3.1/../../../../arm-none-eabi/lib/thumb/v7e-m+dp/hard/libc_nano.a(lib_a-lock.o)
                0x0000000008016172                __retarget_lock_acquire_recursive
 .text.__retarget_lock_release_recursive
                0x0000000008016174        0x2 /opt/STMicro/STM32CubeIDE/plugins/com.st.stm32cube.ide.mcu.externaltools.gnu-tools-for-stm32.9-2020-q2-update.linux64_2.0.0.202105311346/tools/bin/../lib/gcc/arm-none-eabi/9.3.1/../../../../arm-none-eabi/lib/thumb/v7e-m+dp/hard/libc_nano.a(lib_a-lock.o)
                0x0000000008016174                __retarget_lock_release_recursive
 .text.memmove  0x0000000008016176       0x34 /opt/STMicro/STM32CubeIDE/plugins/com.st.stm32cube.ide.mcu.externaltools.gnu-tools-for-stm32.9-2020-q2-update.linux64_2.0.0.202105311346/tools/bin/../lib/gcc/arm-none-eabi/9.3.1/../../../../arm-none-eabi/lib/thumb/v7e-m+dp/hard/libc_nano.a(lib_a-memmove.o)
                0x0000000008016176                memmove
 .text._realloc_r
                0x00000000080161aa       0x4c /opt/STMicro/STM32CubeIDE/plugins/com.st.stm32cube.ide.mcu.externaltools.gnu-tools-for-stm32.9-2020-q2-update.linux64_2.0.0.202105311346/tools/bin/../lib/gcc/arm-none-eabi/9.3.1/../../../../arm-none-eabi/lib/thumb/v7e-m+dp/hard/libc_nano.a(lib_a-nano-reallocr.o)
                0x00000000080161aa                _realloc_r
 .text.__sfputc_r
                0x00000000080161f6       0x2e /opt/STMicro/STM32CubeIDE/plugins/com.st.stm32cube.ide.mcu.externaltools.gnu-tools-for-stm32.9-2020-q2-update.linux64_2.0.0.202105311346/tools/bin/../lib/gcc/arm-none-eabi/9.3.1/../../../../arm-none-eabi/lib/thumb/v7e-m+dp/hard/libc_nano.a(lib_a-nano-vfprintf.o)
 .text.__sfputs_r
                0x0000000008016224       0x24 /opt/STMicro/STM32CubeIDE/plugins/com.st.stm32cube.ide.mcu.externaltools.gnu-tools-for-stm32.9-2020-q2-update.linux64_2.0.0.202105311346/tools/bin/../lib/gcc/arm-none-eabi/9.3.1/../../../../arm-none-eabi/lib/thumb/v7e-m+dp/hard/libc_nano.a(lib_a-nano-vfprintf.o)
                0x0000000008016224                __sfputs_r
 .text._vfprintf_r
                0x0000000008016248      0x260 /opt/STMicro/STM32CubeIDE/plugins/com.st.stm32cube.ide.mcu.externaltools.gnu-tools-for-stm32.9-2020-q2-update.linux64_2.0.0.202105311346/tools/bin/../lib/gcc/arm-none-eabi/9.3.1/../../../../arm-none-eabi/lib/thumb/v7e-m+dp/hard/libc_nano.a(lib_a-nano-vfprintf.o)
                0x0000000008016248                _vfiprintf_r
                0x0000000008016248                _vfprintf_r
 .text.__swbuf_r
                0x00000000080164a8       0xa4 /opt/STMicro/STM32CubeIDE/plugins/com.st.stm32cube.ide.mcu.externaltools.gnu-tools-for-stm32.9-2020-q2-update.linux64_2.0.0.202105311346/tools/bin/../lib/gcc/arm-none-eabi/9.3.1/../../../../arm-none-eabi/lib/thumb/v7e-m+dp/hard/libc_nano.a(lib_a-wbuf.o)
                0x00000000080164a8                __swbuf_r
 .text.__swsetup_r
                0x000000000801654c       0xdc /opt/STMicro/STM32CubeIDE/plugins/com.st.stm32cube.ide.mcu.externaltools.gnu-tools-for-stm32.9-2020-q2-update.linux64_2.0.0.202105311346/tools/bin/../lib/gcc/arm-none-eabi/9.3.1/../../../../arm-none-eabi/lib/thumb/v7e-m+dp/hard/libc_nano.a(lib_a-wsetup.o)
                0x000000000801654c                __swsetup_r
 .text.abort    0x0000000008016628        0xe /opt/STMicro/STM32CubeIDE/plugins/com.st.stm32cube.ide.mcu.externaltools.gnu-tools-for-stm32.9-2020-q2-update.linux64_2.0.0.202105311346/tools/bin/../lib/gcc/arm-none-eabi/9.3.1/../../../../arm-none-eabi/lib/thumb/v7e-m+dp/hard/libc_nano.a(lib_a-abort.o)
                0x0000000008016628                abort
 *fill*         0x0000000008016636        0x2 
 .text.__sflush_r
                0x0000000008016638      0x10c /opt/STMicro/STM32CubeIDE/plugins/com.st.stm32cube.ide.mcu.externaltools.gnu-tools-for-stm32.9-2020-q2-update.linux64_2.0.0.202105311346/tools/bin/../lib/gcc/arm-none-eabi/9.3.1/../../../../arm-none-eabi/lib/thumb/v7e-m+dp/hard/libc_nano.a(lib_a-fflush.o)
                0x0000000008016638                __sflush_r
 .text._fflush_r
                0x0000000008016744       0x78 /opt/STMicro/STM32CubeIDE/plugins/com.st.stm32cube.ide.mcu.externaltools.gnu-tools-for-stm32.9-2020-q2-update.linux64_2.0.0.202105311346/tools/bin/../lib/gcc/arm-none-eabi/9.3.1/../../../../arm-none-eabi/lib/thumb/v7e-m+dp/hard/libc_nano.a(lib_a-fflush.o)
                0x0000000008016744                _fflush_r
 .text.std      0x00000000080167bc       0x48 /opt/STMicro/STM32CubeIDE/plugins/com.st.stm32cube.ide.mcu.externaltools.gnu-tools-for-stm32.9-2020-q2-update.linux64_2.0.0.202105311346/tools/bin/../lib/gcc/arm-none-eabi/9.3.1/../../../../arm-none-eabi/lib/thumb/v7e-m+dp/hard/libc_nano.a(lib_a-findfp.o)
 .text._cleanup_r
                0x0000000008016804        0xc /opt/STMicro/STM32CubeIDE/plugins/com.st.stm32cube.ide.mcu.externaltools.gnu-tools-for-stm32.9-2020-q2-update.linux64_2.0.0.202105311346/tools/bin/../lib/gcc/arm-none-eabi/9.3.1/../../../../arm-none-eabi/lib/thumb/v7e-m+dp/hard/libc_nano.a(lib_a-findfp.o)
                0x0000000008016804                _cleanup_r
 .text.__sfmoreglue
                0x0000000008016810       0x2c /opt/STMicro/STM32CubeIDE/plugins/com.st.stm32cube.ide.mcu.externaltools.gnu-tools-for-stm32.9-2020-q2-update.linux64_2.0.0.202105311346/tools/bin/../lib/gcc/arm-none-eabi/9.3.1/../../../../arm-none-eabi/lib/thumb/v7e-m+dp/hard/libc_nano.a(lib_a-findfp.o)
                0x0000000008016810                __sfmoreglue
 .text.__sfp_lock_acquire
                0x000000000801683c        0xc /opt/STMicro/STM32CubeIDE/plugins/com.st.stm32cube.ide.mcu.externaltools.gnu-tools-for-stm32.9-2020-q2-update.linux64_2.0.0.202105311346/tools/bin/../lib/gcc/arm-none-eabi/9.3.1/../../../../arm-none-eabi/lib/thumb/v7e-m+dp/hard/libc_nano.a(lib_a-findfp.o)
                0x000000000801683c                __sfp_lock_acquire
 .text.__sfp_lock_release
                0x0000000008016848        0xc /opt/STMicro/STM32CubeIDE/plugins/com.st.stm32cube.ide.mcu.externaltools.gnu-tools-for-stm32.9-2020-q2-update.linux64_2.0.0.202105311346/tools/bin/../lib/gcc/arm-none-eabi/9.3.1/../../../../arm-none-eabi/lib/thumb/v7e-m+dp/hard/libc_nano.a(lib_a-findfp.o)
                0x0000000008016848                __sfp_lock_release
 .text.__sinit_lock_acquire
                0x0000000008016854        0xc /opt/STMicro/STM32CubeIDE/plugins/com.st.stm32cube.ide.mcu.externaltools.gnu-tools-for-stm32.9-2020-q2-update.linux64_2.0.0.202105311346/tools/bin/../lib/gcc/arm-none-eabi/9.3.1/../../../../arm-none-eabi/lib/thumb/v7e-m+dp/hard/libc_nano.a(lib_a-findfp.o)
                0x0000000008016854                __sinit_lock_acquire
 .text.__sinit_lock_release
                0x0000000008016860        0xc /opt/STMicro/STM32CubeIDE/plugins/com.st.stm32cube.ide.mcu.externaltools.gnu-tools-for-stm32.9-2020-q2-update.linux64_2.0.0.202105311346/tools/bin/../lib/gcc/arm-none-eabi/9.3.1/../../../../arm-none-eabi/lib/thumb/v7e-m+dp/hard/libc_nano.a(lib_a-findfp.o)
                0x0000000008016860                __sinit_lock_release
 .text.__sinit  0x000000000801686c       0x70 /opt/STMicro/STM32CubeIDE/plugins/com.st.stm32cube.ide.mcu.externaltools.gnu-tools-for-stm32.9-2020-q2-update.linux64_2.0.0.202105311346/tools/bin/../lib/gcc/arm-none-eabi/9.3.1/../../../../arm-none-eabi/lib/thumb/v7e-m+dp/hard/libc_nano.a(lib_a-findfp.o)
                0x000000000801686c                __sinit
 .text.__sfp    0x00000000080168dc       0x8c /opt/STMicro/STM32CubeIDE/plugins/com.st.stm32cube.ide.mcu.externaltools.gnu-tools-for-stm32.9-2020-q2-update.linux64_2.0.0.202105311346/tools/bin/../lib/gcc/arm-none-eabi/9.3.1/../../../../arm-none-eabi/lib/thumb/v7e-m+dp/hard/libc_nano.a(lib_a-findfp.o)
                0x00000000080168dc                __sfp
 .text._fwalk_reent
                0x0000000008016968       0x3e /opt/STMicro/STM32CubeIDE/plugins/com.st.stm32cube.ide.mcu.externaltools.gnu-tools-for-stm32.9-2020-q2-update.linux64_2.0.0.202105311346/tools/bin/../lib/gcc/arm-none-eabi/9.3.1/../../../../arm-none-eabi/lib/thumb/v7e-m+dp/hard/libc_nano.a(lib_a-fwalk.o)
                0x0000000008016968                _fwalk_reent
 .text.__swhatbuf_r
                0x00000000080169a6       0x48 /opt/STMicro/STM32CubeIDE/plugins/com.st.stm32cube.ide.mcu.externaltools.gnu-tools-for-stm32.9-2020-q2-update.linux64_2.0.0.202105311346/tools/bin/../lib/gcc/arm-none-eabi/9.3.1/../../../../arm-none-eabi/lib/thumb/v7e-m+dp/hard/libc_nano.a(lib_a-makebuf.o)
                0x00000000080169a6                __swhatbuf_r
 *fill*         0x00000000080169ee        0x2 
 .text.__smakebuf_r
                0x00000000080169f0       0x80 /opt/STMicro/STM32CubeIDE/plugins/com.st.stm32cube.ide.mcu.externaltools.gnu-tools-for-stm32.9-2020-q2-update.linux64_2.0.0.202105311346/tools/bin/../lib/gcc/arm-none-eabi/9.3.1/../../../../arm-none-eabi/lib/thumb/v7e-m+dp/hard/libc_nano.a(lib_a-makebuf.o)
                0x00000000080169f0                __smakebuf_r
 .text._malloc_usable_size_r
                0x0000000008016a70       0x10 /opt/STMicro/STM32CubeIDE/plugins/com.st.stm32cube.ide.mcu.externaltools.gnu-tools-for-stm32.9-2020-q2-update.linux64_2.0.0.202105311346/tools/bin/../lib/gcc/arm-none-eabi/9.3.1/../../../../arm-none-eabi/lib/thumb/v7e-m+dp/hard/libc_nano.a(lib_a-nano-msizer.o)
                0x0000000008016a70                _malloc_usable_size_r
 .text._raise_r
                0x0000000008016a80       0x50 /opt/STMicro/STM32CubeIDE/plugins/com.st.stm32cube.ide.mcu.externaltools.gnu-tools-for-stm32.9-2020-q2-update.linux64_2.0.0.202105311346/tools/bin/../lib/gcc/arm-none-eabi/9.3.1/../../../../arm-none-eabi/lib/thumb/v7e-m+dp/hard/libc_nano.a(lib_a-signal.o)
                0x0000000008016a80                _raise_r
 .text.raise    0x0000000008016ad0       0x10 /opt/STMicro/STM32CubeIDE/plugins/com.st.stm32cube.ide.mcu.externaltools.gnu-tools-for-stm32.9-2020-q2-update.linux64_2.0.0.202105311346/tools/bin/../lib/gcc/arm-none-eabi/9.3.1/../../../../arm-none-eabi/lib/thumb/v7e-m+dp/hard/libc_nano.a(lib_a-signal.o)
                0x0000000008016ad0                raise
 .text._kill_r  0x0000000008016ae0       0x24 /opt/STMicro/STM32CubeIDE/plugins/com.st.stm32cube.ide.mcu.externaltools.gnu-tools-for-stm32.9-2020-q2-update.linux64_2.0.0.202105311346/tools/bin/../lib/gcc/arm-none-eabi/9.3.1/../../../../arm-none-eabi/lib/thumb/v7e-m+dp/hard/libc_nano.a(lib_a-signalr.o)
                0x0000000008016ae0                _kill_r