Archive member included to satisfy reference by file (symbol)

/opt/STMicro/STM32CubeIDE/plugins/com.st.stm32cube.ide.mcu.externaltools.gnu-tools-for-stm32.9-2020-q2-update.linux64_2.0.0.202105311346/tools/bin/../lib/gcc/arm-none-eabi/9.3.1/../../../../arm-none-eabi/lib/thumb/v7e-m+dp/hard/libc_nano.a(lib_a-errno.o)
                              ./Core/Src/syscalls.o (__errno)
/opt/STMicro/STM32CubeIDE/plugins/com.st.stm32cube.ide.mcu.externaltools.gnu-tools-for-stm32.9-2020-q2-update.linux64_2.0.0.202105311346/tools/bin/../lib/gcc/arm-none-eabi/9.3.1/../../../../arm-none-eabi/lib/thumb/v7e-m+dp/hard/libc_nano.a(lib_a-exit.o)
                              /opt/STMicro/STM32CubeIDE/plugins/com.st.stm32cube.ide.mcu.externaltools.gnu-tools-for-stm32.9-2020-q2-update.linux64_2.0.0.202105311346/tools/bin/../lib/gcc/arm-none-eabi/9.3.1/../../../../arm-none-eabi/lib/thumb/v7e-m+dp/hard/crt0.o (exit)
/opt/STMicro/STM32CubeIDE/plugins/com.st.stm32cube.ide.mcu.externaltools.gnu-tools-for-stm32.9-2020-q2-update.linux64_2.0.0.202105311346/tools/bin/../lib/gcc/arm-none-eabi/9.3.1/../../../../arm-none-eabi/lib/thumb/v7e-m+dp/hard/libc_nano.a(lib_a-impure.o)
                              /opt/STMicro/STM32CubeIDE/plugins/com.st.stm32cube.ide.mcu.externaltools.gnu-tools-for-stm32.9-2020-q2-update.linux64_2.0.0.202105311346/tools/bin/../lib/gcc/arm-none-eabi/9.3.1/../../../../arm-none-eabi/lib/thumb/v7e-m+dp/hard/libc_nano.a(lib_a-exit.o) (_global_impure_ptr)
/opt/STMicro/STM32CubeIDE/plugins/com.st.stm32cube.ide.mcu.externaltools.gnu-tools-for-stm32.9-2020-q2-update.linux64_2.0.0.202105311346/tools/bin/../lib/gcc/arm-none-eabi/9.3.1/../../../../arm-none-eabi/lib/thumb/v7e-m+dp/hard/libc_nano.a(lib_a-init.o)
                              /opt/STMicro/STM32CubeIDE/plugins/com.st.stm32cube.ide.mcu.externaltools.gnu-tools-for-stm32.9-2020-q2-update.linux64_2.0.0.202105311346/tools/bin/../lib/gcc/arm-none-eabi/9.3.1/../../../../arm-none-eabi/lib/thumb/v7e-m+dp/hard/crt0.o (__libc_init_array)
/opt/STMicro/STM32CubeIDE/plugins/com.st.stm32cube.ide.mcu.externaltools.gnu-tools-for-stm32.9-2020-q2-update.linux64_2.0.0.202105311346/tools/bin/../lib/gcc/arm-none-eabi/9.3.1/../../../../arm-none-eabi/lib/thumb/v7e-m+dp/hard/libc_nano.a(lib_a-malloc.o)
                              ./Core/Src/main.o (malloc)
/opt/STMicro/STM32CubeIDE/plugins/com.st.stm32cube.ide.mcu.externaltools.gnu-tools-for-stm32.9-2020-q2-update.linux64_2.0.0.202105311346/tools/bin/../lib/gcc/arm-none-eabi/9.3.1/../../../../arm-none-eabi/lib/thumb/v7e-m+dp/hard/libc_nano.a(lib_a-memcpy-stub.o)
                              ./Core/Src/main.o (memcpy)
/opt/STMicro/STM32CubeIDE/plugins/com.st.stm32cube.ide.mcu.externaltools.gnu-tools-for-stm32.9-2020-q2-update.linux64_2.0.0.202105311346/tools/bin/../lib/gcc/arm-none-eabi/9.3.1/../../../../arm-none-eabi/lib/thumb/v7e-m+dp/hard/libc_nano.a(lib_a-memset.o)
                              /opt/STMicro/STM32CubeIDE/plugins/com.st.stm32cube.ide.mcu.externaltools.gnu-tools-for-stm32.9-2020-q2-update.linux64_2.0.0.202105311346/tools/bin/../lib/gcc/arm-none-eabi/9.3.1/../../../../arm-none-eabi/lib/thumb/v7e-m+dp/hard/crt0.o (memset)
/opt/STMicro/STM32CubeIDE/plugins/com.st.stm32cube.ide.mcu.externaltools.gnu-tools-for-stm32.9-2020-q2-update.linux64_2.0.0.202105311346/tools/bin/../lib/gcc/arm-none-eabi/9.3.1/../../../../arm-none-eabi/lib/thumb/v7e-m+dp/hard/libc_nano.a(lib_a-nano-freer.o)
                              /opt/STMicro/STM32CubeIDE/plugins/com.st.stm32cube.ide.mcu.externaltools.gnu-tools-for-stm32.9-2020-q2-update.linux64_2.0.0.202105311346/tools/bin/../lib/gcc/arm-none-eabi/9.3.1/../../../../arm-none-eabi/lib/thumb/v7e-m+dp/hard/libc_nano.a(lib_a-malloc.o) (_free_r)
/opt/STMicro/STM32CubeIDE/plugins/com.st.stm32cube.ide.mcu.externaltools.gnu-tools-for-stm32.9-2020-q2-update.linux64_2.0.0.202105311346/tools/bin/../lib/gcc/arm-none-eabi/9.3.1/../../../../arm-none-eabi/lib/thumb/v7e-m+dp/hard/libc_nano.a(lib_a-nano-mallocr.o)
                              /opt/STMicro/STM32CubeIDE/plugins/com.st.stm32cube.ide.mcu.externaltools.gnu-tools-for-stm32.9-2020-q2-update.linux64_2.0.0.202105311346/tools/bin/../lib/gcc/arm-none-eabi/9.3.1/../../../../arm-none-eabi/lib/thumb/v7e-m+dp/hard/libc_nano.a(lib_a-malloc.o) (_malloc_r)
/opt/STMicro/STM32CubeIDE/plugins/com.st.stm32cube.ide.mcu.externaltools.gnu-tools-for-stm32.9-2020-q2-update.linux64_2.0.0.202105311346/tools/bin/../lib/gcc/arm-none-eabi/9.3.1/../../../../arm-none-eabi/lib/thumb/v7e-m+dp/hard/libc_nano.a(lib_a-nano-vfprintf_float.o)
                              (_printf_float)
/opt/STMicro/STM32CubeIDE/plugins/com.st.stm32cube.ide.mcu.externaltools.gnu-tools-for-stm32.9-2020-q2-update.linux64_2.0.0.202105311346/tools/bin/../lib/gcc/arm-none-eabi/9.3.1/../../../../arm-none-eabi/lib/thumb/v7e-m+dp/hard/libc_nano.a(lib_a-nano-vfprintf_i.o)
[...]
Memory Configuration

Name             Origin             Length             Attributes
ITCMRAM          0x0000000000000000 0x0000000000010000 xrw
DTCMRAM          0x0000000020000000 0x0000000000020000 xrw
FLASH            0x0000000008000000 0x0000000000080000 xr
RAM_D1           0x0000000024000000 0x0000000000050000 xrw
RAM_D2           0x0000000030000000 0x0000000000008000 xrw
RAM_D3           0x0000000038000000 0x0000000000004000 xrw
*default*        0x0000000000000000 0xffffffffffffffff

Linker script and memory map

LOAD /opt/STMicro/STM32CubeIDE/plugins/com.st.stm32cube.ide.mcu.externaltools.gnu-tools-for-stm32.9-2020-q2-update.linux64_2.0.0.202105311346/tools/bin/../lib/gcc/arm-none-eabi/9.3.1/thumb/v7e-m+dp/hard/crti.o
LOAD /opt/STMicro/STM32CubeIDE/plugins/com.st.stm32cube.ide.mcu.externaltools.gnu-tools-for-stm32.9-2020-q2-update.linux64_2.0.0.202105311346/tools/bin/../lib/gcc/arm-none-eabi/9.3.1/thumb/v7e-m+dp/hard/crtbegin.o
LOAD /opt/STMicro/STM32CubeIDE/plugins/com.st.stm32cube.ide.mcu.externaltools.gnu-tools-for-stm32.9-2020-q2-update.linux64_2.0.0.202105311346/tools/bin/../lib/gcc/arm-none-eabi/9.3.1/../../../../arm-none-eabi/lib/thumb/v7e-m+dp/hard/crt0.o
LOAD ./Core/Src/dwt_stm32_delay.o
LOAD ./Core/Src/main.o
LOAD ./Core/Src/stm32h7xx_hal_msp.o
LOAD ./Core/Src/stm32h7xx_it.o
LOAD ./Core/Src/syscalls.o
LOAD ./Core/Src/sysmem.o
LOAD ./Core/Src/system_stm32h7xx.o
LOAD ./Core/Startup/startup_stm32h723vetx.o
LOAD ./Drivers/STM32H7xx_HAL_Driver/Src/stm32h7xx_hal.o
LOAD ./Drivers/STM32H7xx_HAL_Driver/Src/stm32h7xx_hal_adc.o
LOAD ./Drivers/STM32H7xx_HAL_Driver/Src/stm32h7xx_hal_adc_ex.o
LOAD ./Drivers/STM32H7xx_HAL_Driver/Src/stm32h7xx_hal_cortex.o
LOAD ./Drivers/STM32H7xx_HAL_Driver/Src/stm32h7xx_hal_dac.o
LOAD ./Drivers/STM32H7xx_HAL_Driver/Src/stm32h7xx_hal_dac_ex.o
LOAD ./Drivers/STM32H7xx_HAL_Driver/Src/stm32h7xx_hal_dma.o
LOAD ./Drivers/STM32H7xx_HAL_Driver/Src/stm32h7xx_hal_dma_ex.o
LOAD ./Drivers/STM32H7xx_HAL_Driver/Src/stm32h7xx_hal_exti.o
LOAD ./Drivers/STM32H7xx_HAL_Driver/Src/stm32h7xx_hal_flash.o
LOAD ./Drivers/STM32H7xx_HAL_Driver/Src/stm32h7xx_hal_flash_ex.o
LOAD ./Drivers/STM32H7xx_HAL_Driver/Src/stm32h7xx_hal_gpio.o
LOAD ./Drivers/STM32H7xx_HAL_Driver/Src/stm32h7xx_hal_hsem.o
LOAD ./Drivers/STM32H7xx_HAL_Driver/Src/stm32h7xx_hal_i2c.o
LOAD ./Drivers/STM32H7xx_HAL_Driver/Src/stm32h7xx_hal_i2c_ex.o
LOAD ./Drivers/STM32H7xx_HAL_Driver/Src/stm32h7xx_hal_mdma.o
LOAD ./Drivers/STM32H7xx_HAL_Driver/Src/stm32h7xx_hal_pwr.o
LOAD ./Drivers/STM32H7xx_HAL_Driver/Src/stm32h7xx_hal_pwr_ex.o
LOAD ./Drivers/STM32H7xx_HAL_Driver/Src/stm32h7xx_hal_rcc.o
LOAD ./Drivers/STM32H7xx_HAL_Driver/Src/stm32h7xx_hal_rcc_ex.o
LOAD ./Drivers/STM32H7xx_HAL_Driver/Src/stm32h7xx_hal_spi.o
LOAD ./Drivers/STM32H7xx_HAL_Driver/Src/stm32h7xx_hal_spi_ex.o
LOAD ./Drivers/STM32H7xx_HAL_Driver/Src/stm32h7xx_hal_tim.o
LOAD ./Drivers/STM32H7xx_HAL_Driver/Src/stm32h7xx_hal_tim_ex.o
LOAD ./Drivers/STM32H7xx_HAL_Driver/Src/stm32h7xx_hal_uart.o
LOAD ./Drivers/STM32H7xx_HAL_Driver/Src/stm32h7xx_hal_uart_ex.o
START GROUP
LOAD /opt/STMicro/STM32CubeIDE/plugins/com.st.stm32cube.ide.mcu.externaltools.gnu-tools-for-stm32.9-2020-q2-update.linux64_2.0.0.202105311346/tools/bin/../lib/gcc/arm-none-eabi/9.3.1/../../../../arm-none-eabi/lib/thumb/v7e-m+dp/hard/libc_nano.a
LOAD /opt/STMicro/STM32CubeIDE/plugins/com.st.stm32cube.ide.mcu.externaltools.gnu-tools-for-stm32.9-2020-q2-update.linux64_2.0.0.202105311346/tools/bin/../lib/gcc/arm-none-eabi/9.3.1/../../../../arm-none-eabi/lib/thumb/v7e-m+dp/hard/libm.a
END GROUP
START GROUP
LOAD /opt/STMicro/STM32CubeIDE/plugins/com.st.stm32cube.ide.mcu.externaltools.gnu-tools-for-stm32.9-2020-q2-update.linux64_2.0.0.202105311346/tools/bin/../lib/gcc/arm-none-eabi/9.3.1/thumb/v7e-m+dp/hard/libgcc.a
LOAD /opt/STMicro/STM32CubeIDE/plugins/com.st.stm32cube.ide.mcu.externaltools.gnu-tools-for-stm32.9-2020-q2-update.linux64_2.0.0.202105311346/tools/bin/../lib/gcc/arm-none-eabi/9.3.1/../../../../arm-none-eabi/lib/thumb/v7e-m+dp/hard/libc_nano.a
END GROUP
START GROUP
LOAD /opt/STMicro/STM32CubeIDE/plugins/com.st.stm32cube.ide.mcu.externaltools.gnu-tools-for-stm32.9-2020-q2-update.linux64_2.0.0.202105311346/tools/bin/../lib/gcc/arm-none-eabi/9.3.1/thumb/v7e-m+dp/hard/libgcc.a
LOAD /opt/STMicro/STM32CubeIDE/plugins/com.st.stm32cube.ide.mcu.externaltools.gnu-tools-for-stm32.9-2020-q2-update.linux64_2.0.0.202105311346/tools/bin/../lib/gcc/arm-none-eabi/9.3.1/../../../../arm-none-eabi/lib/thumb/v7e-m+dp/hard/libc_nano.a
LOAD /opt/STMicro/STM32CubeIDE/plugins/com.st.stm32cube.ide.mcu.externaltools.gnu-tools-for-stm32.9-2020-q2-update.linux64_2.0.0.202105311346/tools/bin/../lib/gcc/arm-none-eabi/9.3.1/../../../../arm-none-eabi/lib/thumb/v7e-m+dp/hard/libnosys.a
END GROUP
START GROUP
LOAD /opt/STMicro/STM32CubeIDE/plugins/com.st.stm32cube.ide.mcu.externaltools.gnu-tools-for-stm32.9-2020-q2-update.linux64_2.0.0.202105311346/tools/bin/../lib/gcc/arm-none-eabi/9.3.1/thumb/v7e-m+dp/hard/libgcc.a
LOAD /opt/STMicro/STM32CubeIDE/plugins/com.st.stm32cube.ide.mcu.externaltools.gnu-tools-for-stm32.9-2020-q2-update.linux64_2.0.0.202105311346/tools/bin/../lib/gcc/arm-none-eabi/9.3.1/../../../../arm-none-eabi/lib/thumb/v7e-m+dp/hard/libc_nano.a
LOAD /opt/STMicro/STM32CubeIDE/plugins/com.st.stm32cube.ide.mcu.externaltools.gnu-tools-for-stm32.9-2020-q2-update.linux64_2.0.0.202105311346/tools/bin/../lib/gcc/arm-none-eabi/9.3.1/../../../../arm-none-eabi/lib/thumb/v7e-m+dp/hard/libnosys.a
END GROUP
LOAD /opt/STMicro/STM32CubeIDE/plugins/com.st.stm32cube.ide.mcu.externaltools.gnu-tools-for-stm32.9-2020-q2-update.linux64_2.0.0.202105311346/tools/bin/../lib/gcc/arm-none-eabi/9.3.1/thumb/v7e-m+dp/hard/crtend.o
LOAD /opt/STMicro/STM32CubeIDE/plugins/com.st.stm32cube.ide.mcu.externaltools.gnu-tools-for-stm32.9-2020-q2-update.linux64_2.0.0.202105311346/tools/bin/../lib/gcc/arm-none-eabi/9.3.1/thumb/v7e-m+dp/hard/crtn.o
                0x0000000024050000                _estack = (ORIGIN (RAM_D1) + LENGTH (RAM_D1))
                0x0000000000000200                _Min_Heap_Size = 0x200
                0x0000000000000400                _Min_Stack_Size = 0x400

.isr_vector     0x0000000008000000      0x2cc
                0x0000000008000000                . = ALIGN (0x4)
 *(.isr_vector)
 .isr_vector    0x0000000008000000      0x2cc ./Core/Startup/startup_stm32h723vetx.o
                0x0000000008000000                g_pfnVectors
                0x00000000080002cc                . = ALIGN (0x4)

.text           0x00000000080002d0    0x16988
                0x00000000080002d0                . = ALIGN (0x4)
 *(.text)
 .text          0x00000000080002d0       0x40 /opt/STMicro/STM32CubeIDE/plugins/com.st.stm32cube.ide.mcu.externaltools.gnu-tools-for-stm32.9-2020-q2-update.linux64_2.0.0.202105311346/tools/bin/../lib/gcc/arm-none-eabi/9.3.1/thumb/v7e-m+dp/hard/crtbegin.o
 .text          0x0000000008000310       0x10 /opt/STMicro/STM32CubeIDE/plugins/com.st.stm32cube.ide.mcu.externaltools.gnu-tools-for-stm32.9-2020-q2-update.linux64_2.0.0.202105311346/tools/bin/../lib/gcc/arm-none-eabi/9.3.1/../../../../arm-none-eabi/lib/thumb/v7e-m+dp/hard/libc_nano.a(lib_a-strlen.o)
                0x0000000008000310                strlen
 .text          0x0000000008000320       0xa0 /opt/STMicro/STM32CubeIDE/plugins/com.st.stm32cube.ide.mcu.externaltools.gnu-tools-for-stm32.9-2020-q2-update.linux64_2.0.0.202105311346/tools/bin/../lib/gcc/arm-none-eabi/9.3.1/../../../../arm-none-eabi/lib/thumb/v7e-m+dp/hard/libc_nano.a(lib_a-memchr.o)
                0x0000000008000320                memchr
 .text          0x00000000080003c0      0x378 /opt/STMicro/STM32CubeIDE/plugins/com.st.stm32cube.ide.mcu.externaltools.gnu-tools-for-stm32.9-2020-q2-update.linux64_2.0.0.202105311346/tools/bin/../lib/gcc/arm-none-eabi/9.3.1/thumb/v7e-m+dp/hard/libgcc.a(_arm_addsubdf3.o)
                0x00000000080003c0                __aeabi_drsub
                0x00000000080003c8                __aeabi_dsub
                0x00000000080003c8                __subdf3
                0x00000000080003cc                __adddf3
                0x00000000080003cc                __aeabi_dadd
                0x0000000008000644                __aeabi_ui2d
                0x0000000008000644                __floatunsidf
                0x0000000008000664                __floatsidf
                0x0000000008000664                __aeabi_i2d
                0x0000000008000688                __extendsfdf2
                0x0000000008000688                __aeabi_f2d
                0x00000000080006cc                __aeabi_ul2d
                0x00000000080006cc                __floatundidf
                0x00000000080006dc                __floatdidf
                0x00000000080006dc                __aeabi_l2d
 .text          0x0000000008000738       0x30 /opt/STMicro/STM32CubeIDE/plugins/com.st.stm32cube.ide.mcu.externaltools.gnu-tools-for-stm32.9-2020-q2-update.linux64_2.0.0.202105311346/tools/bin/../lib/gcc/arm-none-eabi/9.3.1/thumb/v7e-m+dp/hard/libgcc.a(_aeabi_uldivmod.o)
                0x0000000008000738                __aeabi_uldivmod
 .text          0x0000000008000768       0x30 /opt/STMicro/STM32CubeIDE/plugins/com.st.stm32cube.ide.mcu.externaltools.gnu-tools-for-stm32.9-2020-q2-update.linux64_2.0.0.202105311346/tools/bin/../lib/gcc/arm-none-eabi/9.3.1/thumb/v7e-m+dp/hard/libgcc.a(_fixdfdi.o)
                0x0000000008000768                __aeabi_d2lz
                0x0000000008000768                __fixdfdi
 .text          0x0000000008000798       0x40 /opt/STMicro/STM32CubeIDE/plugins/com.st.stm32cube.ide.mcu.externaltools.gnu-tools-for-stm32.9-2020-q2-update.linux64_2.0.0.202105311346/tools/bin/../lib/gcc/arm-none-eabi/9.3.1/thumb/v7e-m+dp/hard/libgcc.a(_fixunsdfdi.o)
                0x0000000008000798                __aeabi_d2ulz
                0x0000000008000798                __fixunsdfdi
 .text          0x00000000080007d8      0x2c4 /opt/STMicro/STM32CubeIDE/plugins/com.st.stm32cube.ide.mcu.externaltools.gnu-tools-for-stm32.9-2020-q2-update.linux64_2.0.0.202105311346/tools/bin/../lib/gcc/arm-none-eabi/9.3.1/thumb/v7e-m+dp/hard/libgcc.a(_udivmoddi4.o)
                0x00000000080007d8                __udivmoddi4
 .text          0x0000000008000a9c        0x4 /opt/STMicro/STM32CubeIDE/plugins/com.st.stm32cube.ide.mcu.externaltools.gnu-tools-for-stm32.9-2020-q2-update.linux64_2.0.0.202105311346/tools/bin/../lib/gcc/arm-none-eabi/9.3.1/thumb/v7e-m+dp/hard/libgcc.a(_dvmd_tls.o)
                0x0000000008000a9c                __aeabi_ldiv0
                0x0000000008000a9c                __aeabi_idiv0
 *(.text*)
 .text.DWT_Delay_Init
                0x0000000008000aa0       0x60 ./Core/Src/dwt_stm32_delay.o
                0x0000000008000aa0                DWT_Delay_Init
 .text.ITM_SendChar
                0x0000000008000b00       0x4e ./Core/Src/main.o
 *fill*         0x0000000008000b4e        0x2 
 .text.DWT_Delay_us
                0x0000000008000b50       0x48 ./Core/Src/main.o
 .text.HMC832_readReg3U8
                0x0000000008000b98      0x15c ./Core/Src/main.o
                0x0000000008000b98                HMC832_readReg3U8
 .text.HMC832_writeReg
                0x0000000008000cf4       0xa0 ./Core/Src/main.o
                0x0000000008000cf4                HMC832_writeReg
 .text.PE43712_writeReg
                0x0000000008000d94       0x64 ./Core/Src/main.o
                0x0000000008000d94                PE43712_writeReg
 .text.addLast  0x0000000008000df8       0x58 ./Core/Src/main.o
                0x0000000008000df8                addLast
 .text.delete   0x0000000008000e50       0x3e ./Core/Src/main.o
                0x0000000008000e50                delete
 *fill*         0x0000000008000e8e        0x2 
 .text.level2Power
                0x0000000008000e90       0x88 ./Core/Src/main.o
                0x0000000008000e90                level2Power
 .text.contBinSearch
                0x0000000008000f18      0x18c ./Core/Src/main.o
                0x0000000008000f18                contBinSearch
 *fill*         0x00000000080010a4        0x4 
 .text.calPowerRSSI
                0x00000000080010a8       0x9c ./Core/Src/main.o
                0x00000000080010a8                calPowerRSSI
 .text.hcf      0x0000000008001144       0x36 ./Core/Src/main.o
                0x0000000008001144                hcf
 *fill*         0x000000000800117a        0x2 
 .text.valTestInit
                0x000000000800117c       0x84 ./Core/Src/main.o
                0x000000000800117c                valTestInit
 .text.softfilterWBW
                0x0000000008001200      0x39c ./Core/Src/main.o
                0x0000000008001200                softfilterWBW
 .text.softfilterNBW
                0x000000000800159c      0x728 ./Core/Src/main.o
                0x000000000800159c                softfilterNBW
 *fill*         0x0000000008001cc4        0x4 
 .text.hexatofloat
                0x0000000008001cc8      0x16c ./Core/Src/main.o
                0x0000000008001cc8                hexatofloat
 .text.crc8     0x0000000008001e34       0x46 ./Core/Src/main.o
                0x0000000008001e34                crc8
 *fill*         0x0000000008001e7a        0x2 
 .text.waitExecCtl
                0x0000000008001e7c       0xc0 ./Core/Src/main.o
                0x0000000008001e7c                waitExecCtl
 .text.setExecCtl
                0x0000000008001f3c       0xac ./Core/Src/main.o
                0x0000000008001f3c                setExecCtl
 .text.rtsLock  0x0000000008001fe8       0x9c ./Core/Src/main.o
                0x0000000008001fe8                rtsLock
 .text.nsdelay  0x0000000008002084       0x34 ./Core/Src/main.o
                0x0000000008002084                nsdelay
 .text.std_rs485_rxGetId
                0x00000000080020b8       0x40 ./Core/Src/main.o
                0x00000000080020b8                std_rs485_rxGetId
 .text.x68_rxCrcCheck8
                0x00000000080020f8       0x4c ./Core/Src/main.o
                0x00000000080020f8                x68_rxCrcCheck8
 .text.x68_txProcess
                0x0000000008002144       0xc8 ./Core/Src/main.o
                0x0000000008002144                x68_txProcess
 .text.x68_txFreq
                0x000000000800220c       0xbc ./Core/Src/main.o
                0x000000000800220c                x68_txFreq
 .text.x68_txFreqNpwr
                0x00000000080022c8      0x184 ./Core/Src/main.o
                0x00000000080022c8                x68_txFreqNpwr
 .text.x68_txEcho
                0x000000000800244c       0x5c ./Core/Src/main.o
                0x000000000800244c                x68_txEcho
 .text.rfSensing
                0x00000000080024a8      0xe74 ./Core/Src/main.o
                0x00000000080024a8                rfSensing
 .text.x68_rxProcess
                0x000000000800331c      0x320 ./Core/Src/main.o
                0x000000000800331c                x68_rxProcess
 .text.comm_rs485_rtxProcess
                0x000000000800363c       0xf8 ./Core/Src/main.o
                0x000000000800363c                comm_rs485_rtxProcess
 .text._write   0x0000000008003734       0x3c ./Core/Src/main.o
                0x0000000008003734                _write
 .text.HAL_ADC_ConvHalfCpltCallback
                0x0000000008003770       0x2c ./Core/Src/main.o
                0x0000000008003770                HAL_ADC_ConvHalfCpltCallback
 .text.HAL_ADC_ConvCpltCallback
                0x000000000800379c       0x2c ./Core/Src/main.o
                0x000000000800379c                HAL_ADC_ConvCpltCallback
 .text.HAL_TIM_PeriodElapsedCallback
                0x00000000080037c8       0x3c ./Core/Src/main.o
                0x00000000080037c8                HAL_TIM_PeriodElapsedCallback
 .text.main     0x0000000008003804      0x4b8 ./Core/Src/main.o
                0x0000000008003804                main
 .text.SystemClock_Config
                0x0000000008003cbc       0xf0 ./Core/Src/main.o
                0x0000000008003cbc                SystemClock_Config
 .text.PeriphCommonClock_Config
                0x0000000008003dac       0x5e ./Core/Src/main.o
                0x0000000008003dac                PeriphCommonClock_Config
 *fill*         0x0000000008003e0a        0x2 
 .text.MX_ADC1_Init
                0x0000000008003e0c       0xf8 ./Core/Src/main.o
 .text.MX_DAC1_Init
                0x0000000008003f04       0x64 ./Core/Src/main.o
 .text.MX_SPI1_Init
                0x0000000008003f68       0xdc ./Core/Src/main.o
 .text.MX_SPI2_Init
                0x0000000008004044       0xb0 ./Core/Src/main.o
 .text.MX_TIM3_Init
                0x00000000080040f4       0x9c ./Core/Src/main.o
 .text.MX_TIM6_Init
                0x0000000008004190       0x6c ./Core/Src/main.o
 .text.MX_USART1_UART_Init
                0x00000000080041fc       0x98 ./Core/Src/main.o
 .text.MX_DMA_Init
                0x0000000008004294       0x40 ./Core/Src/main.o
 .text.MX_GPIO_Init
                0x00000000080042d4      0x1e8 ./Core/Src/main.o
 .text.SPECIAL_MX_GPIO_Init
                0x00000000080044bc       0x7c ./Core/Src/main.o
                0x00000000080044bc                SPECIAL_MX_GPIO_Init
 .text.HAL_UART_RxCpltCallback
                0x0000000008004538       0x88 ./Core/Src/main.o
                0x0000000008004538                HAL_UART_RxCpltCallback
 .text.Error_Handler
                0x00000000080045c0        0xa ./Core/Src/main.o
                0x00000000080045c0                Error_Handler
 *fill*         0x00000000080045ca        0x2 
 .text.HAL_MspInit
                0x00000000080045cc       0x34 ./Core/Src/stm32h7xx_hal_msp.o
                0x00000000080045cc                HAL_MspInit
 .text.HAL_ADC_MspInit
                0x0000000008004600      0x100 ./Core/Src/stm32h7xx_hal_msp.o
                0x0000000008004600                HAL_ADC_MspInit
 .text.HAL_DAC_MspInit
                0x0000000008004700       0x9c ./Core/Src/stm32h7xx_hal_msp.o
                0x0000000008004700                HAL_DAC_MspInit
 .text.HAL_SPI_MspInit
                0x000000000800479c      0x228 ./Core/Src/stm32h7xx_hal_msp.o
                0x000000000800479c                HAL_SPI_MspInit
 .text.HAL_SPI_MspDeInit
                0x00000000080049c4       0x78 ./Core/Src/stm32h7xx_hal_msp.o
                0x00000000080049c4                HAL_SPI_MspDeInit
 .text.HAL_TIM_Base_MspInit
                0x0000000008004a3c       0x90 ./Core/Src/stm32h7xx_hal_msp.o
                0x0000000008004a3c                HAL_TIM_Base_MspInit
 .text.HAL_UART_MspInit
                0x0000000008004acc       0xdc ./Core/Src/stm32h7xx_hal_msp.o
                0x0000000008004acc                HAL_UART_MspInit
 .text.NMI_Handler
                0x0000000008004ba8        0x6 ./Core/Src/stm32h7xx_it.o
                0x0000000008004ba8                NMI_Handler
 .text.HardFault_Handler
                0x0000000008004bae        0x6 ./Core/Src/stm32h7xx_it.o
                0x0000000008004bae                HardFault_Handler
 .text.MemManage_Handler
                0x0000000008004bb4        0x6 ./Core/Src/stm32h7xx_it.o
                0x0000000008004bb4                MemManage_Handler
 .text.BusFault_Handler
                0x0000000008004bba        0x6 ./Core/Src/stm32h7xx_it.o
                0x0000000008004bba                BusFault_Handler
 .text.UsageFault_Handler
                0x0000000008004bc0        0x6 ./Core/Src/stm32h7xx_it.o
                0x0000000008004bc0                UsageFault_Handler
 .text.SVC_Handler
                0x0000000008004bc6        0xe ./Core/Src/stm32h7xx_it.o
                0x0000000008004bc6                SVC_Handler
 .text.DebugMon_Handler
                0x0000000008004bd4        0xe ./Core/Src/stm32h7xx_it.o
                0x0000000008004bd4                DebugMon_Handler
 .text.PendSV_Handler
                0x0000000008004be2        0xe ./Core/Src/stm32h7xx_it.o
                0x0000000008004be2                PendSV_Handler
 .text.SysTick_Handler
                0x0000000008004bf0        0xc ./Core/Src/stm32h7xx_it.o
                0x0000000008004bf0                SysTick_Handler
 .text.DMA1_Stream0_IRQHandler
                0x0000000008004bfc       0x14 ./Core/Src/stm32h7xx_it.o
                0x0000000008004bfc                DMA1_Stream0_IRQHandler
 .text.ADC_IRQHandler
                0x0000000008004c10       0x14 ./Core/Src/stm32h7xx_it.o
                0x0000000008004c10                ADC_IRQHandler
 .text.TIM3_IRQHandler
                0x0000000008004c24       0x14 ./Core/Src/stm32h7xx_it.o
                0x0000000008004c24                TIM3_IRQHandler
 .text.USART1_IRQHandler
                0x0000000008004c38       0x14 ./Core/Src/stm32h7xx_it.o
                0x0000000008004c38                USART1_IRQHandler
 .text.TIM6_DAC_IRQHandler
                0x0000000008004c4c       0x1c ./Core/Src/stm32h7xx_it.o
                0x0000000008004c4c                TIM6_DAC_IRQHandler
 .text._getpid  0x0000000008004c68       0x10 ./Core/Src/syscalls.o
                0x0000000008004c68                _getpid
 .text._kill    0x0000000008004c78       0x20 ./Core/Src/syscalls.o
                0x0000000008004c78                _kill
 .text._exit    0x0000000008004c98       0x14 ./Core/Src/syscalls.o
                0x0000000008004c98                _exit
 .text._read    0x0000000008004cac       0x3a ./Core/Src/syscalls.o
                0x0000000008004cac                _read
 .text._close   0x0000000008004ce6       0x18 ./Core/Src/syscalls.o
                0x0000000008004ce6                _close
 .text._fstat   0x0000000008004cfe       0x20 ./Core/Src/syscalls.o
                0x0000000008004cfe                _fstat
 .text._isatty  0x0000000008004d1e       0x16 ./Core/Src/syscalls.o
                0x0000000008004d1e                _isatty
 .text._lseek   0x0000000008004d34       0x1a ./Core/Src/syscalls.o
                0x0000000008004d34                _lseek
 *fill*         0x0000000008004d4e        0x2 
 .text._sbrk    0x0000000008004d50       0x6c ./Core/Src/sysmem.o
                0x0000000008004d50                _sbrk
 .text.SystemInit
                0x0000000008004dbc       0xf8 ./Core/Src/system_stm32h7xx.o
                0x0000000008004dbc                SystemInit
 .text.Reset_Handler
                0x0000000008004eb4       0x50 ./Core/Startup/startup_stm32h723vetx.o
                0x0000000008004eb4                Reset_Handler
 .text.Default_Handler
                0x0000000008004f04        0x2 ./Core/Startup/startup_stm32h723vetx.o
                0x0000000008004f04                RTC_Alarm_IRQHandler
                0x0000000008004f04                EXTI2_IRQHandler
                0x0000000008004f04                TIM8_CC_IRQHandler
                0x0000000008004f04                UART8_IRQHandler
                0x0000000008004f04                SPI4_IRQHandler
                0x0000000008004f04                FDCAN3_IT0_IRQHandler
                0x0000000008004f04                TIM1_CC_IRQHandler
                0x0000000008004f04                BDMA_Channel6_IRQHandler
                0x0000000008004f04                DMA2_Stream5_IRQHandler
                0x0000000008004f04                DMA1_Stream5_IRQHandler
                0x0000000008004f04                CORDIC_IRQHandler
                0x0000000008004f04                BDMA_Channel1_IRQHandler
                0x0000000008004f04                TAMP_STAMP_IRQHandler
                0x0000000008004f04                EXTI3_IRQHandler
                0x0000000008004f04                LPTIM4_IRQHandler
                0x0000000008004f04                TIM8_TRG_COM_TIM14_IRQHandler
                0x0000000008004f04                LPTIM2_IRQHandler
                0x0000000008004f04                DFSDM1_FLT1_IRQHandler
                0x0000000008004f04                DMAMUX2_OVR_IRQHandler
                0x0000000008004f04                TIM8_UP_TIM13_IRQHandler
                0x0000000008004f04                I2C3_ER_IRQHandler
                0x0000000008004f04                DFSDM1_FLT2_IRQHandler
                0x0000000008004f04                I2C5_EV_IRQHandler
                0x0000000008004f04                USART10_IRQHandler
                0x0000000008004f04                MDMA_IRQHandler
                0x0000000008004f04                LPTIM3_IRQHandler
                0x0000000008004f04                HSEM1_IRQHandler
                0x0000000008004f04                EXTI0_IRQHandler
                0x0000000008004f04                I2C2_EV_IRQHandler
                0x0000000008004f04                DMA1_Stream2_IRQHandler
                0x0000000008004f04                FPU_IRQHandler
                0x0000000008004f04                OTG_HS_WKUP_IRQHandler
                0x0000000008004f04                FDCAN1_IT1_IRQHandler
                0x0000000008004f04                LTDC_ER_IRQHandler
                0x0000000008004f04                DMA2_Stream2_IRQHandler
                0x0000000008004f04                SPI1_IRQHandler
                0x0000000008004f04                OCTOSPI1_IRQHandler
                0x0000000008004f04                DMA2_Stream3_IRQHandler
                0x0000000008004f04                OCTOSPI2_IRQHandler
                0x0000000008004f04                DFSDM1_FLT3_IRQHandler
                0x0000000008004f04                TIM23_IRQHandler
                0x0000000008004f04                USART6_IRQHandler
                0x0000000008004f04                TIM17_IRQHandler
                0x0000000008004f04                USART3_IRQHandler
                0x0000000008004f04                BDMA_Channel7_IRQHandler
                0x0000000008004f04                LPTIM5_IRQHandler
                0x0000000008004f04                UART5_IRQHandler
                0x0000000008004f04                ADC3_IRQHandler
                0x0000000008004f04                DMA2_Stream0_IRQHandler
                0x0000000008004f04                TIM4_IRQHandler
                0x0000000008004f04                BDMA_Channel2_IRQHandler
                0x0000000008004f04                I2C1_EV_IRQHandler
                0x0000000008004f04                DMA1_Stream6_IRQHandler
                0x0000000008004f04                DMAMUX1_OVR_IRQHandler
                0x0000000008004f04                DMA1_Stream1_IRQHandler
                0x0000000008004f04                TIM16_IRQHandler
                0x0000000008004f04                UART4_IRQHandler
                0x0000000008004f04                BDMA_Channel5_IRQHandler
                0x0000000008004f04                RCC_IRQHandler
                0x0000000008004f04                UART9_IRQHandler
                0x0000000008004f04                TIM8_BRK_TIM12_IRQHandler
                0x0000000008004f04                TIM1_TRG_COM_IRQHandler
                0x0000000008004f04                Default_Handler
                0x0000000008004f04                ECC_IRQHandler
                0x0000000008004f04                FMAC_IRQHandler
                0x0000000008004f04                CEC_IRQHandler
                0x0000000008004f04                EXTI15_10_IRQHandler
                0x0000000008004f04                BDMA_Channel0_IRQHandler
                0x0000000008004f04                I2C5_ER_IRQHandler
                0x0000000008004f04                DMA1_Stream7_IRQHandler
                0x0000000008004f04                SPI5_IRQHandler
                0x0000000008004f04                TIM7_IRQHandler
                0x0000000008004f04                FDCAN3_IT1_IRQHandler
                0x0000000008004f04                SDMMC1_IRQHandler
                0x0000000008004f04                TIM5_IRQHandler
                0x0000000008004f04                DMA2_Stream7_IRQHandler
                0x0000000008004f04                TIM15_IRQHandler
                0x0000000008004f04                PVD_AVD_IRQHandler
                0x0000000008004f04                I2C3_EV_IRQHandler
                0x0000000008004f04                EXTI9_5_IRQHandler
                0x0000000008004f04                RTC_WKUP_IRQHandler
                0x0000000008004f04                LTDC_IRQHandler
                0x0000000008004f04                ETH_WKUP_IRQHandler
                0x0000000008004f04                SPDIF_RX_IRQHandler
                0x0000000008004f04                SPI2_IRQHandler
                0x0000000008004f04                OTG_HS_EP1_IN_IRQHandler
                0x0000000008004f04                TIM24_IRQHandler
                0x0000000008004f04                CRS_IRQHandler
                0x0000000008004f04                EXTI4_IRQHandler
                0x0000000008004f04                RNG_IRQHandler
                0x0000000008004f04                FDCAN2_IT1_IRQHandler
                0x0000000008004f04                ETH_IRQHandler
                0x0000000008004f04                TIM1_UP_IRQHandler
                0x0000000008004f04                BDMA_Channel4_IRQHandler
                0x0000000008004f04                OTG_HS_EP1_OUT_IRQHandler
                0x0000000008004f04                WWDG_IRQHandler
                0x0000000008004f04                SPI6_IRQHandler
                0x0000000008004f04                MDIOS_IRQHandler
                0x0000000008004f04                I2C4_EV_IRQHandler
                0x0000000008004f04                FDCAN2_IT0_IRQHandler
                0x0000000008004f04                LPUART1_IRQHandler
                0x0000000008004f04                FDCAN1_IT0_IRQHandler
                0x0000000008004f04                TIM2_IRQHandler
                0x0000000008004f04                OTG_HS_IRQHandler
                0x0000000008004f04                DMA2D_IRQHandler
                0x0000000008004f04                TIM1_BRK_IRQHandler
                0x0000000008004f04                EXTI1_IRQHandler
                0x0000000008004f04                SDMMC2_IRQHandler
                0x0000000008004f04                BDMA_Channel3_IRQHandler
                0x0000000008004f04                DTS_IRQHandler
                0x0000000008004f04                UART7_IRQHandler
                0x0000000008004f04                MDIOS_WKUP_IRQHandler
                0x0000000008004f04                USART2_IRQHandler
                0x0000000008004f04                DFSDM1_FLT0_IRQHandler
                0x0000000008004f04                SAI4_IRQHandler
                0x0000000008004f04                I2C2_ER_IRQHandler
                0x0000000008004f04                DMA2_Stream1_IRQHandler
                0x0000000008004f04                FLASH_IRQHandler
                0x0000000008004f04                DMA2_Stream4_IRQHandler
                0x0000000008004f04                SPI3_IRQHandler
                0x0000000008004f04                WAKEUP_PIN_IRQHandler
                0x0000000008004f04                DMA1_Stream4_IRQHandler
                0x0000000008004f04                I2C1_ER_IRQHandler
                0x0000000008004f04                FMC_IRQHandler
                0x0000000008004f04                FDCAN_CAL_IRQHandler
                0x0000000008004f04                SWPMI1_IRQHandler
                0x0000000008004f04                COMP1_IRQHandler
                0x0000000008004f04                LPTIM1_IRQHandler
                0x0000000008004f04                DCMI_PSSI_IRQHandler
                0x0000000008004f04                I2C4_ER_IRQHandler
                0x0000000008004f04                DMA2_Stream6_IRQHandler
                0x0000000008004f04                SAI1_IRQHandler
                0x0000000008004f04                DMA1_Stream3_IRQHandler
 *fill*         0x0000000008004f06        0x2 
 .text.HAL_Init
                0x0000000008004f08       0x78 ./Drivers/STM32H7xx_HAL_Driver/Src/stm32h7xx_hal.o
                0x0000000008004f08                HAL_Init
 .text.HAL_InitTick
                0x0000000008004f80       0x6c ./Drivers/STM32H7xx_HAL_Driver/Src/stm32h7xx_hal.o
                0x0000000008004f80                HAL_InitTick
 .text.HAL_IncTick
                0x0000000008004fec       0x28 ./Drivers/STM32H7xx_HAL_Driver/Src/stm32h7xx_hal.o
                0x0000000008004fec                HAL_IncTick
 .text.HAL_GetTick
                0x0000000008005014       0x18 ./Drivers/STM32H7xx_HAL_Driver/Src/stm32h7xx_hal.o
                0x0000000008005014                HAL_GetTick
 .text.HAL_Delay
                0x000000000800502c       0x48 ./Drivers/STM32H7xx_HAL_Driver/Src/stm32h7xx_hal.o
                0x000000000800502c                HAL_Delay
 .text.HAL_SYSCFG_AnalogSwitchConfig
                0x0000000008005074       0x2c ./Drivers/STM32H7xx_HAL_Driver/Src/stm32h7xx_hal.o
                0x0000000008005074                HAL_SYSCFG_AnalogSwitchConfig
 .text.HAL_SYSCFG_EnableBOOST
                0x00000000080050a0       0x20 ./Drivers/STM32H7xx_HAL_Driver/Src/stm32h7xx_hal.o
                0x00000000080050a0                HAL_SYSCFG_EnableBOOST
 .text.LL_ADC_SetCommonClock
                0x00000000080050c0       0x26 ./Drivers/STM32H7xx_HAL_Driver/Src/stm32h7xx_hal_adc.o
 .text.LL_ADC_SetCommonPathInternalCh
                0x00000000080050e6       0x26 ./Drivers/STM32H7xx_HAL_Driver/Src/stm32h7xx_hal_adc.o
 .text.LL_ADC_GetCommonPathInternalCh
                0x000000000800510c       0x1c ./Drivers/STM32H7xx_HAL_Driver/Src/stm32h7xx_hal_adc.o
 .text.LL_ADC_SetOffset
                0x0000000008005128       0x64 ./Drivers/STM32H7xx_HAL_Driver/Src/stm32h7xx_hal_adc.o
 .text.LL_ADC_GetOffsetChannel
                0x000000000800518c       0x2c ./Drivers/STM32H7xx_HAL_Driver/Src/stm32h7xx_hal_adc.o
 .text.LL_ADC_SetDataRightShift
                0x00000000080051b8       0x32 ./Drivers/STM32H7xx_HAL_Driver/Src/stm32h7xx_hal_adc.o
 *fill*         0x00000000080051ea        0x2 
 .text.LL_ADC_SetOffsetSignedSaturation
                0x00000000080051ec       0x44 ./Drivers/STM32H7xx_HAL_Driver/Src/stm32h7xx_hal_adc.o
 .text.LL_ADC_SetOffsetSaturation
                0x0000000008005230       0x44 ./Drivers/STM32H7xx_HAL_Driver/Src/stm32h7xx_hal_adc.o
 .text.LL_ADC_SetOffsetSign
                0x0000000008005274       0x44 ./Drivers/STM32H7xx_HAL_Driver/Src/stm32h7xx_hal_adc.o
 .text.LL_ADC_SetOffsetState
                0x00000000080052b8       0x54 ./Drivers/STM32H7xx_HAL_Driver/Src/stm32h7xx_hal_adc.o
 .text.LL_ADC_REG_IsTriggerSourceSWStart
                0x000000000800530c       0x26 ./Drivers/STM32H7xx_HAL_Driver/Src/stm32h7xx_hal_adc.o
 .text.LL_ADC_REG_SetSequencerRanks
                0x0000000008005332       0x58 ./Drivers/STM32H7xx_HAL_Driver/Src/stm32h7xx_hal_adc.o
 .text.LL_ADC_REG_SetDataTransferMode
                0x000000000800538a       0x26 ./Drivers/STM32H7xx_HAL_Driver/Src/stm32h7xx_hal_adc.o
 .text.LL_ADC_EnableDMAReq
                0x00000000080053b0       0x20 ./Drivers/STM32H7xx_HAL_Driver/Src/stm32h7xx_hal_adc.o
 .text.LL_ADC_REG_SetDMATransferMode
                0x00000000080053d0       0x34 ./Drivers/STM32H7xx_HAL_Driver/Src/stm32h7xx_hal_adc.o
 .text.LL_ADC_INJ_IsTriggerSourceSWStart
                0x0000000008005404       0x26 ./Drivers/STM32H7xx_HAL_Driver/Src/stm32h7xx_hal_adc.o
 .text.LL_ADC_SetChannelSamplingTime
                0x000000000800542a       0x56 ./Drivers/STM32H7xx_HAL_Driver/Src/stm32h7xx_hal_adc.o
 .text.LL_ADC_SetChannelSingleDiff
                0x0000000008005480       0x80 ./Drivers/STM32H7xx_HAL_Driver/Src/stm32h7xx_hal_adc.o
 .text.LL_ADC_GetMultimode
                0x0000000008005500       0x1c ./Drivers/STM32H7xx_HAL_Driver/Src/stm32h7xx_hal_adc.o
 .text.LL_ADC_GetMultiDMATransfer
                0x000000000800551c       0x1c ./Drivers/STM32H7xx_HAL_Driver/Src/stm32h7xx_hal_adc.o
 .text.LL_ADC_DisableDeepPowerDown
                0x0000000008005538       0x24 ./Drivers/STM32H7xx_HAL_Driver/Src/stm32h7xx_hal_adc.o
 .text.LL_ADC_IsDeepPowerDownEnabled
                0x000000000800555c       0x28 ./Drivers/STM32H7xx_HAL_Driver/Src/stm32h7xx_hal_adc.o
 .text.LL_ADC_EnableInternalRegulator
                0x0000000008005584       0x28 ./Drivers/STM32H7xx_HAL_Driver/Src/stm32h7xx_hal_adc.o
 .text.LL_ADC_IsInternalRegulatorEnabled
                0x00000000080055ac       0x28 ./Drivers/STM32H7xx_HAL_Driver/Src/stm32h7xx_hal_adc.o
 .text.LL_ADC_Enable
                0x00000000080055d4       0x28 ./Drivers/STM32H7xx_HAL_Driver/Src/stm32h7xx_hal_adc.o
 .text.LL_ADC_Disable
                0x00000000080055fc       0x28 ./Drivers/STM32H7xx_HAL_Driver/Src/stm32h7xx_hal_adc.o
 .text.LL_ADC_IsEnabled
                0x0000000008005624       0x26 ./Drivers/STM32H7xx_HAL_Driver/Src/stm32h7xx_hal_adc.o
 .text.LL_ADC_IsDisableOngoing
                0x000000000800564a       0x26 ./Drivers/STM32H7xx_HAL_Driver/Src/stm32h7xx_hal_adc.o
 .text.LL_ADC_REG_StartConversion
                0x0000000008005670       0x28 ./Drivers/STM32H7xx_HAL_Driver/Src/stm32h7xx_hal_adc.o
 .text.LL_ADC_REG_StopConversion
                0x0000000008005698       0x28 ./Drivers/STM32H7xx_HAL_Driver/Src/stm32h7xx_hal_adc.o
 .text.LL_ADC_REG_IsConversionOngoing
                0x00000000080056c0       0x26 ./Drivers/STM32H7xx_HAL_Driver/Src/stm32h7xx_hal_adc.o
 *fill*         0x00000000080056e6        0x2 
 .text.LL_ADC_INJ_StopConversion
                0x00000000080056e8       0x28 ./Drivers/STM32H7xx_HAL_Driver/Src/stm32h7xx_hal_adc.o
 .text.LL_ADC_INJ_IsConversionOngoing
                0x0000000008005710       0x26 ./Drivers/STM32H7xx_HAL_Driver/Src/stm32h7xx_hal_adc.o
 *fill*         0x0000000008005736        0x2 
 .text.HAL_ADC_Init
                0x0000000008005738      0x410 ./Drivers/STM32H7xx_HAL_Driver/Src/stm32h7xx_hal_adc.o
                0x0000000008005738                HAL_ADC_Init
 .text.HAL_ADC_Start_DMA
                0x0000000008005b48      0x1b8 ./Drivers/STM32H7xx_HAL_Driver/Src/stm32h7xx_hal_adc.o
                0x0000000008005b48                HAL_ADC_Start_DMA
 .text.HAL_ADC_Stop_DMA
                0x0000000008005d00       0xc4 ./Drivers/STM32H7xx_HAL_Driver/Src/stm32h7xx_hal_adc.o
                0x0000000008005d00                HAL_ADC_Stop_DMA
 .text.HAL_ADC_IRQHandler
                0x0000000008005dc4      0x474 ./Drivers/STM32H7xx_HAL_Driver/Src/stm32h7xx_hal_adc.o
                0x0000000008005dc4                HAL_ADC_IRQHandler
 .text.HAL_ADC_LevelOutOfWindowCallback
                0x0000000008006238       0x14 ./Drivers/STM32H7xx_HAL_Driver/Src/stm32h7xx_hal_adc.o
                0x0000000008006238                HAL_ADC_LevelOutOfWindowCallback
 .text.HAL_ADC_ErrorCallback
                0x000000000800624c       0x14 ./Drivers/STM32H7xx_HAL_Driver/Src/stm32h7xx_hal_adc.o
                0x000000000800624c                HAL_ADC_ErrorCallback
 .text.HAL_ADC_ConfigChannel
                0x0000000008006260      0xa58 ./Drivers/STM32H7xx_HAL_Driver/Src/stm32h7xx_hal_adc.o
                0x0000000008006260                HAL_ADC_ConfigChannel
 .text.ADC_ConversionStop
                0x0000000008006cb8      0x178 ./Drivers/STM32H7xx_HAL_Driver/Src/stm32h7xx_hal_adc.o
                0x0000000008006cb8                ADC_ConversionStop
 .text.ADC_Enable
                0x0000000008006e30      0x114 ./Drivers/STM32H7xx_HAL_Driver/Src/stm32h7xx_hal_adc.o
                0x0000000008006e30                ADC_Enable
 .text.ADC_Disable
                0x0000000008006f44       0xbe ./Drivers/STM32H7xx_HAL_Driver/Src/stm32h7xx_hal_adc.o
                0x0000000008006f44                ADC_Disable
 .text.ADC_DMAConvCplt
                0x0000000008007002       0xd8 ./Drivers/STM32H7xx_HAL_Driver/Src/stm32h7xx_hal_adc.o
                0x0000000008007002                ADC_DMAConvCplt
 .text.ADC_DMAHalfConvCplt
                0x00000000080070da       0x1c ./Drivers/STM32H7xx_HAL_Driver/Src/stm32h7xx_hal_adc.o
                0x00000000080070da                ADC_DMAHalfConvCplt
 .text.ADC_DMAError
                0x00000000080070f6       0x34 ./Drivers/STM32H7xx_HAL_Driver/Src/stm32h7xx_hal_adc.o
                0x00000000080070f6                ADC_DMAError
 *fill*         0x000000000800712a        0x2 
 .text.ADC_ConfigureBoostMode
                0x000000000800712c      0x1d8 ./Drivers/STM32H7xx_HAL_Driver/Src/stm32h7xx_hal_adc.o
                0x000000000800712c                ADC_ConfigureBoostMode
 .text.LL_ADC_IsEnabled
                0x0000000008007304       0x26 ./Drivers/STM32H7xx_HAL_Driver/Src/stm32h7xx_hal_adc_ex.o
 *fill*         0x000000000800732a        0x2 
 .text.LL_ADC_StartCalibration
                0x000000000800732c       0x3c ./Drivers/STM32H7xx_HAL_Driver/Src/stm32h7xx_hal_adc_ex.o
 .text.LL_ADC_IsCalibrationOnGoing
                0x0000000008007368       0x28 ./Drivers/STM32H7xx_HAL_Driver/Src/stm32h7xx_hal_adc_ex.o
 .text.LL_ADC_REG_IsConversionOngoing
                0x0000000008007390       0x26 ./Drivers/STM32H7xx_HAL_Driver/Src/stm32h7xx_hal_adc_ex.o
 *fill*         0x00000000080073b6        0x2 
 .text.HAL_ADCEx_Calibration_Start
                0x00000000080073b8       0xc8 ./Drivers/STM32H7xx_HAL_Driver/Src/stm32h7xx_hal_adc_ex.o
                0x00000000080073b8                HAL_ADCEx_Calibration_Start
 .text.HAL_ADCEx_InjectedConvCpltCallback
                0x0000000008007480       0x14 ./Drivers/STM32H7xx_HAL_Driver/Src/stm32h7xx_hal_adc_ex.o
                0x0000000008007480                HAL_ADCEx_InjectedConvCpltCallback
 .text.HAL_ADCEx_InjectedQueueOverflowCallback
                0x0000000008007494       0x14 ./Drivers/STM32H7xx_HAL_Driver/Src/stm32h7xx_hal_adc_ex.o
                0x0000000008007494                HAL_ADCEx_InjectedQueueOverflowCallback
 .text.HAL_ADCEx_LevelOutOfWindow2Callback
                0x00000000080074a8       0x14 ./Drivers/STM32H7xx_HAL_Driver/Src/stm32h7xx_hal_adc_ex.o
                0x00000000080074a8                HAL_ADCEx_LevelOutOfWindow2Callback
 .text.HAL_ADCEx_LevelOutOfWindow3Callback
                0x00000000080074bc       0x14 ./Drivers/STM32H7xx_HAL_Driver/Src/stm32h7xx_hal_adc_ex.o
                0x00000000080074bc                HAL_ADCEx_LevelOutOfWindow3Callback
 .text.HAL_ADCEx_EndOfSamplingCallback
                0x00000000080074d0       0x14 ./Drivers/STM32H7xx_HAL_Driver/Src/stm32h7xx_hal_adc_ex.o
                0x00000000080074d0                HAL_ADCEx_EndOfSamplingCallback
 .text.HAL_ADCEx_MultiModeConfigChannel
                0x00000000080074e4      0x1c4 ./Drivers/STM32H7xx_HAL_Driver/Src/stm32h7xx_hal_adc_ex.o
                0x00000000080074e4                HAL_ADCEx_MultiModeConfigChannel
 .text.__NVIC_SetPriorityGrouping
                0x00000000080076a8       0x48 ./Drivers/STM32H7xx_HAL_Driver/Src/stm32h7xx_hal_cortex.o
 .text.__NVIC_GetPriorityGrouping
                0x00000000080076f0       0x1c ./Drivers/STM32H7xx_HAL_Driver/Src/stm32h7xx_hal_cortex.o
 .text.__NVIC_EnableIRQ
                0x000000000800770c       0x3c ./Drivers/STM32H7xx_HAL_Driver/Src/stm32h7xx_hal_cortex.o
 .text.__NVIC_SetPriority
                0x0000000008007748       0x54 ./Drivers/STM32H7xx_HAL_Driver/Src/stm32h7xx_hal_cortex.o
 .text.NVIC_EncodePriority
                0x000000000800779c       0x66 ./Drivers/STM32H7xx_HAL_Driver/Src/stm32h7xx_hal_cortex.o
 *fill*         0x0000000008007802        0x2 
 .text.SysTick_Config
                0x0000000008007804       0x44 ./Drivers/STM32H7xx_HAL_Driver/Src/stm32h7xx_hal_cortex.o
 .text.HAL_NVIC_SetPriorityGrouping
                0x0000000008007848       0x16 ./Drivers/STM32H7xx_HAL_Driver/Src/stm32h7xx_hal_cortex.o
                0x0000000008007848                HAL_NVIC_SetPriorityGrouping
 .text.HAL_NVIC_SetPriority
                0x000000000800785e       0x34 ./Drivers/STM32H7xx_HAL_Driver/Src/stm32h7xx_hal_cortex.o
                0x000000000800785e                HAL_NVIC_SetPriority
 .text.HAL_NVIC_EnableIRQ
                0x0000000008007892       0x1c ./Drivers/STM32H7xx_HAL_Driver/Src/stm32h7xx_hal_cortex.o
                0x0000000008007892                HAL_NVIC_EnableIRQ
 .text.HAL_SYSTICK_Config
                0x00000000080078ae       0x18 ./Drivers/STM32H7xx_HAL_Driver/Src/stm32h7xx_hal_cortex.o
                0x00000000080078ae                HAL_SYSTICK_Config
 .text.HAL_DAC_Init
                0x00000000080078c6       0x44 ./Drivers/STM32H7xx_HAL_Driver/Src/stm32h7xx_hal_dac.o
                0x00000000080078c6                HAL_DAC_Init
 .text.HAL_DAC_Start
                0x000000000800790a       0xa4 ./Drivers/STM32H7xx_HAL_Driver/Src/stm32h7xx_hal_dac.o
                0x000000000800790a                HAL_DAC_Start
 .text.HAL_DAC_IRQHandler
                0x00000000080079ae       0xb4 ./Drivers/STM32H7xx_HAL_Driver/Src/stm32h7xx_hal_dac.o
                0x00000000080079ae                HAL_DAC_IRQHandler
 .text.HAL_DAC_SetValue
                0x0000000008007a62       0x4a ./Drivers/STM32H7xx_HAL_Driver/Src/stm32h7xx_hal_dac.o
                0x0000000008007a62                HAL_DAC_SetValue
 .text.HAL_DAC_DMAUnderrunCallbackCh1
                0x0000000008007aac       0x14 ./Drivers/STM32H7xx_HAL_Driver/Src/stm32h7xx_hal_dac.o
                0x0000000008007aac                HAL_DAC_DMAUnderrunCallbackCh1
 .text.HAL_DAC_ConfigChannel
                0x0000000008007ac0      0x260 ./Drivers/STM32H7xx_HAL_Driver/Src/stm32h7xx_hal_dac.o
                0x0000000008007ac0                HAL_DAC_ConfigChannel
 .text.HAL_DACEx_DMAUnderrunCallbackCh2
                0x0000000008007d20       0x14 ./Drivers/STM32H7xx_HAL_Driver/Src/stm32h7xx_hal_dac_ex.o
                0x0000000008007d20                HAL_DACEx_DMAUnderrunCallbackCh2
 .text.HAL_DMA_Init
                0x0000000008007d34      0x6b4 ./Drivers/STM32H7xx_HAL_Driver/Src/stm32h7xx_hal_dma.o
                0x0000000008007d34                HAL_DMA_Init
 .text.HAL_DMA_Start_IT
                0x00000000080083e8      0x4d4 ./Drivers/STM32H7xx_HAL_Driver/Src/stm32h7xx_hal_dma.o
                0x00000000080083e8                HAL_DMA_Start_IT
 .text.HAL_DMA_Abort
                0x00000000080088bc      0x63c ./Drivers/STM32H7xx_HAL_Driver/Src/stm32h7xx_hal_dma.o
                0x00000000080088bc                HAL_DMA_Abort
 .text.HAL_DMA_Abort_IT
                0x0000000008008ef8      0x488 ./Drivers/STM32H7xx_HAL_Driver/Src/stm32h7xx_hal_dma.o
                0x0000000008008ef8                HAL_DMA_Abort_IT
 .text.HAL_DMA_IRQHandler
                0x0000000008009380      0xe54 ./Drivers/STM32H7xx_HAL_Driver/Src/stm32h7xx_hal_dma.o
                0x0000000008009380                HAL_DMA_IRQHandler
 .text.DMA_SetConfig
                0x000000000800a1d4      0x358 ./Drivers/STM32H7xx_HAL_Driver/Src/stm32h7xx_hal_dma.o
 .text.DMA_CalcBaseAndBitshift
                0x000000000800a52c      0x164 ./Drivers/STM32H7xx_HAL_Driver/Src/stm32h7xx_hal_dma.o
 .text.DMA_CheckFifoParam
                0x000000000800a690       0xf8 ./Drivers/STM32H7xx_HAL_Driver/Src/stm32h7xx_hal_dma.o
 .text.DMA_CalcDMAMUXChannelBaseAndMask
                0x000000000800a788      0x134 ./Drivers/STM32H7xx_HAL_Driver/Src/stm32h7xx_hal_dma.o
 .text.DMA_CalcDMAMUXRequestGenBaseAndMask
                0x000000000800a8bc       0xe8 ./Drivers/STM32H7xx_HAL_Driver/Src/stm32h7xx_hal_dma.o
 .text.HAL_GPIO_Init
                0x000000000800a9a4      0x350 ./Drivers/STM32H7xx_HAL_Driver/Src/stm32h7xx_hal_gpio.o
                0x000000000800a9a4                HAL_GPIO_Init
 .text.HAL_GPIO_DeInit
                0x000000000800acf4      0x204 ./Drivers/STM32H7xx_HAL_Driver/Src/stm32h7xx_hal_gpio.o
                0x000000000800acf4                HAL_GPIO_DeInit
 .text.HAL_GPIO_ReadPin
                0x000000000800aef8       0x30 ./Drivers/STM32H7xx_HAL_Driver/Src/stm32h7xx_hal_gpio.o
                0x000000000800aef8                HAL_GPIO_ReadPin
 .text.HAL_GPIO_WritePin
                0x000000000800af28       0x32 ./Drivers/STM32H7xx_HAL_Driver/Src/stm32h7xx_hal_gpio.o
                0x000000000800af28                HAL_GPIO_WritePin
 *fill*         0x000000000800af5a        0x2 
 .text.HAL_PWREx_ConfigSupply
                0x000000000800af5c       0x74 ./Drivers/STM32H7xx_HAL_Driver/Src/stm32h7xx_hal_pwr_ex.o
                0x000000000800af5c                HAL_PWREx_ConfigSupply
 .text.HAL_RCC_OscConfig
                0x000000000800afd0      0x758 ./Drivers/STM32H7xx_HAL_Driver/Src/stm32h7xx_hal_rcc.o
                0x000000000800afd0                HAL_RCC_OscConfig
 .text.HAL_RCC_ClockConfig
                0x000000000800b728      0x36c ./Drivers/STM32H7xx_HAL_Driver/Src/stm32h7xx_hal_rcc.o
                0x000000000800b728                HAL_RCC_ClockConfig
 .text.HAL_RCC_GetSysClockFreq
                0x000000000800ba94      0x2f4 ./Drivers/STM32H7xx_HAL_Driver/Src/stm32h7xx_hal_rcc.o
                0x000000000800ba94                HAL_RCC_GetSysClockFreq
 .text.HAL_RCC_GetHCLKFreq
                0x000000000800bd88       0x60 ./Drivers/STM32H7xx_HAL_Driver/Src/stm32h7xx_hal_rcc.o
                0x000000000800bd88                HAL_RCC_GetHCLKFreq
 .text.HAL_RCC_GetPCLK1Freq
                0x000000000800bde8       0x2c ./Drivers/STM32H7xx_HAL_Driver/Src/stm32h7xx_hal_rcc.o
                0x000000000800bde8                HAL_RCC_GetPCLK1Freq
 .text.HAL_RCC_GetPCLK2Freq
                0x000000000800be14       0x2c ./Drivers/STM32H7xx_HAL_Driver/Src/stm32h7xx_hal_rcc.o
                0x000000000800be14                HAL_RCC_GetPCLK2Freq
 .text.HAL_RCCEx_PeriphCLKConfig
                0x000000000800be40      0xdf4 ./Drivers/STM32H7xx_HAL_Driver/Src/stm32h7xx_hal_rcc_ex.o
                0x000000000800be40                HAL_RCCEx_PeriphCLKConfig
 .text.HAL_RCCEx_GetPeriphCLKFreq
                0x000000000800cc34      0x848 ./Drivers/STM32H7xx_HAL_Driver/Src/stm32h7xx_hal_rcc_ex.o
                0x000000000800cc34                HAL_RCCEx_GetPeriphCLKFreq
 .text.HAL_RCCEx_GetD3PCLK1Freq
                0x000000000800d47c       0x2c ./Drivers/STM32H7xx_HAL_Driver/Src/stm32h7xx_hal_rcc_ex.o
                0x000000000800d47c                HAL_RCCEx_GetD3PCLK1Freq
 .text.HAL_RCCEx_GetPLL2ClockFreq
                0x000000000800d4a8      0x2a8 ./Drivers/STM32H7xx_HAL_Driver/Src/stm32h7xx_hal_rcc_ex.o
                0x000000000800d4a8                HAL_RCCEx_GetPLL2ClockFreq
 .text.HAL_RCCEx_GetPLL3ClockFreq
                0x000000000800d750      0x2a8 ./Drivers/STM32H7xx_HAL_Driver/Src/stm32h7xx_hal_rcc_ex.o
                0x000000000800d750                HAL_RCCEx_GetPLL3ClockFreq
 .text.HAL_RCCEx_GetPLL1ClockFreq
                0x000000000800d9f8      0x2a4 ./Drivers/STM32H7xx_HAL_Driver/Src/stm32h7xx_hal_rcc_ex.o
                0x000000000800d9f8                HAL_RCCEx_GetPLL1ClockFreq
 .text.RCCEx_PLL2_Config
                0x000000000800dc9c      0x164 ./Drivers/STM32H7xx_HAL_Driver/Src/stm32h7xx_hal_rcc_ex.o
 .text.RCCEx_PLL3_Config
                0x000000000800de00      0x164 ./Drivers/STM32H7xx_HAL_Driver/Src/stm32h7xx_hal_rcc_ex.o
 .text.HAL_SPI_Init
                0x000000000800df64      0x20c ./Drivers/STM32H7xx_HAL_Driver/Src/stm32h7xx_hal_spi.o
                0x000000000800df64                HAL_SPI_Init
 .text.HAL_SPI_Transmit
                0x000000000800e170      0x3e4 ./Drivers/STM32H7xx_HAL_Driver/Src/stm32h7xx_hal_spi.o
                0x000000000800e170                HAL_SPI_Transmit
 .text.HAL_SPI_Receive
                0x000000000800e554      0x3e4 ./Drivers/STM32H7xx_HAL_Driver/Src/stm32h7xx_hal_spi.o
                0x000000000800e554                HAL_SPI_Receive
 .text.HAL_SPI_TransmitReceive
                0x000000000800e938      0x5d8 ./Drivers/STM32H7xx_HAL_Driver/Src/stm32h7xx_hal_spi.o
                0x000000000800e938                HAL_SPI_TransmitReceive
 .text.SPI_CloseTransfer
                0x000000000800ef10      0x140 ./Drivers/STM32H7xx_HAL_Driver/Src/stm32h7xx_hal_spi.o
 .text.SPI_WaitOnFlagUntilTimeout
                0x000000000800f050       0x5c ./Drivers/STM32H7xx_HAL_Driver/Src/stm32h7xx_hal_spi.o
 .text.SPI_GetPacketSize
                0x000000000800f0ac       0x36 ./Drivers/STM32H7xx_HAL_Driver/Src/stm32h7xx_hal_spi.o
 .text.HAL_TIM_Base_Init
                0x000000000800f0e2       0xae ./Drivers/STM32H7xx_HAL_Driver/Src/stm32h7xx_hal_tim.o
                0x000000000800f0e2                HAL_TIM_Base_Init
 .text.HAL_TIM_Base_Start_IT
                0x000000000800f190      0x10c ./Drivers/STM32H7xx_HAL_Driver/Src/stm32h7xx_hal_tim.o
                0x000000000800f190                HAL_TIM_Base_Start_IT
 .text.HAL_TIM_IRQHandler
                0x000000000800f29c      0x23e ./Drivers/STM32H7xx_HAL_Driver/Src/stm32h7xx_hal_tim.o
                0x000000000800f29c                HAL_TIM_IRQHandler
 *fill*         0x000000000800f4da        0x2 
 .text.HAL_TIM_ConfigClockSource
                0x000000000800f4dc      0x1f0 ./Drivers/STM32H7xx_HAL_Driver/Src/stm32h7xx_hal_tim.o
                0x000000000800f4dc                HAL_TIM_ConfigClockSource
 .text.HAL_TIM_OC_DelayElapsedCallback
                0x000000000800f6cc       0x14 ./Drivers/STM32H7xx_HAL_Driver/Src/stm32h7xx_hal_tim.o
                0x000000000800f6cc                HAL_TIM_OC_DelayElapsedCallback
 .text.HAL_TIM_IC_CaptureCallback
                0x000000000800f6e0       0x14 ./Drivers/STM32H7xx_HAL_Driver/Src/stm32h7xx_hal_tim.o
                0x000000000800f6e0                HAL_TIM_IC_CaptureCallback
 .text.HAL_TIM_PWM_PulseFinishedCallback
                0x000000000800f6f4       0x14 ./Drivers/STM32H7xx_HAL_Driver/Src/stm32h7xx_hal_tim.o
                0x000000000800f6f4                HAL_TIM_PWM_PulseFinishedCallback
 .text.HAL_TIM_TriggerCallback
                0x000000000800f708       0x14 ./Drivers/STM32H7xx_HAL_Driver/Src/stm32h7xx_hal_tim.o
                0x000000000800f708                HAL_TIM_TriggerCallback
 .text.TIM_Base_SetConfig
                0x000000000800f71c      0x14c ./Drivers/STM32H7xx_HAL_Driver/Src/stm32h7xx_hal_tim.o
                0x000000000800f71c                TIM_Base_SetConfig
 .text.TIM_TI1_ConfigInputStage
                0x000000000800f868       0x5e ./Drivers/STM32H7xx_HAL_Driver/Src/stm32h7xx_hal_tim.o
 .text.TIM_TI2_ConfigInputStage
                0x000000000800f8c6       0x60 ./Drivers/STM32H7xx_HAL_Driver/Src/stm32h7xx_hal_tim.o
 *fill*         0x000000000800f926        0x2 
 .text.TIM_ITRx_SetConfig
                0x000000000800f928       0x3c ./Drivers/STM32H7xx_HAL_Driver/Src/stm32h7xx_hal_tim.o
 .text.TIM_ETR_SetConfig
                0x000000000800f964       0x40 ./Drivers/STM32H7xx_HAL_Driver/Src/stm32h7xx_hal_tim.o
                0x000000000800f964                TIM_ETR_SetConfig
 .text.HAL_TIMEx_MasterConfigSynchronization
                0x000000000800f9a4      0x138 ./Drivers/STM32H7xx_HAL_Driver/Src/stm32h7xx_hal_tim_ex.o
                0x000000000800f9a4                HAL_TIMEx_MasterConfigSynchronization
 .text.HAL_TIMEx_CommutCallback
                0x000000000800fadc       0x14 ./Drivers/STM32H7xx_HAL_Driver/Src/stm32h7xx_hal_tim_ex.o
                0x000000000800fadc                HAL_TIMEx_CommutCallback
 .text.HAL_TIMEx_BreakCallback
                0x000000000800faf0       0x14 ./Drivers/STM32H7xx_HAL_Driver/Src/stm32h7xx_hal_tim_ex.o
                0x000000000800faf0                HAL_TIMEx_BreakCallback
 .text.HAL_TIMEx_Break2Callback
                0x000000000800fb04       0x14 ./Drivers/STM32H7xx_HAL_Driver/Src/stm32h7xx_hal_tim_ex.o
                0x000000000800fb04                HAL_TIMEx_Break2Callback
 .text.HAL_UART_Init
                0x000000000800fb18       0xa0 ./Drivers/STM32H7xx_HAL_Driver/Src/stm32h7xx_hal_uart.o
                0x000000000800fb18                HAL_UART_Init
 .text.HAL_UART_Transmit
                0x000000000800fbb8      0x12c ./Drivers/STM32H7xx_HAL_Driver/Src/stm32h7xx_hal_uart.o
                0x000000000800fbb8                HAL_UART_Transmit
 .text.HAL_UART_Receive_IT
                0x000000000800fce4       0xac ./Drivers/STM32H7xx_HAL_Driver/Src/stm32h7xx_hal_uart.o
                0x000000000800fce4                HAL_UART_Receive_IT
 .text.HAL_UART_IRQHandler
                0x000000000800fd90      0x73c ./Drivers/STM32H7xx_HAL_Driver/Src/stm32h7xx_hal_uart.o
                0x000000000800fd90                HAL_UART_IRQHandler
 .text.HAL_UART_TxCpltCallback
                0x00000000080104cc       0x14 ./Drivers/STM32H7xx_HAL_Driver/Src/stm32h7xx_hal_uart.o
                0x00000000080104cc                HAL_UART_TxCpltCallback
 .text.HAL_UART_ErrorCallback
                0x00000000080104e0       0x14 ./Drivers/STM32H7xx_HAL_Driver/Src/stm32h7xx_hal_uart.o
                0x00000000080104e0                HAL_UART_ErrorCallback
 .text.HAL_UARTEx_RxEventCallback
                0x00000000080104f4       0x18 ./Drivers/STM32H7xx_HAL_Driver/Src/stm32h7xx_hal_uart.o
                0x00000000080104f4                HAL_UARTEx_RxEventCallback
 .text.UART_SetConfig
                0x000000000801050c      0xcbc ./Drivers/STM32H7xx_HAL_Driver/Src/stm32h7xx_hal_uart.o
                0x000000000801050c                UART_SetConfig
 .text.UART_AdvFeatureConfig
                0x00000000080111c8      0x144 ./Drivers/STM32H7xx_HAL_Driver/Src/stm32h7xx_hal_uart.o
                0x00000000080111c8                UART_AdvFeatureConfig
 .text.UART_CheckIdleState
                0x000000000801130c       0x96 ./Drivers/STM32H7xx_HAL_Driver/Src/stm32h7xx_hal_uart.o
                0x000000000801130c                UART_CheckIdleState
 .text.UART_WaitOnFlagUntilTimeout
                0x00000000080113a2      0x190 ./Drivers/STM32H7xx_HAL_Driver/Src/stm32h7xx_hal_uart.o
                0x00000000080113a2                UART_WaitOnFlagUntilTimeout
 *fill*         0x0000000008011532        0x2 
 .text.UART_Start_Receive_IT
                0x0000000008011534      0x254 ./Drivers/STM32H7xx_HAL_Driver/Src/stm32h7xx_hal_uart.o
                0x0000000008011534                UART_Start_Receive_IT
 .text.UART_EndRxTransfer
                0x0000000008011788       0xcc ./Drivers/STM32H7xx_HAL_Driver/Src/stm32h7xx_hal_uart.o
 .text.UART_DMAAbortOnError
                0x0000000008011854       0x2c ./Drivers/STM32H7xx_HAL_Driver/Src/stm32h7xx_hal_uart.o
 .text.UART_EndTransmit_IT
                0x0000000008011880       0x56 ./Drivers/STM32H7xx_HAL_Driver/Src/stm32h7xx_hal_uart.o
 .text.UART_RxISR_8BIT
                0x00000000080118d6      0x160 ./Drivers/STM32H7xx_HAL_Driver/Src/stm32h7xx_hal_uart.o
 .text.UART_RxISR_16BIT
                0x0000000008011a36      0x160 ./Drivers/STM32H7xx_HAL_Driver/Src/stm32h7xx_hal_uart.o
 *fill*         0x0000000008011b96        0x2 
 .text.UART_RxISR_8BIT_FIFOEN
                0x0000000008011b98      0x2f8 ./Drivers/STM32H7xx_HAL_Driver/Src/stm32h7xx_hal_uart.o
 .text.UART_RxISR_16BIT_FIFOEN
                0x0000000008011e90      0x300 ./Drivers/STM32H7xx_HAL_Driver/Src/stm32h7xx_hal_uart.o
 .text.HAL_UARTEx_WakeupCallback
                0x0000000008012190       0x14 ./Drivers/STM32H7xx_HAL_Driver/Src/stm32h7xx_hal_uart_ex.o
                0x0000000008012190                HAL_UARTEx_WakeupCallback
 .text.HAL_UARTEx_RxFifoFullCallback
                0x00000000080121a4       0x14 ./Drivers/STM32H7xx_HAL_Driver/Src/stm32h7xx_hal_uart_ex.o
                0x00000000080121a4                HAL_UARTEx_RxFifoFullCallback
 .text.HAL_UARTEx_TxFifoEmptyCallback
                0x00000000080121b8       0x14 ./Drivers/STM32H7xx_HAL_Driver/Src/stm32h7xx_hal_uart_ex.o
                0x00000000080121b8                HAL_UARTEx_TxFifoEmptyCallback
 .text.HAL_UARTEx_DisableFifoMode
                0x00000000080121cc       0x72 ./Drivers/STM32H7xx_HAL_Driver/Src/stm32h7xx_hal_uart_ex.o
                0x00000000080121cc                HAL_UARTEx_DisableFifoMode
 .text.HAL_UARTEx_SetTxFifoThreshold
                0x000000000801223e       0x7c ./Drivers/STM32H7xx_HAL_Driver/Src/stm32h7xx_hal_uart_ex.o
                0x000000000801223e                HAL_UARTEx_SetTxFifoThreshold
 .text.HAL_UARTEx_SetRxFifoThreshold
                0x00000000080122ba       0x7c ./Drivers/STM32H7xx_HAL_Driver/Src/stm32h7xx_hal_uart_ex.o
                0x00000000080122ba                HAL_UARTEx_SetRxFifoThreshold
 *fill*         0x0000000008012336        0x2 
 .text.UARTEx_SetNbDataToProcess
                0x0000000008012338       0x9c ./Drivers/STM32H7xx_HAL_Driver/Src/stm32h7xx_hal_uart_ex.o
 .text.__errno  0x00000000080123d4        0xc /opt/STMicro/STM32CubeIDE/plugins/com.st.stm32cube.ide.mcu.externaltools.gnu-tools-for-stm32.9-2020-q2-update.linux64_2.0.0.202105311346/tools/bin/../lib/gcc/arm-none-eabi/9.3.1/../../../../arm-none-eabi/lib/thumb/v7e-m+dp/hard/libc_nano.a(lib_a-errno.o)
                0x00000000080123d4                __errno
 .text.__libc_init_array
                0x00000000080123e0       0x48 /opt/STMicro/STM32CubeIDE/plugins/com.st.stm32cube.ide.mcu.externaltools.gnu-tools-for-stm32.9-2020-q2-update.linux64_2.0.0.202105311346/tools/bin/../lib/gcc/arm-none-eabi/9.3.1/../../../../arm-none-eabi/lib/thumb/v7e-m+dp/hard/libc_nano.a(lib_a-init.o)
                0x00000000080123e0                __libc_init_array
 .text.malloc   0x0000000008012428       0x10 /opt/STMicro/STM32CubeIDE/plugins/com.st.stm32cube.ide.mcu.externaltools.gnu-tools-for-stm32.9-2020-q2-update.linux64_2.0.0.202105311346/tools/bin/../lib/gcc/arm-none-eabi/9.3.1/../../../../arm-none-eabi/lib/thumb/v7e-m+dp/hard/libc_nano.a(lib_a-malloc.o)
                0x0000000008012428                malloc
 .text.free     0x0000000008012438       0x10 /opt/STMicro/STM32CubeIDE/plugins/com.st.stm32cube.ide.mcu.externaltools.gnu-tools-for-stm32.9-2020-q2-update.linux64_2.0.0.202105311346/tools/bin/../lib/gcc/arm-none-eabi/9.3.1/../../../../arm-none-eabi/lib/thumb/v7e-m+dp/hard/libc_nano.a(lib_a-malloc.o)
                0x0000000008012438                free
 .text.memcpy   0x0000000008012448       0x1c /opt/STMicro/STM32CubeIDE/plugins/com.st.stm32cube.ide.mcu.externaltools.gnu-tools-for-stm32.9-2020-q2-update.linux64_2.0.0.202105311346/tools/bin/../lib/gcc/arm-none-eabi/9.3.1/../../../../arm-none-eabi/lib/thumb/v7e-m+dp/hard/libc_nano.a(lib_a-memcpy-stub.o)
                0x0000000008012448                memcpy
 .text.memset   0x0000000008012464       0x10 /opt/STMicro/STM32CubeIDE/plugins/com.st.stm32cube.ide.mcu.externaltools.gnu-tools-for-stm32.9-2020-q2-update.linux64_2.0.0.202105311346/tools/bin/../lib/gcc/arm-none-eabi/9.3.1/../../../../arm-none-eabi/lib/thumb/v7e-m+dp/hard/libc_nano.a(lib_a-memset.o)
                0x0000000008012464                memset
 .text._free_r  0x0000000008012474       0xa0 /opt/STMicro/STM32CubeIDE/plugins/com.st.stm32cube.ide.mcu.externaltools.gnu-tools-for-stm32.9-2020-q2-update.linux64_2.0.0.202105311346/tools/bin/../lib/gcc/arm-none-eabi/9.3.1/../../../../arm-none-eabi/lib/thumb/v7e-m+dp/hard/libc_nano.a(lib_a-nano-freer.o)
                0x0000000008012474                _free_r
 .text._malloc_r
                0x0000000008012514       0xb4 /opt/STMicro/STM32CubeIDE/plugins/com.st.stm32cube.ide.mcu.externaltools.gnu-tools-for-stm32.9-2020-q2-update.linux64_2.0.0.202105311346/tools/bin/../lib/gcc/arm-none-eabi/9.3.1/../../../../arm-none-eabi/lib/thumb/v7e-m+dp/hard/libc_nano.a(lib_a-nano-mallocr.o)
                0x0000000008012514                _malloc_r
 .text.__cvt    0x00000000080125c8       0xa4 /opt/STMicro/STM32CubeIDE/plugins/com.st.stm32cube.ide.mcu.externaltools.gnu-tools-for-stm32.9-2020-q2-update.linux64_2.0.0.202105311346/tools/bin/../lib/gcc/arm-none-eabi/9.3.1/../../../../arm-none-eabi/lib/thumb/v7e-m+dp/hard/libc_nano.a(lib_a-nano-vfprintf_float.o)
                0x00000000080125c8                __cvt
 .text.__exponent
                0x000000000801266c       0x7c /opt/STMicro/STM32CubeIDE/plugins/com.st.stm32cube.ide.mcu.externaltools.gnu-tools-for-stm32.9-2020-q2-update.linux64_2.0.0.202105311346/tools/bin/../lib/gcc/arm-none-eabi/9.3.1/../../../../arm-none-eabi/lib/thumb/v7e-m+dp/hard/libc_nano.a(lib_a-nano-vfprintf_float.o)
                0x000000000801266c                __exponent
 .text._printf_float
                0x00000000080126e8      0x43c /opt/STMicro/STM32CubeIDE/plugins/com.st.stm32cube.ide.mcu.externaltools.gnu-tools-for-stm32.9-2020-q2-update.linux64_2.0.0.202105311346/tools/bin/../lib/gcc/arm-none-eabi/9.3.1/../../../../arm-none-eabi/lib/thumb/v7e-m+dp/hard/libc_nano.a(lib_a-nano-vfprintf_float.o)
                0x00000000080126e8                _printf_float
 .text._printf_common
                0x0000000008012b24       0xda /opt/STMicro/STM32CubeIDE/plugins/com.st.stm32cube.ide.mcu.externaltools.gnu-tools-for-stm32.9-2020-q2-update.linux64_2.0.0.202105311346/tools/bin/../lib/gcc/arm-none-eabi/9.3.1/../../../../arm-none-eabi/lib/thumb/v7e-m+dp/hard/libc_nano.a(lib_a-nano-vfprintf_i.o)
                0x0000000008012b24                _printf_common
 *fill*         0x0000000008012bfe        0x2 
 .text._printf_i
                0x0000000008012c00      0x24c /opt/STMicro/STM32CubeIDE/plugins/com.st.stm32cube.ide.mcu.externaltools.gnu-tools-for-stm32.9-2020-q2-update.linux64_2.0.0.202105311346/tools/bin/../lib/gcc/arm-none-eabi/9.3.1/../../../../arm-none-eabi/lib/thumb/v7e-m+dp/hard/libc_nano.a(lib_a-nano-vfprintf_i.o)
                0x0000000008012c00                _printf_i
 .text._scanf_float
                0x0000000008012e4c      0x408 /opt/STMicro/STM32CubeIDE/plugins/com.st.stm32cube.ide.mcu.externaltools.gnu-tools-for-stm32.9-2020-q2-update.linux64_2.0.0.202105311346/tools/bin/../lib/gcc/arm-none-eabi/9.3.1/../../../../arm-none-eabi/lib/thumb/v7e-m+dp/hard/libc_nano.a(lib_a-nano-vfscanf_float.o)
                0x0000000008012e4c                _scanf_float
 .text._sbrk_r  0x0000000008013254       0x20 /opt/STMicro/STM32CubeIDE/plugins/com.st.stm32cube.ide.mcu.externaltools.gnu-tools-for-stm32.9-2020-q2-update.linux64_2.0.0.202105311346/tools/bin/../lib/gcc/arm-none-eabi/9.3.1/../../../../arm-none-eabi/lib/thumb/v7e-m+dp/hard/libc_nano.a(lib_a-sbrkr.o)
                0x0000000008013254                _sbrk_r
 .text.nanf     0x0000000008013274        0xc /opt/STMicro/STM32CubeIDE/plugins/com.st.stm32cube.ide.mcu.externaltools.gnu-tools-for-stm32.9-2020-q2-update.linux64_2.0.0.202105311346/tools/bin/../lib/gcc/arm-none-eabi/9.3.1/../../../../arm-none-eabi/lib/thumb/v7e-m+dp/hard/libc_nano.a(lib_a-sf_nan.o)
                0x0000000008013274                nanf
 .text.snprintf
                0x0000000008013280       0x68 /opt/STMicro/STM32CubeIDE/plugins/com.st.stm32cube.ide.mcu.externaltools.gnu-tools-for-stm32.9-2020-q2-update.linux64_2.0.0.202105311346/tools/bin/../lib/gcc/arm-none-eabi/9.3.1/../../../../arm-none-eabi/lib/thumb/v7e-m+dp/hard/libc_nano.a(lib_a-snprintf.o)
                0x0000000008013280                snprintf
                0x0000000008013280                sniprintf
 .text.sprintf  0x00000000080132e8       0x40 /opt/STMicro/STM32CubeIDE/plugins/com.st.stm32cube.ide.mcu.externaltools.gnu-tools-for-stm32.9-2020-q2-update.linux64_2.0.0.202105311346/tools/bin/../lib/gcc/arm-none-eabi/9.3.1/../../../../arm-none-eabi/lib/thumb/v7e-m+dp/hard/libc_nano.a(lib_a-sprintf.o)
                0x00000000080132e8                sprintf
                0x00000000080132e8                siprintf
 .text.sulp     0x0000000008013328       0x34 /opt/STMicro/STM32CubeIDE/plugins/com.st.stm32cube.ide.mcu.externaltools.gnu-tools-for-stm32.9-2020-q2-update.linux64_2.0.0.202105311346/tools/bin/../lib/gcc/arm-none-eabi/9.3.1/../../../../arm-none-eabi/lib/thumb/v7e-m+dp/hard/libc_nano.a(lib_a-strtod.o)
 *fill*         0x000000000801335c        0x4 
 .text._strtod_l
                0x0000000008013360      0xbac /opt/STMicro/STM32CubeIDE/plugins/com.st.stm32cube.ide.mcu.externaltools.gnu-tools-for-stm32.9-2020-q2-update.linux64_2.0.0.202105311346/tools/bin/../lib/gcc/arm-none-eabi/9.3.1/../../../../arm-none-eabi/lib/thumb/v7e-m+dp/hard/libc_nano.a(lib_a-strtod.o)
                0x0000000008013360                _strtod_l
 .text._strtod_r
                0x0000000008013f0c        0xc /opt/STMicro/STM32CubeIDE/plugins/com.st.stm32cube.ide.mcu.externaltools.gnu-tools-for-stm32.9-2020-q2-update.linux64_2.0.0.202105311346/tools/bin/../lib/gcc/arm-none-eabi/9.3.1/../../../../arm-none-eabi/lib/thumb/v7e-m+dp/hard/libc_nano.a(lib_a-strtod.o)
                0x0000000008013f0c                _strtod_r
 .text._strtol_l.isra.0
                0x0000000008013f18      0x108 /opt/STMicro/STM32CubeIDE/plugins/com.st.stm32cube.ide.mcu.externaltools.gnu-tools-for-stm32.9-2020-q2-update.linux64_2.0.0.202105311346/tools/bin/../lib/gcc/arm-none-eabi/9.3.1/../../../../arm-none-eabi/lib/thumb/v7e-m+dp/hard/libc_nano.a(lib_a-strtol.o)
 .text._strtol_r
                0x0000000008014020        0x4 /opt/STMicro/STM32CubeIDE/plugins/com.st.stm32cube.ide.mcu.externaltools.gnu-tools-for-stm32.9-2020-q2-update.linux64_2.0.0.202105311346/tools/bin/../lib/gcc/arm-none-eabi/9.3.1/../../../../arm-none-eabi/lib/thumb/v7e-m+dp/hard/libc_nano.a(lib_a-strtol.o)
                0x0000000008014020                _strtol_r
 .text.quorem   0x0000000008014024      0x116 /opt/STMicro/STM32CubeIDE/plugins/com.st.stm32cube.ide.mcu.externaltools.gnu-tools-for-stm32.9-2020-q2-update.linux64_2.0.0.202105311346/tools/bin/../lib/gcc/arm-none-eabi/9.3.1/../../../../arm-none-eabi/lib/thumb/v7e-m+dp/hard/libc_nano.a(lib_a-dtoa.o)
 *fill*         0x000000000801413a        0x6 
 .text._dtoa_r  0x0000000008014140      0xb04 /opt/STMicro/STM32CubeIDE/plugins/com.st.stm32cube.ide.mcu.externaltools.gnu-tools-for-stm32.9-2020-q2-update.linux64_2.0.0.202105311346/tools/bin/../lib/gcc/arm-none-eabi/9.3.1/../../../../arm-none-eabi/lib/thumb/v7e-m+dp/hard/libc_nano.a(lib_a-dtoa.o)
                0x0000000008014140                _dtoa_r
 .text.rshift   0x0000000008014c44       0xa4 /opt/STMicro/STM32CubeIDE/plugins/com.st.stm32cube.ide.mcu.externaltools.gnu-tools-for-stm32.9-2020-q2-update.linux64_2.0.0.202105311346/tools/bin/../lib/gcc/arm-none-eabi/9.3.1/../../../../arm-none-eabi/lib/thumb/v7e-m+dp/hard/libc_nano.a(lib_a-gdtoa-gethex.o)
 .text.__hexdig_fun
                0x0000000008014ce8       0x2a /opt/STMicro/STM32CubeIDE/plugins/com.st.stm32cube.ide.mcu.externaltools.gnu-tools-for-stm32.9-2020-q2-update.linux64_2.0.0.202105311346/tools/bin/../lib/gcc/arm-none-eabi/9.3.1/../../../../arm-none-eabi/lib/thumb/v7e-m+dp/hard/libc_nano.a(lib_a-gdtoa-gethex.o)
                0x0000000008014ce8                __hexdig_fun
 *fill*         0x0000000008014d12        0x2 
 .text.__gethex
                0x0000000008014d14      0x48c /opt/STMicro/STM32CubeIDE/plugins/com.st.stm32cube.ide.mcu.externaltools.gnu-tools-for-stm32.9-2020-q2-update.linux64_2.0.0.202105311346/tools/bin/../lib/gcc/arm-none-eabi/9.3.1/../../../../arm-none-eabi/lib/thumb/v7e-m+dp/hard/libc_nano.a(lib_a-gdtoa-gethex.o)
                0x0000000008014d14                __gethex
 .text.L_shift  0x00000000080151a0       0x24 /opt/STMicro/STM32CubeIDE/plugins/com.st.stm32cube.ide.mcu.externaltools.gnu-tools-for-stm32.9-2020-q2-update.linux64_2.0.0.202105311346/tools/bin/../lib/gcc/arm-none-eabi/9.3.1/../../../../arm-none-eabi/lib/thumb/v7e-m+dp/hard/libc_nano.a(lib_a-gdtoa-hexnan.o)
 .text.__match  0x00000000080151c4       0x28 /opt/STMicro/STM32CubeIDE/plugins/com.st.stm32cube.ide.mcu.externaltools.gnu-tools-for-stm32.9-2020-q2-update.linux64_2.0.0.202105311346/tools/bin/../lib/gcc/arm-none-eabi/9.3.1/../../../../arm-none-eabi/lib/thumb/v7e-m+dp/hard/libc_nano.a(lib_a-gdtoa-hexnan.o)
                0x00000000080151c4                __match
 .text.__hexnan
                0x00000000080151ec      0x138 /opt/STMicro/STM32CubeIDE/plugins/com.st.stm32cube.ide.mcu.externaltools.gnu-tools-for-stm32.9-2020-q2-update.linux64_2.0.0.202105311346/tools/bin/../lib/gcc/arm-none-eabi/9.3.1/../../../../arm-none-eabi/lib/thumb/v7e-m+dp/hard/libc_nano.a(lib_a-gdtoa-hexnan.o)
                0x00000000080151ec                __hexnan
 .text._localeconv_r
                0x0000000008015324        0x8 /opt/STMicro/STM32CubeIDE/plugins/com.st.stm32cube.ide.mcu.externaltools.gnu-tools-for-stm32.9-2020-q2-update.linux64_2.0.0.202105311346/tools/bin/../lib/gcc/arm-none-eabi/9.3.1/../../../../arm-none-eabi/lib/thumb/v7e-m+dp/hard/libc_nano.a(lib_a-localeconv.o)
                0x0000000008015324                _localeconv_r
 .text.__ascii_mbtowc
                0x000000000801532c       0x24 /opt/STMicro/STM32CubeIDE/plugins/com.st.stm32cube.ide.mcu.externaltools.gnu-tools-for-stm32.9-2020-q2-update.linux64_2.0.0.202105311346/tools/bin/../lib/gcc/arm-none-eabi/9.3.1/../../../../arm-none-eabi/lib/thumb/v7e-m+dp/hard/libc_nano.a(lib_a-mbtowc_r.o)
                0x000000000801532c                __ascii_mbtowc
 .text.__malloc_lock
                0x0000000008015350        0xc /opt/STMicro/STM32CubeIDE/plugins/com.st.stm32cube.ide.mcu.externaltools.gnu-tools-for-stm32.9-2020-q2-update.linux64_2.0.0.202105311346/tools/bin/../lib/gcc/arm-none-eabi/9.3.1/../../../../arm-none-eabi/lib/thumb/v7e-m+dp/hard/libc_nano.a(lib_a-mlock.o)
                0x0000000008015350                __malloc_lock
 .text.__malloc_unlock
                0x000000000801535c        0xc /opt/STMicro/STM32CubeIDE/plugins/com.st.stm32cube.ide.mcu.externaltools.gnu-tools-for-stm32.9-2020-q2-update.linux64_2.0.0.202105311346/tools/bin/../lib/gcc/arm-none-eabi/9.3.1/../../../../arm-none-eabi/lib/thumb/v7e-m+dp/hard/libc_nano.a(lib_a-mlock.o)
                0x000000000801535c                __malloc_unlock
 .text._Balloc  0x0000000008015368       0x80 /opt/STMicro/STM32CubeIDE/plugins/com.st.stm32cube.ide.mcu.externaltools.gnu-tools-for-stm32.9-2020-q2-update.linux64_2.0.0.202105311346/tools/bin/../lib/gcc/arm-none-eabi/9.3.1/../../../../arm-none-eabi/lib/thumb/v7e-m+dp/hard/libc_nano.a(lib_a-mprec.o)
                0x0000000008015368                _Balloc
 .text._Bfree   0x00000000080153e8       0x44 /opt/STMicro/STM32CubeIDE/plugins/com.st.stm32cube.ide.mcu.externaltools.gnu-tools-for-stm32.9-2020-q2-update.linux64_2.0.0.202105311346/tools/bin/../lib/gcc/arm-none-eabi/9.3.1/../../../../arm-none-eabi/lib/thumb/v7e-m+dp/hard/libc_nano.a(lib_a-mprec.o)
                0x00000000080153e8                _Bfree
 .text.__multadd
                0x000000000801542c       0x94 /opt/STMicro/STM32CubeIDE/plugins/com.st.stm32cube.ide.mcu.externaltools.gnu-tools-for-stm32.9-2020-q2-update.linux64_2.0.0.202105311346/tools/bin/../lib/gcc/arm-none-eabi/9.3.1/../../../../arm-none-eabi/lib/thumb/v7e-m+dp/hard/libc_nano.a(lib_a-mprec.o)
                0x000000000801542c                __multadd
 .text.__s2b    0x00000000080154c0       0x94 /opt/STMicro/STM32CubeIDE/plugins/com.st.stm32cube.ide.mcu.externaltools.gnu-tools-for-stm32.9-2020-q2-update.linux64_2.0.0.202105311346/tools/bin/../lib/gcc/arm-none-eabi/9.3.1/../../../../arm-none-eabi/lib/thumb/v7e-m+dp/hard/libc_nano.a(lib_a-mprec.o)
                0x00000000080154c0                __s2b
 .text.__hi0bits
                0x0000000008015554       0x40 /opt/STMicro/STM32CubeIDE/plugins/com.st.stm32cube.ide.mcu.externaltools.gnu-tools-for-stm32.9-2020-q2-update.linux64_2.0.0.202105311346/tools/bin/../lib/gcc/arm-none-eabi/9.3.1/../../../../arm-none-eabi/lib/thumb/v7e-m+dp/hard/libc_nano.a(lib_a-mprec.o)
                0x0000000008015554                __hi0bits
 .text.__lo0bits
                0x0000000008015594       0x60 /opt/STMicro/STM32CubeIDE/plugins/com.st.stm32cube.ide.mcu.externaltools.gnu-tools-for-stm32.9-2020-q2-update.linux64_2.0.0.202105311346/tools/bin/../lib/gcc/arm-none-eabi/9.3.1/../../../../arm-none-eabi/lib/thumb/v7e-m+dp/hard/libc_nano.a(lib_a-mprec.o)
                0x0000000008015594                __lo0bits
 .text.__i2b    0x00000000080155f4       0x2c /opt/STMicro/STM32CubeIDE/plugins/com.st.stm32cube.ide.mcu.externaltools.gnu-tools-for-stm32.9-2020-q2-update.linux64_2.0.0.202105311346/tools/bin/../lib/gcc/arm-none-eabi/9.3.1/../../../../arm-none-eabi/lib/thumb/v7e-m+dp/hard/libc_nano.a(lib_a-mprec.o)
                0x00000000080155f4                __i2b
 .text.__multiply
                0x0000000008015620      0x14c /opt/STMicro/STM32CubeIDE/plugins/com.st.stm32cube.ide.mcu.externaltools.gnu-tools-for-stm32.9-2020-q2-update.linux64_2.0.0.202105311346/tools/bin/../lib/gcc/arm-none-eabi/9.3.1/../../../../arm-none-eabi/lib/thumb/v7e-m+dp/hard/libc_nano.a(lib_a-mprec.o)
                0x0000000008015620                __multiply
 .text.__pow5mult
                0x000000000801576c       0xb4 /opt/STMicro/STM32CubeIDE/plugins/com.st.stm32cube.ide.mcu.externaltools.gnu-tools-for-stm32.9-2020-q2-update.linux64_2.0.0.202105311346/tools/bin/../lib/gcc/arm-none-eabi/9.3.1/../../../../arm-none-eabi/lib/thumb/v7e-m+dp/hard/libc_nano.a(lib_a-mprec.o)
                0x000000000801576c                __pow5mult
 .text.__lshift
                0x0000000008015820       0xd8 /opt/STMicro/STM32CubeIDE/plugins/com.st.stm32cube.ide.mcu.externaltools.gnu-tools-for-stm32.9-2020-q2-update.linux64_2.0.0.202105311346/tools/bin/../lib/gcc/arm-none-eabi/9.3.1/../../../../arm-none-eabi/lib/thumb/v7e-m+dp/hard/libc_nano.a(lib_a-mprec.o)
                0x0000000008015820                __lshift
 .text.__mcmp   0x00000000080158f8       0x38 /opt/STMicro/STM32CubeIDE/plugins/com.st.stm32cube.ide.mcu.externaltools.gnu-tools-for-stm32.9-2020-q2-update.linux64_2.0.0.202105311346/tools/bin/../lib/gcc/arm-none-eabi/9.3.1/../../../../arm-none-eabi/lib/thumb/v7e-m+dp/hard/libc_nano.a(lib_a-mprec.o)
                0x00000000080158f8                __mcmp
 .text.__mdiff  0x0000000008015930      0x110 /opt/STMicro/STM32CubeIDE/plugins/com.st.stm32cube.ide.mcu.externaltools.gnu-tools-for-stm32.9-2020-q2-update.linux64_2.0.0.202105311346/tools/bin/../lib/gcc/arm-none-eabi/9.3.1/../../../../arm-none-eabi/lib/thumb/v7e-m+dp/hard/libc_nano.a(lib_a-mprec.o)
                0x0000000008015930                __mdiff
 .text.__ulp    0x0000000008015a40       0x58 /opt/STMicro/STM32CubeIDE/plugins/com.st.stm32cube.ide.mcu.externaltools.gnu-tools-for-stm32.9-2020-q2-update.linux64_2.0.0.202105311346/tools/bin/../lib/gcc/arm-none-eabi/9.3.1/../../../../arm-none-eabi/lib/thumb/v7e-m+dp/hard/libc_nano.a(lib_a-mprec.o)
                0x0000000008015a40                __ulp
 .text.__b2d    0x0000000008015a98       0xa0 /opt/STMicro/STM32CubeIDE/plugins/com.st.stm32cube.ide.mcu.externaltools.gnu-tools-for-stm32.9-2020-q2-update.linux64_2.0.0.202105311346/tools/bin/../lib/gcc/arm-none-eabi/9.3.1/../../../../arm-none-eabi/lib/thumb/v7e-m+dp/hard/libc_nano.a(lib_a-mprec.o)
                0x0000000008015a98                __b2d
 .text.__d2b    0x0000000008015b38       0xb8 /opt/STMicro/STM32CubeIDE/plugins/com.st.stm32cube.ide.mcu.externaltools.gnu-tools-for-stm32.9-2020-q2-update.linux64_2.0.0.202105311346/tools/bin/../lib/gcc/arm-none-eabi/9.3.1/../../../../arm-none-eabi/lib/thumb/v7e-m+dp/hard/libc_nano.a(lib_a-mprec.o)
                0x0000000008015b38                __d2b
 .text.__ratio  0x0000000008015bf0       0x68 /opt/STMicro/STM32CubeIDE/plugins/com.st.stm32cube.ide.mcu.externaltools.gnu-tools-for-stm32.9-2020-q2-update.linux64_2.0.0.202105311346/tools/bin/../lib/gcc/arm-none-eabi/9.3.1/../../../../arm-none-eabi/lib/thumb/v7e-m+dp/hard/libc_nano.a(lib_a-mprec.o)
                0x0000000008015bf0                __ratio
 .text.__copybits
                0x0000000008015c58       0x46 /opt/STMicro/STM32CubeIDE/plugins/com.st.stm32cube.ide.mcu.externaltools.gnu-tools-for-stm32.9-2020-q2-update.linux64_2.0.0.202105311346/tools/bin/../lib/gcc/arm-none-eabi/9.3.1/../../../../arm-none-eabi/lib/thumb/v7e-m+dp/hard/libc_nano.a(lib_a-mprec.o)
                0x0000000008015c58                __copybits
 .text.__any_on
                0x0000000008015c9e       0x42 /opt/STMicro/STM32CubeIDE/plugins/com.st.stm32cube.ide.mcu.externaltools.gnu-tools-for-stm32.9-2020-q2-update.linux64_2.0.0.202105311346/tools/bin/../lib/gcc/arm-none-eabi/9.3.1/../../../../arm-none-eabi/lib/thumb/v7e-m+dp/hard/libc_nano.a(lib_a-mprec.o)
                0x0000000008015c9e                __any_on
 .text._calloc_r
                0x0000000008015ce0       0x1e /opt/STMicro/STM32CubeIDE/plugins/com.st.stm32cube.ide.mcu.externaltools.gnu-tools-for-stm32.9-2020-q2-update.linux64_2.0.0.202105311346/tools/bin/../lib/gcc/arm-none-eabi/9.3.1/../../../../arm-none-eabi/lib/thumb/v7e-m+dp/hard/libc_nano.a(lib_a-nano-callocr.o)
                0x0000000008015ce0                _calloc_r
 .text.__ssputs_r
                0x0000000008015cfe       0xb6 /opt/STMicro/STM32CubeIDE/plugins/com.st.stm32cube.ide.mcu.externaltools.gnu-tools-for-stm32.9-2020-q2-update.linux64_2.0.0.202105311346/tools/bin/../lib/gcc/arm-none-eabi/9.3.1/../../../../arm-none-eabi/lib/thumb/v7e-m+dp/hard/libc_nano.a(lib_a-nano-svfprintf.o)
                0x0000000008015cfe                __ssputs_r
 .text._svfprintf_r
                0x0000000008015db4      0x200 /opt/STMicro/STM32CubeIDE/plugins/com.st.stm32cube.ide.mcu.externaltools.gnu-tools-for-stm32.9-2020-q2-update.linux64_2.0.0.202105311346/tools/bin/../lib/gcc/arm-none-eabi/9.3.1/../../../../arm-none-eabi/lib/thumb/v7e-m+dp/hard/libc_nano.a(lib_a-nano-svfprintf.o)
                0x0000000008015db4                _svfprintf_r
                0x0000000008015db4                _svfiprintf_r
 *fill*         0x0000000008015fb4        0x4 
 .text.nan      0x0000000008015fb8       0x10 /opt/STMicro/STM32CubeIDE/plugins/com.st.stm32cube.ide.mcu.externaltools.gnu-tools-for-stm32.9-2020-q2-update.linux64_2.0.0.202105311346/tools/bin/../lib/gcc/arm-none-eabi/9.3.1/../../../../arm-none-eabi/lib/thumb/v7e-m+dp/hard/libc_nano.a(lib_a-s_nan.o)
                0x0000000008015fb8                nan
 .text.strncmp  0x0000000008015fc8       0x24 /opt/STMicro/STM32CubeIDE/plugins/com.st.stm32cube.ide.mcu.externaltools.gnu-tools-for-stm32.9-2020-q2-update.linux64_2.0.0.202105311346/tools/bin/../lib/gcc/arm-none-eabi/9.3.1/../../../../arm-none-eabi/lib/thumb/v7e-m+dp/hard/libc_nano.a(lib_a-strncmp.o)
                0x0000000008015fc8                strncmp
 .text.__ascii_wctomb
                0x0000000008015fec       0x1a /opt/STMicro/STM32CubeIDE/plugins/com.st.stm32cube.ide.mcu.externaltools.gnu-tools-for-stm32.9-2020-q2-update.linux64_2.0.0.202105311346/tools/bin/../lib/gcc/arm-none-eabi/9.3.1/../../../../arm-none-eabi/lib/thumb/v7e-m+dp/hard/libc_nano.a(lib_a-wctomb_r.o)
                0x0000000008015fec                __ascii_wctomb
 *fill*         0x0000000008016006        0x2 
 .text.__assert_func
                0x0000000008016008       0x3c /opt/STMicro/STM32CubeIDE/plugins/com.st.stm32cube.ide.mcu.externaltools.gnu-tools-for-stm32.9-2020-q2-update.linux64_2.0.0.202105311346/tools/bin/../lib/gcc/arm-none-eabi/9.3.1/../../../../arm-none-eabi/lib/thumb/v7e-m+dp/hard/libc_nano.a(lib_a-assert.o)
                0x0000000008016008                __assert_func
 .text.fprintf  0x0000000008016044       0x24 /opt/STMicro/STM32CubeIDE/plugins/com.st.stm32cube.ide.mcu.externaltools.gnu-tools-for-stm32.9-2020-q2-update.linux64_2.0.0.202105311346/tools/bin/../lib/gcc/arm-none-eabi/9.3.1/../../../../arm-none-eabi/lib/thumb/v7e-m+dp/hard/libc_nano.a(lib_a-fprintf.o)
                0x0000000008016044                fprintf
                0x0000000008016044                fiprintf
 .text.__retarget_lock_init_recursive
                0x0000000008016068        0x2 /opt/STMicro/STM32CubeIDE/plugins/com.st.stm32cube.ide.mcu.externaltools.gnu-tools-for-stm32.9-2020-q2-update.linux64_2.0.0.202105311346/tools/bin/../lib/gcc/arm-none-eabi/9.3.1/../../../../arm-none-eabi/lib/thumb/v7e-m+dp/hard/libc_nano.a(lib_a-lock.o)
                0x0000000008016068                __retarget_lock_init_recursive
 .text.__retarget_lock_acquire_recursive
                0x000000000801606a        0x2 /opt/STMicro/STM32CubeIDE/plugins/com.st.stm32cube.ide.mcu.externaltools.gnu-tools-for-stm32.9-2020-q2-update.linux64_2.0.0.202105311346/tools/bin/../lib/gcc/arm-none-eabi/9.3.1/../../../../arm-none-eabi/lib/thumb/v7e-m+dp/hard/libc_nano.a(lib_a-lock.o)
                0x000000000801606a                __retarget_lock_acquire_recursive
 .text.__retarget_lock_release_recursive
                0x000000000801606c        0x2 /opt/STMicro/STM32CubeIDE/plugins/com.st.stm32cube.ide.mcu.externaltools.gnu-tools-for-stm32.9-2020-q2-update.linux64_2.0.0.202105311346/tools/bin/../lib/gcc/arm-none-eabi/9.3.1/../../../../arm-none-eabi/lib/thumb/v7e-m+dp/hard/libc_nano.a(lib_a-lock.o)
                0x000000000801606c                __retarget_lock_release_recursive
 .text.memmove  0x000000000801606e       0x34 /opt/STMicro/STM32CubeIDE/plugins/com.st.stm32cube.ide.mcu.externaltools.gnu-tools-for-stm32.9-2020-q2-update.linux64_2.0.0.202105311346/tools/bin/../lib/gcc/arm-none-eabi/9.3.1/../../../../arm-none-eabi/lib/thumb/v7e-m+dp/hard/libc_nano.a(lib_a-memmove.o)
                0x000000000801606e                memmove
 .text._realloc_r
                0x00000000080160a2       0x4c /opt/STMicro/STM32CubeIDE/plugins/com.st.stm32cube.ide.mcu.externaltools.gnu-tools-for-stm32.9-2020-q2-update.linux64_2.0.0.202105311346/tools/bin/../lib/gcc/arm-none-eabi/9.3.1/../../../../arm-none-eabi/lib/thumb/v7e-m+dp/hard/libc_nano.a(lib_a-nano-reallocr.o)
                0x00000000080160a2                _realloc_r
 .text.__sfputc_r
                0x00000000080160ee       0x2e /opt/STMicro/STM32CubeIDE/plugins/com.st.stm32cube.ide.mcu.externaltools.gnu-tools-for-stm32.9-2020-q2-update.linux64_2.0.0.202105311346/tools/bin/../lib/gcc/arm-none-eabi/9.3.1/../../../../arm-none-eabi/lib/thumb/v7e-m+dp/hard/libc_nano.a(lib_a-nano-vfprintf.o)
 .text.__sfputs_r
                0x000000000801611c       0x24 /opt/STMicro/STM32CubeIDE/plugins/com.st.stm32cube.ide.mcu.externaltools.gnu-tools-for-stm32.9-2020-q2-update.linux64_2.0.0.202105311346/tools/bin/../lib/gcc/arm-none-eabi/9.3.1/../../../../arm-none-eabi/lib/thumb/v7e-m+dp/hard/libc_nano.a(lib_a-nano-vfprintf.o)
                0x000000000801611c                __sfputs_r
 .text._vfprintf_r
                0x0000000008016140      0x260 /opt/STMicro/STM32CubeIDE/plugins/com.st.stm32cube.ide.mcu.externaltools.gnu-tools-for-stm32.9-2020-q2-update.linux64_2.0.0.202105311346/tools/bin/../lib/gcc/arm-none-eabi/9.3.1/../../../../arm-none-eabi/lib/thumb/v7e-m+dp/hard/libc_nano.a(lib_a-nano-vfprintf.o)
                0x0000000008016140                _vfiprintf_r
                0x0000000008016140                _vfprintf_r
 .text.__swbuf_r
                0x00000000080163a0       0xa4 /opt/STMicro/STM32CubeIDE/plugins/com.st.stm32cube.ide.mcu.externaltools.gnu-tools-for-stm32.9-2020-q2-update.linux64_2.0.0.202105311346/tools/bin/../lib/gcc/arm-none-eabi/9.3.1/../../../../arm-none-eabi/lib/thumb/v7e-m+dp/hard/libc_nano.a(lib_a-wbuf.o)
                0x00000000080163a0                __swbuf_r
 .text.__swsetup_r
                0x0000000008016444       0xdc /opt/STMicro/STM32CubeIDE/plugins/com.st.stm32cube.ide.mcu.externaltools.gnu-tools-for-stm32.9-2020-q2-update.linux64_2.0.0.202105311346/tools/bin/../lib/gcc/arm-none-eabi/9.3.1/../../../../arm-none-eabi/lib/thumb/v7e-m+dp/hard/libc_nano.a(lib_a-wsetup.o)
                0x0000000008016444                __swsetup_r
 .text.abort    0x0000000008016520        0xe /opt/STMicro/STM32CubeIDE/plugins/com.st.stm32cube.ide.mcu.externaltools.gnu-tools-for-stm32.9-2020-q2-update.linux64_2.0.0.202105311346/tools/bin/../lib/gcc/arm-none-eabi/9.3.1/../../../../arm-none-eabi/lib/thumb/v7e-m+dp/hard/libc_nano.a(lib_a-abort.o)
                0x0000000008016520                abort
 *fill*         0x000000000801652e        0x2 
 .text.__sflush_r
                0x0000000008016530      0x10c /opt/STMicro/STM32CubeIDE/plugins/com.st.stm32cube.ide.mcu.externaltools.gnu-tools-for-stm32.9-2020-q2-update.linux64_2.0.0.202105311346/tools/bin/../lib/gcc/arm-none-eabi/9.3.1/../../../../arm-none-eabi/lib/thumb/v7e-m+dp/hard/libc_nano.a(lib_a-fflush.o)
                0x0000000008016530                __sflush_r
 .text._fflush_r
                0x000000000801663c       0x78 /opt/STMicro/STM32CubeIDE/plugins/com.st.stm32cube.ide.mcu.externaltools.gnu-tools-for-stm32.9-2020-q2-update.linux64_2.0.0.202105311346/tools/bin/../lib/gcc/arm-none-eabi/9.3.1/../../../../arm-none-eabi/lib/thumb/v7e-m+dp/hard/libc_nano.a(lib_a-fflush.o)
                0x000000000801663c                _fflush_r
 .text.std      0x00000000080166b4       0x48 /opt/STMicro/STM32CubeIDE/plugins/com.st.stm32cube.ide.mcu.externaltools.gnu-tools-for-stm32.9-2020-q2-update.linux64_2.0.0.202105311346/tools/bin/../lib/gcc/arm-none-eabi/9.3.1/../../../../arm-none-eabi/lib/thumb/v7e-m+dp/hard/libc_nano.a(lib_a-findfp.o)
 .text._cleanup_r
                0x00000000080166fc        0xc /opt/STMicro/STM32CubeIDE/plugins/com.st.stm32cube.ide.mcu.externaltools.gnu-tools-for-stm32.9-2020-q2-update.linux64_2.0.0.202105311346/tools/bin/../lib/gcc/arm-none-eabi/9.3.1/../../../../arm-none-eabi/lib/thumb/v7e-m+dp/hard/libc_nano.a(lib_a-findfp.o)
                0x00000000080166fc                _cleanup_r
 .text.__sfmoreglue
                0x0000000008016708       0x2c /opt/STMicro/STM32CubeIDE/plugins/com.st.stm32cube.ide.mcu.externaltools.gnu-tools-for-stm32.9-2020-q2-update.linux64_2.0.0.202105311346/tools/bin/../lib/gcc/arm-none-eabi/9.3.1/../../../../arm-none-eabi/lib/thumb/v7e-m+dp/hard/libc_nano.a(lib_a-findfp.o)
                0x0000000008016708                __sfmoreglue
 .text.__sfp_lock_acquire
                0x0000000008016734        0xc /opt/STMicro/STM32CubeIDE/plugins/com.st.stm32cube.ide.mcu.externaltools.gnu-tools-for-stm32.9-2020-q2-update.linux64_2.0.0.202105311346/tools/bin/../lib/gcc/arm-none-eabi/9.3.1/../../../../arm-none-eabi/lib/thumb/v7e-m+dp/hard/libc_nano.a(lib_a-findfp.o)
                0x0000000008016734                __sfp_lock_acquire
 .text.__sfp_lock_release
                0x0000000008016740        0xc /opt/STMicro/STM32CubeIDE/plugins/com.st.stm32cube.ide.mcu.externaltools.gnu-tools-for-stm32.9-2020-q2-update.linux64_2.0.0.202105311346/tools/bin/../lib/gcc/arm-none-eabi/9.3.1/../../../../arm-none-eabi/lib/thumb/v7e-m+dp/hard/libc_nano.a(lib_a-findfp.o)
                0x0000000008016740                __sfp_lock_release
 .text.__sinit_lock_acquire
                0x000000000801674c        0xc /opt/STMicro/STM32CubeIDE/plugins/com.st.stm32cube.ide.mcu.externaltools.gnu-tools-for-stm32.9-2020-q2-update.linux64_2.0.0.202105311346/tools/bin/../lib/gcc/arm-none-eabi/9.3.1/../../../../arm-none-eabi/lib/thumb/v7e-m+dp/hard/libc_nano.a(lib_a-findfp.o)
                0x000000000801674c                __sinit_lock_acquire
 .text.__sinit_lock_release
                0x0000000008016758        0xc /opt/STMicro/STM32CubeIDE/plugins/com.st.stm32cube.ide.mcu.externaltools.gnu-tools-for-stm32.9-2020-q2-update.linux64_2.0.0.202105311346/tools/bin/../lib/gcc/arm-none-eabi/9.3.1/../../../../arm-none-eabi/lib/thumb/v7e-m+dp/hard/libc_nano.a(lib_a-findfp.o)
                0x0000000008016758                __sinit_lock_release
 .text.__sinit  0x0000000008016764       0x70 /opt/STMicro/STM32CubeIDE/plugins/com.st.stm32cube.ide.mcu.externaltools.gnu-tools-for-stm32.9-2020-q2-update.linux64_2.0.0.202105311346/tools/bin/../lib/gcc/arm-none-eabi/9.3.1/../../../../arm-none-eabi/lib/thumb/v7e-m+dp/hard/libc_nano.a(lib_a-findfp.o)
                0x0000000008016764                __sinit
 .text.__sfp    0x00000000080167d4       0x8c /opt/STMicro/STM32CubeIDE/plugins/com.st.stm32cube.ide.mcu.externaltools.gnu-tools-for-stm32.9-2020-q2-update.linux64_2.0.0.202105311346/tools/bin/../lib/gcc/arm-none-eabi/9.3.1/../../../../arm-none-eabi/lib/thumb/v7e-m+dp/hard/libc_nano.a(lib_a-findfp.o)
                0x00000000080167d4                __sfp
 .text._fwalk_reent
                0x0000000008016860       0x3e /opt/STMicro/STM32CubeIDE/plugins/com.st.stm32cube.ide.mcu.externaltools.gnu-tools-for-stm32.9-2020-q2-update.linux64_2.0.0.202105311346/tools/bin/../lib/gcc/arm-none-eabi/9.3.1/../../../../arm-none-eabi/lib/thumb/v7e-m+dp/hard/libc_nano.a(lib_a-fwalk.o)
                0x0000000008016860                _fwalk_reent
 .text.__swhatbuf_r
                0x000000000801689e       0x48 /opt/STMicro/STM32CubeIDE/plugins/com.st.stm32cube.ide.mcu.externaltools.gnu-tools-for-stm32.9-2020-q2-update.linux64_2.0.0.202105311346/tools/bin/../lib/gcc/arm-none-eabi/9.3.1/../../../../arm-none-eabi/lib/thumb/v7e-m+dp/hard/libc_nano.a(lib_a-makebuf.o)
                0x000000000801689e                __swhatbuf_r
 *fill*         0x00000000080168e6        0x2 
 .text.__smakebuf_r
                0x00000000080168e8       0x80 /opt/STMicro/STM32CubeIDE/plugins/com.st.stm32cube.ide.mcu.externaltools.gnu-tools-for-stm32.9-2020-q2-update.linux64_2.0.0.202105311346/tools/bin/../lib/gcc/arm-none-eabi/9.3.1/../../../../arm-none-eabi/lib/thumb/v7e-m+dp/hard/libc_nano.a(lib_a-makebuf.o)
                0x00000000080168e8                __smakebuf_r
 .text._malloc_usable_size_r
                0x0000000008016968       0x10 /opt/STMicro/STM32CubeIDE/plugins/com.st.stm32cube.ide.mcu.externaltools.gnu-tools-for-stm32.9-2020-q2-update.linux64_2.0.0.202105311346/tools/bin/../lib/gcc/arm-none-eabi/9.3.1/../../../../arm-none-eabi/lib/thumb/v7e-m+dp/hard/libc_nano.a(lib_a-nano-msizer.o)
                0x0000000008016968                _malloc_usable_size_r
 .text._raise_r
                0x0000000008016978       0x50 /opt/STMicro/STM32CubeIDE/plugins/com.st.stm32cube.ide.mcu.externaltools.gnu-tools-for-stm32.9-2020-q2-update.linux64_2.0.0.202105311346/tools/bin/../lib/gcc/arm-none-eabi/9.3.1/../../../../arm-none-eabi/lib/thumb/v7e-m+dp/hard/libc_nano.a(lib_a-signal.o)
                0x0000000008016978                _raise_r
 .text.raise    0x00000000080169c8       0x10 /opt/STMicro/STM32CubeIDE/plugins/com.st.stm32cube.ide.mcu.externaltools.gnu-tools-for-stm32.9-2020-q2-update.linux64_2.0.0.202105311346/tools/bin/../lib/gcc/arm-none-eabi/9.3.1/../../../../arm-none-eabi/lib/thumb/v7e-m+dp/hard/libc_nano.a(lib_a-signal.o)
                0x00000000080169c8                raise
 .text._kill_r  0x00000000080169d8       0x24 /opt/STMicro/STM32CubeIDE/plugins/com.st.stm32cube.ide.mcu.externaltools.gnu-tools-for-stm32.9-2020-q2-update.linux64_2.0.0.202105311346/tools/bin/../lib/gcc/arm-none-eabi/9.3.1/../../../../arm-none-eabi/lib/thumb/v7e-m+dp/hard/libc_nano.a(lib_a-signalr.o)
                0x00000000080169d8                _kill_r
 .text._getpid_r