../Drivers/CMSIS/Include/core_cm7.h:2660:26:ITM_SendChar	16	static,ignoring_inline_asm
../Core/Inc/dwt_stm32_delay.h:19:26:DWT_Delay_us	24	static
../Core/Inc/hmc832spi_stm32.h:38:6:SPI_WrRd	16	static
../Core/Inc/hmc832spi_stm32.h:67:6:SPI_Wr	16	static
../Core/Inc/hmc832spi_stm32.h:93:14:HMC832_readRegmy	48	static,ignoring_inline_asm
../Core/Inc/hmc832spi_stm32.h:128:14:HMC832_readReg3U8	56	static
../Core/Inc/hmc832spi_stm32.h:252:6:HMC832_writeReg	24	static
../Core/Inc/hmc832spi_stm32.h:266:6:HMC832_vspiWriteReg	32	static
../Core/Inc/hmc832spi_stm32.h:281:6:HMC832_vspiWrite	24	static
../Core/Inc/hmc832spi_stm32.h:294:10:HMC832_readReg	32	static
../Core/Inc/pe43712_spi_stm32.h:40:6:PE43712_writeReg	24	static
../Core/Src/main.c:383:11:addFirstF	24	static
../Core/Src/main.c:397:6:addLastF	32	static
../Core/Src/main.c:418:6:updateValF	32	static
../Core/Src/main.c:439:6:updateCalF	32	static
../Core/Src/main.c:455:4:getCalF	32	static
../Core/Src/main.c:474:10:getValF	32	static
../Core/Src/main.c:489:6:deleteF	24	static
../Core/Src/main.c:516:6:createFLT	40	static
../Core/Src/main.c:556:6:deleteFLT	24	static
../Core/Src/main.c:572:6:softfilter	56	static
../Core/Src/main.c:648:6:addFirst	32	static
../Core/Src/main.c:658:6:addLast	32	static
../Core/Src/main.c:674:6:delete	24	static
../Core/Src/main.c:704:6:addLastCH	48	static
../Core/Src/main.c:733:6:deleteCH	24	static
../Core/Src/main.c:925:7:level2Power	40	static
../Core/Src/main.c:944:9:pe43712_attn2code	24	static
../Core/Src/main.c:951:7:pe43712_code2attn	24	static
../Core/Src/main.c:981:9:contBinSearch	16	static
../Core/Src/main.c:1029:7:calPowerRSSI	32	static
../Core/Src/main.c:1054:14:hcf	16	static
../Core/Src/main.c:1061:6:valTestInit	16	static
../Core/Src/main.c:1076:10:Euclidean	24	static
../Core/Src/main.c:1094:5:crc16_cal	24	static
../Core/Src/main.c:1112:7:hexatofloat	24	static
../Core/Src/main.c:1126:15:crc8	24	static
../Core/Src/main.c:1138:6:comm_rs485_rvsFloat_order	24	static
../Core/Src/main.c:1153:6:comm_rs485_rcvFloat_order	24	static
../Core/Src/main.c:1269:6:ch1_on	8	static
../Core/Src/main.c:1290:6:ch2_on	8	static
../Core/Src/main.c:1308:6:ch3_on	8	static
../Core/Src/main.c:1326:6:ch4_on	8	static
../Core/Src/main.c:1346:6:ch5_on	8	static
../Core/Src/main.c:1366:6:ch6_on	8	static
../Core/Src/main.c:1385:6:rxon_and_alloff	8	static
../Core/Src/main.c:1405:6:bit_on	8	static
../Core/Src/main.c:1429:6:ch_timing_measure	24	static
../Core/Src/main.c:1469:5:waitExecCtl	24	static
../Core/Src/main.c:1518:5:checkExecCtl	16	static
../Core/Src/main.c:1532:6:setExecCtl	16	static
../Core/Src/main.c:1564:6:rtsLock	16	static
../Core/Src/main.c:1598:6:nsdelay	16	static
../Core/Src/main.c:1604:7:floatmovingAvg	32	static
../Core/Src/main.c:1614:5:movingAvg	24	static
../Core/Src/main.c:1630:4:x68_massTxFrameData	48	static
../Core/Src/main.c:1703:6:txProcess	16	static
../Core/Inc/std_rs485_func.h:2:5:std_rs485_rxCrcCheck	24	static
../Core/Inc/std_rs485_func.h:16:4:std_rs485_rxGetId	16	static
../Core/Inc/std_rs485_func.h:272:6:std_rs485_txCRCConst	16	static
../Core/Inc/std_rs485_func.h:284:6:std_rs485_sendErr	8	static
../Core/Inc/std_rs485_func.h:303:6:std_rs485_txProcess	8	static
../Core/Src/main.c:1715:4:x68_rxCrcCheck8	24	static
../Core/Src/main.c:1730:6:x68_massTxProcess	8	static
../Core/Src/main.c:1741:6:x68_txProcess	16	static
../Core/Src/main.c:1797:6:x68_txFreq	40	static
../Core/Src/main.c:1821:6:x68_txFreqNpwr	56	static
../Core/Src/main.c:1851:6:x68_txVal	16	static
../Core/Src/main.c:1861:6:x68_txEcho	16	static
../Core/Src/main.c:1873:6:x68_txData	16	static
../Core/Src/main.c:1933:6:HMC832_SetFractFrequency1	88	static
../Core/Src/main.c:2009:6:HMC832_SetExactFrequency	80	static
../Core/Src/main.c:2079:6:rfSensing	40	static,ignoring_inline_asm
../Core/Src/main.c:2264:4:x68_rxProcess	32	static
../Core/Src/main.c:2447:6:comm_rs485_rtxProcess	16	static
../Core/Src/main.c:2501:5:_write	32	static
../Core/Src/main.c:2546:13:My_ADC1_Init	56	static
../Core/Src/main.c:2592:6:HighSpeed_Pin_Init	40	static
../Core/Src/main.c:2620:20:DWT_Init	4	static
../Core/Src/main.c:2633:6:HAL_ADC_LevelOutOfWindowCallback	16	static
../Core/Src/main.c:2646:6:ADC1_AWD_Config_Code	48	static
../Core/Src/main.c:2680:5:main	32	static
../Core/Src/main.c:3052:6:SystemClock_Config	120	static
../Core/Src/main.c:3110:6:PeriphCommonClock_Config	192	static
../Core/Src/main.c:3139:13:MX_ADC1_Init	56	static
../Core/Src/main.c:3205:13:MX_DAC1_Init	48	static
../Core/Src/main.c:3246:13:MX_SPI1_Init	8	static
../Core/Src/main.c:3306:13:MX_SPI2_Init	8	static
../Core/Src/main.c:3354:13:MX_TIM3_Init	40	static
../Core/Src/main.c:3399:13:MX_TIM6_Init	24	static
../Core/Src/main.c:3437:13:MX_USART1_UART_Init	8	static
../Core/Src/main.c:3485:13:MX_USART3_UART_Init	8	static
../Core/Src/main.c:3533:13:MX_GPIO_Init	56	static
../Core/Src/main.c:3601:6:SPECIAL_MX_GPIO_Init	40	static
../Core/Src/main.c:3648:6:HAL_UART_RxCpltCallback	24	static
../Core/Src/main.c:3678:5:__io_putchar	16	static
../Core/Src/main.c:3690:6:Error_Handler	4	static,ignoring_inline_asm
